Component: ARM Compiler 5.06 update 6 (build 750) Tool: armlink [4d35ed]

==============================================================================

Section Cross References

    startup_stm32f303xc.o(RESET) refers to startup_stm32f303xc.o(STACK) for __initial_sp
    startup_stm32f303xc.o(RESET) refers to startup_stm32f303xc.o(.text) for Reset_Handler
    startup_stm32f303xc.o(RESET) refers to stm32f3xx_it.o(i.NMI_Handler) for NMI_Handler
    startup_stm32f303xc.o(RESET) refers to stm32f3xx_it.o(i.HardFault_Handler) for HardFault_Handler
    startup_stm32f303xc.o(RESET) refers to stm32f3xx_it.o(i.MemManage_Handler) for MemManage_Handler
    startup_stm32f303xc.o(RESET) refers to stm32f3xx_it.o(i.BusFault_Handler) for BusFault_Handler
    startup_stm32f303xc.o(RESET) refers to stm32f3xx_it.o(i.UsageFault_Handler) for UsageFault_Handler
    startup_stm32f303xc.o(RESET) refers to port.o(.emb_text) for SVC_Handler
    startup_stm32f303xc.o(RESET) refers to stm32f3xx_it.o(i.DebugMon_Handler) for DebugMon_Handler
    startup_stm32f303xc.o(RESET) refers to port.o(i.SysTick_Handler) for SysTick_Handler
    startup_stm32f303xc.o(RESET) refers to stm32f3xx_it.o(i.TIM1_UP_TIM16_IRQHandler) for TIM1_UP_TIM16_IRQHandler
    startup_stm32f303xc.o(RESET) refers to stm32f3xx_it.o(i.TIM2_IRQHandler) for TIM2_IRQHandler
    startup_stm32f303xc.o(RESET) refers to stm32f3xx_it.o(i.USART1_IRQHandler) for USART1_IRQHandler
    startup_stm32f303xc.o(RESET) refers to stm32f3xx_it.o(i.EXTI15_10_IRQHandler) for EXTI15_10_IRQHandler
    startup_stm32f303xc.o(.text) refers to system_stm32f3xx.o(i.SystemInit) for SystemInit
    startup_stm32f303xc.o(.text) refers to entry.o(.ARM.Collect$$$$00000000) for __main
    main.o(i.HAL_TIM_PeriodElapsedCallback) refers to stm32f3xx_hal.o(i.HAL_IncTick) for HAL_IncTick
    main.o(i.HAL_TIM_PeriodElapsedCallback) refers to lcd_init.o(i.lcd_BG_Control) for lcd_BG_Control
    main.o(i.HAL_TIM_PeriodElapsedCallback) refers to remote.o(i.REMOTE_TIM_PeriodElapsedCallback) for REMOTE_TIM_PeriodElapsedCallback
    main.o(i.HAL_TIM_PeriodElapsedCallback) refers to rtc.o(i.LocalTime_Update) for LocalTime_Update
    main.o(i.HAL_TIM_PeriodElapsedCallback) refers to rtc.o(i.SaveTimeToFRAM) for SaveTimeToFRAM
    main.o(i.HAL_TIM_PeriodElapsedCallback) refers to tim.o(.bss) for htim2
    main.o(i.HAL_TIM_PeriodElapsedCallback) refers to main.o(.data) for time_count
    main.o(i.SystemClock_Config) refers to memseta.o(.text) for __aeabi_memclr4
    main.o(i.SystemClock_Config) refers to stm32f3xx_hal_pwr.o(i.HAL_PWR_EnableBkUpAccess) for HAL_PWR_EnableBkUpAccess
    main.o(i.SystemClock_Config) refers to stm32f3xx_hal_rcc.o(i.HAL_RCC_OscConfig) for HAL_RCC_OscConfig
    main.o(i.SystemClock_Config) refers to main.o(i.Error_Handler) for Error_Handler
    main.o(i.SystemClock_Config) refers to stm32f3xx_hal_rcc.o(i.HAL_RCC_ClockConfig) for HAL_RCC_ClockConfig
    main.o(i.SystemClock_Config) refers to stm32f3xx_hal_rcc_ex.o(i.HAL_RCCEx_PeriphCLKConfig) for HAL_RCCEx_PeriphCLKConfig
    main.o(i.main) refers to stm32f3xx_hal.o(i.HAL_Init) for HAL_Init
    main.o(i.main) refers to appconfig.o(i.CheckResetSource) for CheckResetSource
    main.o(i.main) refers to main.o(i.SystemClock_Config) for SystemClock_Config
    main.o(i.main) refers to queue.o(i.xQueueGenericCreateStatic) for xQueueGenericCreateStatic
    main.o(i.main) refers to gpio.o(i.MX_GPIO_Init) for MX_GPIO_Init
    main.o(i.main) refers to rtc.o(i.MX_RTC_Init) for MX_RTC_Init
    main.o(i.main) refers to spi.o(i.MX_SPI1_Init) for MX_SPI1_Init
    main.o(i.main) refers to usart.o(i.MX_USART1_UART_Init) for MX_USART1_UART_Init
    main.o(i.main) refers to tim.o(i.MX_TIM2_Init) for MX_TIM2_Init
    main.o(i.main) refers to spi.o(i.MX_SPI2_Init) for MX_SPI2_Init
    main.o(i.main) refers to iwdg.o(i.MX_IWDG_Init) for MX_IWDG_Init
    main.o(i.main) refers to i2c.o(i.MX_I2C2_Init) for MX_I2C2_Init
    main.o(i.main) refers to i2c.o(i.MX_I2C1_Init) for MX_I2C1_Init
    main.o(i.main) refers to adc.o(i.MX_ADC1_Init) for MX_ADC1_Init
    main.o(i.main) refers to dac.o(i.MX_DAC_Init) for MX_DAC_Init
    main.o(i.main) refers to bsp_fram_driver.o(i.fram_init) for fram_init
    main.o(i.main) refers to usart.o(i.UART1_Init_IT) for UART1_Init_IT
    main.o(i.main) refers to rtc.o(i.Main_LocalTime_Update) for Main_LocalTime_Update
    main.o(i.main) refers to appconfig.o(i.System_CommonData_Init) for System_CommonData_Init
    main.o(i.main) refers to dac.o(i.dac_Out) for dac_Out
    main.o(i.main) refers to freertos.o(i.MX_FREERTOS_Init) for MX_FREERTOS_Init
    main.o(i.main) refers to cmsis_os.o(i.osKernelStart) for osKernelStart
    main.o(i.main) refers to main.o(.bss) for xAD7171SemBuffer
    main.o(i.main) refers to ad7171.o(.data) for ad7171_data_sem
    gpio.o(i.MX_GPIO_Init) refers to memseta.o(.text) for __aeabi_memclr4
    gpio.o(i.MX_GPIO_Init) refers to stm32f3xx_hal_gpio.o(i.HAL_GPIO_WritePin) for HAL_GPIO_WritePin
[...]
    vTaskDelay                               0x08011ad1   Thumb Code    82  tasks.o(i.vTaskDelay)
    vTaskInternalSetTimeOutState             0x08011b2d   Thumb Code    14  tasks.o(i.vTaskInternalSetTimeOutState)
    vTaskMissedYield                         0x08011b45   Thumb Code     8  tasks.o(i.vTaskMissedYield)
    vTaskPlaceOnEventList                    0x08011b51   Thumb Code    52  tasks.o(i.vTaskPlaceOnEventList)
    vTaskPriorityDisinheritAfterTimeout      0x08011b89   Thumb Code   230  tasks.o(i.vTaskPriorityDisinheritAfterTimeout)
    vTaskStartScheduler                      0x08011c7d   Thumb Code   146  tasks.o(i.vTaskStartScheduler)
    vTaskSuspendAll                          0x08011d2d   Thumb Code    12  tasks.o(i.vTaskSuspendAll)
    vTaskSwitchContext                       0x08011d3d   Thumb Code   118  tasks.o(i.vTaskSwitchContext)
    xPortStartScheduler                      0x08011dc9   Thumb Code   330  port.o(i.xPortStartScheduler)
    xQueueGenericCreateStatic                0x08011f31   Thumb Code   222  queue.o(i.xQueueGenericCreateStatic)
    xQueueGenericReset                       0x08012011   Thumb Code   146  queue.o(i.xQueueGenericReset)
    xQueueGiveFromISR                        0x080120a9   Thumb Code   224  queue.o(i.xQueueGiveFromISR)
    xQueueSemaphoreTake                      0x08012189   Thumb Code   434  queue.o(i.xQueueSemaphoreTake)
    xTaskCheckForTimeOut                     0x08012341   Thumb Code   132  tasks.o(i.xTaskCheckForTimeOut)
    xTaskCreate                              0x080123cd   Thumb Code   100  tasks.o(i.xTaskCreate)
    xTaskCreateStatic                        0x08012431   Thumb Code   184  tasks.o(i.xTaskCreateStatic)
    xTaskGetSchedulerState                   0x080124e9   Thumb Code    24  tasks.o(i.xTaskGetSchedulerState)
    xTaskGetTickCount                        0x08012509   Thumb Code     6  tasks.o(i.xTaskGetTickCount)
    xTaskIncrementTick                       0x08012515   Thumb Code   282  tasks.o(i.xTaskIncrementTick)
    xTaskPriorityInherit                     0x0801265d   Thumb Code   186  tasks.o(i.xTaskPriorityInherit)
    xTaskRemoveFromEventList                 0x08012725   Thumb Code   128  tasks.o(i.xTaskRemoveFromEventList)
    xTaskResumeAll                           0x080127bd   Thumb Code   224  tasks.o(i.xTaskResumeAll)
    aPLLMULFactorTable                       0x08012984   Data          16  stm32f3xx_hal_rcc.o(.constdata)
    aPredivFactorTable                       0x08012994   Data          16  stm32f3xx_hal_rcc.o(.constdata)
    AHBPrescTable                            0x080129a4   Data          16  system_stm32f3xx.o(.constdata)
    APBPrescTable                            0x080129b4   Data           8  system_stm32f3xx.o(.constdata)
    ascii_16X08                              0x080129cc   Data        1520  ui_font_ascii.o(.constdata)
    ascii_24X12                              0x08012fbc   Data        4560  ui_font_ascii.o(.constdata)
    ascii_32X16                              0x0801418c   Data        6080  ui_font_ascii.o(.constdata)
    ascii_16X08_lib                          0x0801594c   Data           8  ui_font_ascii.o(.constdata)
    ascii_24X12_lib                          0x08015954   Data           8  ui_font_ascii.o(.constdata)
    ascii_32X16_lib                          0x0801595c   Data           8  ui_font_ascii.o(.constdata)
    GUI_FontHZ24x24                          0x08019b38   Data          12  ui_font24.o(.constdata)
    GUI_FontHZ48x48                          0x0801a240   Data          12  ui_font48.o(.constdata)
    GUI_FontHZ64x64                          0x0801a258   Data          12  ui_font64.o(.constdata)
    GUI_FontC64x64                           0x0801abe8   Data          12  ui_fontc64.o(.constdata)
    __ctype_table                            0x0801abf4   Data         129  ctype_o.o(.constdata)
    Region$$Table$$Base                      0x0801b024   Number         0  anon$$obj.o(Region$$Table)
    Region$$Table$$Limit                     0x0801b054   Number         0  anon$$obj.o(Region$$Table)
    defaultTaskHandle                        0x20000004   Data           4  freertos.o(.data)
    guiTaskHandle                            0x20000008   Data           4  freertos.o(.data)
    keyTaskHandle                            0x2000000c   Data           4  freertos.o(.data)
    collectTaskHandle                        0x20000010   Data           4  freertos.o(.data)
    controlTaskHandle                        0x20000014   Data           4  freertos.o(.data)
    commTaskHandle                           0x20000018   Data           4  freertos.o(.data)
    resetTaskHandle                          0x2000001c   Data           4  freertos.o(.data)
    gDateTime                                0x20000020   Data           6  rtc.o(.data)
    uwTick                                   0x20000028   Data           4  stm32f3xx_hal.o(.data)
    uwTickPrio                               0x2000002c   Data           4  stm32f3xx_hal.o(.data)
    uwTickFreq                               0x20000030   Data           1  stm32f3xx_hal.o(.data)
    SystemCoreClock                          0x20000034   Data           4  system_stm32f3xx.o(.data)
    pxCurrentTCB                             0x20000038   Data           4  tasks.o(.data)
    ADChannel                                0x200000b0   Data           1  ad7171.o(.data)
    AD_Collect_count                         0x200000b1   Data           1  ad7171.o(.data)
    AD_Channel_Flag                          0x200000b2   Data           1  ad7171.o(.data)
    ad7171_data_sem                          0x200000b4   Data           4  ad7171.o(.data)
    adc_SelfCheck                            0x200000b8   Data           1  ad7171.o(.data)
    adc_TempCount                            0x200000bc   Data           2  collecttask.o(.data)
    adc_TempValue                            0x200000be   Data           2  collecttask.o(.data)
    gas_TempValue                            0x200000c0   Data           2  collecttask.o(.data)
    sht31_state                              0x200000c2   Data           1  collecttask.o(.data)
    i2c_error                                0x200000c3   Data           1  collecttask.o(.data)
    step                                     0x200000c4   Data           1  collecttask.o(.data)
    pre_error                                0x200000c5   Data           1  collecttask.o(.data)
    Date                                     0x200000c8   Data           4  appconfig.o(.data)
    Time                                     0x200000cc   Data           4  appconfig.o(.data)
    ZhuYe_Flag                               0x200000d0   Data           1  appconfig.o(.data)
    Win_Save_Flag                            0x200000d1   Data           1  appconfig.o(.data)
    g_StartupFlag                            0x200000d4   Data           4  appconfig.o(.data)
    g_SaveParamFlag                          0x200000d8   Data           2  appconfig.o(.data)
    gBootIapData                             0x200000dc   Data           8  appconfig.o(.data)
    ViewData_Baud                            0x200000e4   Data          20  appconfig.o(.data)
    Channel_Name_EN                          0x200000f8   Data         352  appconfig.o(.data)
    ViewData_Open                            0x20000258   Data           8  appconfig.o(.data)
    g_Digital                                0x20000264   Data           4  ui_base.o(.data)
    acCAD4                                   0x20000274   Data          72  ui_font24.o(.data)
    acB4AE                                   0x200002bc   Data          72  ui_font24.o(.data)
    acBFDA                                   0x20000304   Data          72  ui_font24.o(.data)
    acD4CB                                   0x2000034c   Data          72  ui_font24.o(.data)
    acCEAC                                   0x20000394   Data          72  ui_font24.o(.data)
    acCAB9                                   0x200003dc   Data          72  ui_font24.o(.data)
    acD3C3                                   0x20000424   Data          72  ui_font24.o(.data)
    acCFFB                                   0x2000046c   Data          72  ui_font24.o(.data)
    acD7A2                                   0x200004b4   Data          72  ui_font24.o(.data)
    acD2BA                                   0x200004fc   Data          72  ui_font24.o(.data)
    acD6D8                                   0x20000544   Data          72  ui_font24.o(.data)
    acD6F7                                   0x2000058c   Data          72  ui_font24.o(.data)
    acD2B3                                   0x200005d4   Data          72  ui_font24.o(.data)
    acBDE7                                   0x2000061c   Data          72  ui_font24.o(.data)
    acC3E6                                   0x20000664   Data          72  ui_font24.o(.data)
    acD2F2                                   0x200006ac   Data          72  ui_font24.o(.data)
    acD7D3                                   0x200006f4   Data          72  ui_font24.o(.data)
    acD2C6                                   0x2000073c   Data          72  ui_font24.o(.data)
    acC9FA                                   0x20000784   Data          72  ui_font24.o(.data)
    acB2FA                                   0x200007cc   Data          72  ui_font24.o(.data)
    TFtimflag                                0x20000818   Data           1  win_main.o(.data)
    Pape_Flag                                0x2000081a   Data           2  win_main.o(.data)
    Alarm_Test                               0x20000864   Data           1  win_main.o(.data)
    Record_Test                              0x20000865   Data           1  win_main.o(.data)
    g_SelAuth                                0x200008a8   Data           4  win_auth.o(.data)
    g_SelAuth_id                             0x200008ac   Data           1  win_auth.o(.data)
    MainMenuWidgetsList                      0x20000f20   Data          28  win_menu.o(.data)
    MainMenuWidgetsList_N                    0x20000f3c   Data          16  win_menu.o(.data)
    MainMenuWidgetsList_A                    0x20000f4c   Data          24  win_menu.o(.data)
    g_Menu1_ItemSelected                     0x20000f64   Data           2  win_menu.o(.data)
    IconList_N                               0x20000f68   Data          12  win_menu.o(.data)
    IconList_A                               0x20000f74   Data          20  win_menu.o(.data)
    IconList                                 0x20000f88   Data          24  win_menu.o(.data)
    g_SelectChannel                          0x200011b0   Data           2  win_current.o(.data)
    out20mA                                  0x200011b6   Data           1  win_current.o(.data)
    out4mA                                   0x200011b7   Data           1  win_current.o(.data)
    Current_Open                             0x200011b8   Data           1  win_current.o(.data)
    SysBaud                                  0x200011bc   Data           4  win_usart.o(.data)
    Use_Life                                 0x20001248   Data           2  win_life.o(.data)
    fram_SelfCheck                           0x2000130d   Data           1  bsp_fram_driver.o(.data)
    D1_Pres                                  0x20001310   Data           4  sht31.o(.data)
    D2_Temp                                  0x20001314   Data           4  sht31.o(.data)
    Press                                    0x20001318   Data           4  sht31.o(.data)
    dT                                       0x2000131c   Data           4  sht31.o(.data)
    Temperature                              0x20001320   Data           4  sht31.o(.data)
    T2                                       0x20001324   Data           4  sht31.o(.data)
    OFF                                      0x20001328   Data           8  sht31.o(.data)
    SENS                                     0x20001330   Data           8  sht31.o(.data)
    Aux                                      0x20001338   Data           4  sht31.o(.data)
    OFF2                                     0x2000133c   Data           4  sht31.o(.data)
    SENS2                                    0x20001340   Data           4  sht31.o(.data)
    _D1                                      0x20001344   Data           4  sht31.o(.data)
    _D2                                      0x20001348   Data           4  sht31.o(.data)
    IICSHT31                                 0x2000134c   Data           1  sht31.o(.data)
    IICMS5607                                0x2000134d   Data           1  sht31.o(.data)
    MS5607f                                  0x2000134e   Data           1  sht31.o(.data)
    _presbuf                                 0x2000134f   Data           3  sht31.o(.data)
    _tempbuf                                 0x20001352   Data           3  sht31.o(.data)
    xAD7171SemBuffer                         0x2000135c   Data          72  main.o(.bss)
    defaultTaskBuffer                        0x200013a4   Data         512  freertos.o(.bss)
    defaultTaskControlBlock                  0x200015a4   Data          84  freertos.o(.bss)
    guitaskBuffer                            0x200015f8   Data        2048  freertos.o(.bss)
    guitaskControlBlock                      0x20001df8   Data          84  freertos.o(.bss)
    keyTaskBuffer                            0x20001e4c   Data        1024  freertos.o(.bss)
    keyTaskControlBlock                      0x2000224c   Data          84  freertos.o(.bss)
    gasTaskBuffer                            0x200022a0   Data        2048  freertos.o(.bss)
    gasTaskControlBlock                      0x20002aa0   Data          84  freertos.o(.bss)
    ControlTaskBuffer                        0x20002af4   Data        1024  freertos.o(.bss)
    ControlTaskControlBlock                  0x20002ef4   Data          84  freertos.o(.bss)
    commTaskBuffer                           0x20002f48   Data        4096  freertos.o(.bss)
    commTaskControlBlock                     0x20003f48   Data          84  freertos.o(.bss)
    resetTaskBuffer                          0x20003f9c   Data         512  freertos.o(.bss)
    resetTaskControlBlock                    0x2000419c   Data          84  freertos.o(.bss)
    hadc1                                    0x20004444   Data          80  adc.o(.bss)
    hdac                                     0x20004494   Data          20  dac.o(.bss)
    hi2c1                                    0x200044a8   Data          76  i2c.o(.bss)
    hi2c2                                    0x200044f4   Data          76  i2c.o(.bss)
    hiwdg                                    0x20004540   Data          16  iwdg.o(.bss)
    hrtc                                     0x20004550   Data          32  rtc.o(.bss)
    hspi1                                    0x20004570   Data         100  spi.o(.bss)
    hspi2                                    0x200045d4   Data         100  spi.o(.bss)
    htim2                                    0x20004638   Data          76  tim.o(.bss)
    g_ModbusEntry                            0x20004684   Data         544  usart.o(.bss)
    huart1                                   0x200048a4   Data         132  usart.o(.bss)
    htim1                                    0x20004928   Data          76  stm32f3xx_hal_timebase_tim.o(.bss)
    gAlarmParam                              0x2000568c   Data          16  appconfig.o(.bss)
    gSystemData                              0x2000569c   Data         104  appconfig.o(.bss)
    gCalidata                                0x20005704   Data          80  appconfig.o(.bss)
    gFactoryCalidata                         0x20005754   Data          80  appconfig.o(.bss)
    hardKey                                  0x200057a4   Data          12  keytask.o(.bss)
    remoteKey                                0x200057b0   Data          12  keytask.o(.bss)
    _SEGGER_RTT                              0x200057bc   Data         168  segger_rtt.o(.bss)
    Channel_Config                           0x20005c74   Data         368  ad_config.o(.bss)
    gas_Data_Flag                            0x20005de4   Data          32  ad_config.o(.bss)
    gas_Channel                              0x20005e04   Data          64  ad_config.o(.bss)
    g_EditData                               0x20005e44   Data         204  ui_base.o(.bss)
    Sensor_SHT31                             0x20005f3c   Data          16  sht31.o(.bss)
    MS5607                                   0x20005f4c   Data          16  sht31.o(.bss)
    Cal_C                                    0x20005f5c   Data          14  sht31.o(.bss)
    __initial_sp                             0x20006370   Data           0  startup_stm32f303xc.o(STACK)



==============================================================================

Memory Map of the image

  Image Entry point : 0x08000189

  Load Region LR_IROM1 (Base: 0x08000000, Size: 0x0001c3b0, Max: 0x00020000, ABSOLUTE, COMPRESSED[0x0001b620])

    Execution Region ER_IROM1 (Exec base: 0x08000000, Load base: 0x08000000, Size: 0x0001b054, Max: 0x00020000, ABSOLUTE)

    Exec Addr    Load Addr    Size         Type   Attr      Idx    E Section Name        Object

    0x08000000   0x08000000   0x00000188   Data   RO            3    RESET               startup_stm32f303xc.o
    0x08000188   0x08000188   0x00000000   Code   RO        10451  * .ARM.Collect$$$$00000000  mc_w.l(entry.o)
    0x08000188   0x08000188   0x00000004   Code   RO        10782    .ARM.Collect$$$$00000001  mc_w.l(entry2.o)
    0x0800018c   0x0800018c   0x00000004   Code   RO        10785    .ARM.Collect$$$$00000004  mc_w.l(entry5.o)
    0x08000190   0x08000190   0x00000000   Code   RO        10787    .ARM.Collect$$$$00000008  mc_w.l(entry7b.o)
    0x08000190   0x08000190   0x00000000   Code   RO        10789    .ARM.Collect$$$$0000000A  mc_w.l(entry8b.o)
    0x08000190   0x08000190   0x00000008   Code   RO        10790    .ARM.Collect$$$$0000000B  mc_w.l(entry9a.o)
    0x08000198   0x08000198   0x00000000   Code   RO        10792    .ARM.Collect$$$$0000000D  mc_w.l(entry10a.o)
    0x08000198   0x08000198   0x00000000   Code   RO        10794    .ARM.Collect$$$$0000000F  mc_w.l(entry11a.o)
    0x08000198   0x08000198   0x00000004   Code   RO        10783    .ARM.Collect$$$$00002712  mc_w.l(entry2.o)
    0x0800019c   0x0800019c   0x000000be   Code   RO         6921    .emb_text           port.o
    0x0800025a   0x0800025a   0x00000002   PAD
    0x0800025c   0x0800025c   0x00000024   Code   RO            4    .text               startup_stm32f303xc.o
    0x08000280   0x08000280   0x00000062   Code   RO        10454    .text               mc_w.l(uldiv.o)
    0x080002e2   0x080002e2   0x00000020   Code   RO        10456    .text               mc_w.l(llushr.o)
    0x08000302   0x08000302   0x00000024   Code   RO        10461    .text               mc_w.l(memcpya.o)
    0x08000326   0x08000326   0x00000024   Code   RO        10465    .text               mc_w.l(memseta.o)
    0x0800034a   0x0800034a   0x0000000e   Code   RO        10467    .text               mc_w.l(strlen.o)
    0x08000358   0x08000358   0x00000012   Code   RO        10469    .text               mc_w.l(strcpy.o)
    0x0800036a   0x0800036a   0x0000001a   Code   RO        10762    .text               mc_w.l(atoi.o)
    0x08000384   0x08000384   0x0000001a   Code   RO        10764    .text               mc_w.l(atoll.o)
    0x0800039e   0x0800039e   0x0000014e   Code   RO        10766    .text               mf_w.l(dadd.o)
    0x080004ec   0x080004ec   0x000000e4   Code   RO        10768    .text               mf_w.l(dmul.o)
    0x080005d0   0x080005d0   0x000000de   Code   RO        10770    .text               mf_w.l(ddiv.o)
    0x080006ae   0x080006ae   0x0000002c   Code   RO        10772    .text               mf_w.l(ffltl.o)
    0x080006da   0x080006da   0x0000001a   Code   RO        10774    .text               mf_w.l(dfltui.o)
    0x080006f4   0x080006f4   0x00000028   Code   RO        10776    .text               mf_w.l(dfltl.o)
    0x0800071c   0x0800071c   0x00000026   Code   RO        10778    .text               mf_w.l(f2d.o)
    0x08000742   0x08000742   0x00000038   Code   RO        10780    .text               mf_w.l(d2f.o)
    0x0800077a   0x0800077a   0x0000002c   Code   RO        10799    .text               mc_w.l(uidiv.o)
    0x080007a6   0x080007a6   0x0000001e   Code   RO        10801    .text               mc_w.l(llshl.o)
    0x080007c4   0x080007c4   0x00000024   Code   RO        10803    .text               mc_w.l(llsshr.o)
    0x080007e8   0x080007e8   0x0000009c   Code   RO        10814    .text               mc_w.l(strtod.o)
    0x08000884   0x08000884   0x00000070   Code   RO        10816    .text               mc_w.l(strtol.o)
    0x080008f4   0x080008f4   0x00000090   Code   RO        10818    .text               mc_w.l(__strtoll.o)
    0x08000984   0x08000984   0x00000000   Code   RO        10820    .text               mc_w.l(iusefp.o)
    0x08000984   0x08000984   0x0000006e   Code   RO        10821    .text               mf_w.l(fepilogue.o)
    0x080009f2   0x080009f2   0x000000ba   Code   RO        10823    .text               mf_w.l(depilogue.o)
    0x08000aac   0x08000aac   0x00000030   Code   RO        10825    .text               mf_w.l(dfixul.o)
    0x08000adc   0x08000adc   0x00000030   Code   RO        10827    .text               mf_w.l(cdrcmple.o)
    0x08000b0c   0x08000b0c   0x00000024   Code   RO        10829    .text               mc_w.l(init.o)
    0x08000b30   0x08000b30   0x00000008   Code   RO        10834    .text               mc_w.l(ctype_o.o)
    0x08000b38   0x08000b38   0x00000012   Code   RO        10856    .text               mc_w.l(isspace_o.o)
    0x08000b4a   0x08000b4a   0x00000002   PAD
    0x08000b4c   0x08000b4c   0x00000360   Code   RO        10862    .text               mc_w.l(scanf_fp.o)
    0x08000eac   0x08000eac   0x00000040   Code   RO        10866    .text               mc_w.l(_sgetc.o)
    0x08000eec   0x08000eec   0x0000009e   Code   RO        10868    .text               mc_w.l(_strtoul.o)
    0x08000f8a   0x08000f8a   0x000000c2   Code   RO        10870    .text               mc_w.l(_strtoull.o)
    0x0800104c   0x0800104c   0x0000001c   Code   RO        10876    .text               mc_w.l(_chval.o)
    0x08001068   0x08001068   0x00000018   Code   RO        10878    .text               mf_w.l(dfltul.o)
    0x08001080   0x08001080   0x0000005e   Code   RO        10888    .text               mc_w.l(__dclz77c.o)
    0x080010de   0x080010de   0x00000002   PAD
    0x080010e0   0x080010e0   0x0000003c   Code   RO         7001    i.AD7171_Check      ad7171.o
    0x0800111c   0x0800111c   0x00000270   Code   RO         7002    i.AD7171_CollectHandle  ad7171.o
    0x0800138c   0x0800138c   0x00000018   Code   RO         7003    i.AD7171_DelayUs    ad7171.o
    0x080013a4   0x080013a4   0x00000074   Code   RO         7004    i.AD7171_ReadWord   ad7171.o
    0x08001418   0x08001418   0x00000074   Code   RO         7005    i.AD7171_ReadWord2  ad7171.o
    0x0800148c   0x0800148c   0x000000a2   Code   RO         1339    i.ADC_Disable       stm32f3xx_hal_adc_ex.o
    0x0800152e   0x0800152e   0x00000002   PAD
    0x08001530   0x08001530   0x0000009c   Code   RO         1340    i.ADC_Enable        stm32f3xx_hal_adc_ex.o
    0x080015cc   0x080015cc   0x00000038   Code   RO         9084    i.AuthCheck         win_auth.o
    0x08001604   0x08001604   0x00000034   Code   RO         9085    i.AuthExpand        win_auth.o
    0x08001638   0x08001638   0x00000054   Code   RO         7006    i.BSP_AD7171_GetResult  ad7171.o
    0x0800168c   0x0800168c   0x00000048   Code   RO         7007    i.BSP_AD7171_GetResult2  ad7171.o
    0x080016d4   0x080016d4   0x0000002a   Code   RO         7008    i.BSP_AD7171_Init   ad7171.o
    0x080016fe   0x080016fe   0x00000004   Code   RO         1040    i.BusFault_Handler  stm32f3xx_it.o
    0x08001702   0x08001702   0x00000002   PAD
    0x08001704   0x08001704   0x000000e0   Code   RO         7082    i.COLLECT_Task      collecttask.o
    0x080017e4   0x080017e4   0x00000038   Code   RO         7207    i.COMM_Task         commtask.o
    0x0800181c   0x0800181c   0x00000018   Code   RO          334    i.CONTROL_StartTask  freertos.o
    0x08001834   0x08001834   0x000003e0   Code   RO         7234    i.CheckResetSource  appconfig.o
    0x08001c14   0x08001c14   0x0000011c   Code   RO         9410    i.CreateFieldEdit   win_information.o
    0x08001d30   0x08001d30   0x00000002   Code   RO         1041    i.DebugMon_Handler  stm32f3xx_it.o
    0x08001d32   0x08001d32   0x00000002   PAD
    0x08001d34   0x08001d34   0x0000003c   Code   RO         1042    i.EXTI15_10_IRQHandler  stm32f3xx_it.o
    0x08001d70   0x08001d70   0x00000006   Code   RO           13    i.Error_Handler     main.o
    0x08001d76   0x08001d76   0x00000002   PAD
    0x08001d78   0x08001d78   0x00000090   Code   RO         7158    i.GUI_Task          guitask.o
    0x08001e08   0x08001e08   0x00000034   Code   RO         7083    i.Gas_CalcTemp      collecttask.o
    0x08001e3c   0x08001e3c   0x00000254   Code   RO         9411    i.Gas_SNname        win_information.o
    0x08002090   0x08002090   0x00000010   Code   RO         7236    i.GetDeviceType     appconfig.o
    0x080020a0   0x080020a0   0x0000000c   Code   RO         7237    i.GetSoftwareVersion  appconfig.o
    0x080020ac   0x080020ac   0x000000bc   Code   RO         1343    i.HAL_ADCEx_Calibration_Start  stm32f3xx_hal_adc_ex.o
    0x08002168   0x08002168   0x00000188   Code   RO         1355    i.HAL_ADCEx_MultiModeConfigChannel  stm32f3xx_hal_adc_ex.o
    0x080022f0   0x080022f0   0x00000468   Code   RO         1364    i.HAL_ADC_ConfigChannel  stm32f3xx_hal_adc_ex.o
    0x08002758   0x08002758   0x00000008   Code   RO         1366    i.HAL_ADC_GetValue  stm32f3xx_hal_adc_ex.o
    0x08002760   0x08002760   0x000002e0   Code   RO         1368    i.HAL_ADC_Init      stm32f3xx_hal_adc_ex.o
    0x08002a40   0x08002a40   0x0000002c   Code   RO          423    i.HAL_ADC_MspInit   adc.o
    0x08002a6c   0x08002a6c   0x000001b4   Code   RO         1371    i.HAL_ADC_Start     stm32f3xx_hal_adc_ex.o
    0x08002c20   0x08002c20   0x0000005a   Code   RO         3301    i.HAL_DAC_ConfigChannel  stm32f3xx_hal_dac_ex.o
    0x08002c7a   0x08002c7a   0x00000028   Code   RO         3172    i.HAL_DAC_Init      stm32f3xx_hal_dac.o
    0x08002ca2   0x08002ca2   0x00000002   PAD
    0x08002ca4   0x08002ca4   0x00000070   Code   RO          465    i.HAL_DAC_MspInit   dac.o
    0x08002d14   0x08002d14   0x0000002c   Code   RO         3304    i.HAL_DAC_SetValue  stm32f3xx_hal_dac_ex.o
    0x08002d40   0x08002d40   0x0000006c   Code   RO         3305    i.HAL_DAC_Start     stm32f3xx_hal_dac_ex.o
    0x08002dac   0x08002dac   0x00000054   Code   RO         1988    i.HAL_DMA_Abort     stm32f3xx_hal_dma.o
    0x08002e00   0x08002e00   0x00000058   Code   RO         1989    i.HAL_DMA_Abort_IT  stm32f3xx_hal_dma.o
    0x08002e58   0x08002e58   0x00000028   Code   RO         1606    i.HAL_Delay         stm32f3xx_hal.o
    0x08002e80   0x08002e80   0x00000118   Code   RO         1920    i.HAL_GPIO_DeInit   stm32f3xx_hal_gpio.o
    0x08002f98   0x08002f98   0x00000002   Code   RO         1921    i.HAL_GPIO_EXTI_Callback  stm32f3xx_hal_gpio.o
    0x08002f9a   0x08002f9a   0x00000002   PAD
    0x08002f9c   0x08002f9c   0x0000001c   Code   RO         1922    i.HAL_GPIO_EXTI_IRQHandler  stm32f3xx_hal_gpio.o
    0x08002fb8   0x08002fb8   0x000001bc   Code   RO         1923    i.HAL_GPIO_Init     stm32f3xx_hal_gpio.o
    0x08003174   0x08003174   0x00000010   Code   RO         1925    i.HAL_GPIO_ReadPin  stm32f3xx_hal_gpio.o
    0x08003184   0x08003184   0x00000014   Code   RO         1926    i.HAL_GPIO_TogglePin  stm32f3xx_hal_gpio.o
    0x08003198   0x08003198   0x0000000a   Code   RO         1927    i.HAL_GPIO_WritePin  stm32f3xx_hal_gpio.o
    0x080031a2   0x080031a2   0x00000002   PAD
    0x080031a4   0x080031a4   0x0000000c   Code   RO         1610    i.HAL_GetTick       stm32f3xx_hal.o
    0x080031b0   0x080031b0   0x0000006a   Code   RO         3035    i.HAL_I2CEx_ConfigAnalogFilter  stm32f3xx_hal_i2c_ex.o
    0x0800321a   0x0800321a   0x00000068   Code   RO         3036    i.HAL_I2CEx_ConfigDigitalFilter  stm32f3xx_hal_i2c_ex.o
    0x08003282   0x08003282   0x0000003c   Code   RO         2575    i.HAL_I2C_DeInit    stm32f3xx_hal_i2c.o
    0x080032be   0x080032be   0x00000002   PAD
    0x080032c0   0x080032c0   0x000000c4   Code   RO         2584    i.HAL_I2C_Init      stm32f3xx_hal_i2c.o
    0x08003384   0x08003384   0x0000017a   Code   RO         2585    i.HAL_I2C_IsDeviceReady  stm32f3xx_hal_i2c.o
    0x080034fe   0x080034fe   0x00000002   PAD
    0x08003500   0x08003500   0x00000164   Code   RO         2590    i.HAL_I2C_Master_Receive  stm32f3xx_hal_i2c.o
    0x08003664   0x08003664   0x00000160   Code   RO         2597    i.HAL_I2C_Master_Transmit  stm32f3xx_hal_i2c.o
    0x080037c4   0x080037c4   0x00000068   Code   RO          518    i.HAL_I2C_MspDeInit  i2c.o
    0x0800382c   0x0800382c   0x000000e0   Code   RO          519    i.HAL_I2C_MspInit   i2c.o
    0x0800390c   0x0800390c   0x00000070   Code   RO         3419    i.HAL_IWDG_Init     stm32f3xx_hal_iwdg.o
    0x0800397c   0x0800397c   0x0000000e   Code   RO         3420    i.HAL_IWDG_Refresh  stm32f3xx_hal_iwdg.o
    0x0800398a   0x0800398a   0x00000002   PAD
    0x0800398c   0x0800398c   0x00000018   Code   RO         1616    i.HAL_IncTick       stm32f3xx_hal.o
    0x080039a4   0x080039a4   0x00000028   Code   RO         1617    i.HAL_Init          stm32f3xx_hal.o
    0x080039cc   0x080039cc   0x0000009c   Code   RO         1146    i.HAL_InitTick      stm32f3xx_hal_timebase_tim.o
    0x08003a68   0x08003a68   0x00000048   Code   RO         1122    i.HAL_MspInit       stm32f3xx_hal_msp.o
    0x08003ab0   0x08003ab0   0x00000044   Code   RO         2090    i.HAL_NVIC_DisableIRQ  stm32f3xx_hal_cortex.o
    0x08003af4   0x08003af4   0x00000020   Code   RO         2091    i.HAL_NVIC_EnableIRQ  stm32f3xx_hal_cortex.o
    0x08003b14   0x08003b14   0x0000007c   Code   RO         2097    i.HAL_NVIC_SetPriority  stm32f3xx_hal_cortex.o
    0x08003b90   0x08003b90   0x00000028   Code   RO         2098    i.HAL_NVIC_SetPriorityGrouping  stm32f3xx_hal_cortex.o
    0x08003bb8   0x08003bb8   0x00000044   Code   RO         2099    i.HAL_NVIC_SystemReset  stm32f3xx_hal_cortex.o
    0x08003bfc   0x08003bfc   0x00000014   Code   RO         2231    i.HAL_PWR_EnableBkUpAccess  stm32f3xx_hal_pwr.o
    0x08003c10   0x08003c10   0x000002e4   Code   RO         1880    i.HAL_RCCEx_PeriphCLKConfig  stm32f3xx_hal_rcc_ex.o
    0x08003ef4   0x08003ef4   0x000002ac   Code   RO         1774    i.HAL_RCC_ClockConfig  stm32f3xx_hal_rcc.o
    0x080041a0   0x080041a0   0x00000044   Code   RO         1778    i.HAL_RCC_GetClockConfig  stm32f3xx_hal_rcc.o
    0x080041e4   0x080041e4   0x0000000c   Code   RO         1779    i.HAL_RCC_GetHCLKFreq  stm32f3xx_hal_rcc.o
    0x080041f0   0x080041f0   0x0000002c   Code   RO         1781    i.HAL_RCC_GetPCLK1Freq  stm32f3xx_hal_rcc.o
    0x0800421c   0x0800421c   0x0000002c   Code   RO         1782    i.HAL_RCC_GetPCLK2Freq  stm32f3xx_hal_rcc.o
    0x08004248   0x08004248   0x000000a0   Code   RO         1783    i.HAL_RCC_GetSysClockFreq  stm32f3xx_hal_rcc.o
    0x080042e8   0x080042e8   0x00000a24   Code   RO         1786    i.HAL_RCC_OscConfig  stm32f3xx_hal_rcc.o
    0x08004d0c   0x08004d0c   0x00000012   Code   RO         3618    i.HAL_RTCEx_BKUPRead  stm32f3xx_hal_rtc_ex.o
    0x08004d1e   0x08004d1e   0x00000012   Code   RO         3619    i.HAL_RTCEx_BKUPWrite  stm32f3xx_hal_rtc_ex.o
    0x08004d30   0x08004d30   0x0000004c   Code   RO         3459    i.HAL_RTC_GetDate   stm32f3xx_hal_rtc.o
    0x08004d7c   0x08004d7c   0x00000060   Code   RO         3461    i.HAL_RTC_GetTime   stm32f3xx_hal_rtc.o
    0x08004ddc   0x08004ddc   0x000000d8   Code   RO         3462    i.HAL_RTC_Init      stm32f3xx_hal_rtc.o
    0x08004eb4   0x08004eb4   0x00000028   Code   RO          603    i.HAL_RTC_MspInit   rtc.o
    0x08004edc   0x08004edc   0x000001cc   Code   RO         3466    i.HAL_RTC_SetAlarm  stm32f3xx_hal_rtc.o
    0x080050a8   0x080050a8   0x00000104   Code   RO         3468    i.HAL_RTC_SetDate   stm32f3xx_hal_rtc.o
    0x080051ac   0x080051ac   0x0000012c   Code   RO         3469    i.HAL_RTC_SetTime   stm32f3xx_hal_rtc.o
    0x080052d8   0x080052d8   0x0000003a   Code   RO         3470    i.HAL_RTC_WaitForSynchro  stm32f3xx_hal_rtc.o
    0x08005312   0x08005312   0x00000036   Code   RO         3851    i.HAL_SPI_DeInit    stm32f3xx_hal_spi.o
    0x08005348   0x08005348   0x000000fc   Code   RO         3856    i.HAL_SPI_Init      stm32f3xx_hal_spi.o
    0x08005444   0x08005444   0x0000005c   Code   RO          863    i.HAL_SPI_MspDeInit  spi.o
    0x080054a0   0x080054a0   0x00000114   Code   RO          864    i.HAL_SPI_MspInit   spi.o
    0x080055b4   0x080055b4   0x000001ea   Code   RO         3864    i.HAL_SPI_Transmit  stm32f3xx_hal_spi.o
    0x0800579e   0x0800579e   0x00000002   Code   RO         4923    i.HAL_TIMEx_Break2Callback  stm32f3xx_hal_tim_ex.o
    0x080057a0   0x080057a0   0x00000002   Code   RO         4924    i.HAL_TIMEx_BreakCallback  stm32f3xx_hal_tim_ex.o
    0x080057a2   0x080057a2   0x00000002   Code   RO         4925    i.HAL_TIMEx_CommutCallback  stm32f3xx_hal_tim_ex.o
    0x080057a4   0x080057a4   0x000000b4   Code   RO         4944    i.HAL_TIMEx_MasterConfigSynchronization  stm32f3xx_hal_tim_ex.o
    0x08005858   0x08005858   0x0000006e   Code   RO         4198    i.HAL_TIM_Base_Init  stm32f3xx_hal_tim.o
    0x080058c6   0x080058c6   0x00000002   Code   RO         4200    i.HAL_TIM_Base_MspInit  stm32f3xx_hal_tim.o
    0x080058c8   0x080058c8   0x0000009c   Code   RO         4203    i.HAL_TIM_Base_Start_IT  stm32f3xx_hal_tim.o
    0x08005964   0x08005964   0x00000160   Code   RO        10037    i.HAL_TIM_IC_CaptureCallback  remote.o
    0x08005ac4   0x08005ac4   0x000000de   Code   RO         4234    i.HAL_TIM_IC_ConfigChannel  stm32f3xx_hal_tim.o
    0x08005ba2   0x08005ba2   0x0000006e   Code   RO         4237    i.HAL_TIM_IC_Init   stm32f3xx_hal_tim.o
    0x08005c10   0x08005c10   0x00000002   Code   RO         4239    i.HAL_TIM_IC_MspInit  stm32f3xx_hal_tim.o
    0x08005c12   0x08005c12   0x00000002   PAD
    0x08005c14   0x08005c14   0x000001b0   Code   RO         4242    i.HAL_TIM_IC_Start_IT  stm32f3xx_hal_tim.o
    0x08005dc4   0x08005dc4   0x000001b8   Code   RO         4246    i.HAL_TIM_IRQHandler  stm32f3xx_hal_tim.o
    0x08005f7c   0x08005f7c   0x00000054   Code   RO          911    i.HAL_TIM_MspPostInit  tim.o
    0x08005fd0   0x08005fd0   0x00000002   Code   RO         4249    i.HAL_TIM_OC_DelayElapsedCallback  stm32f3xx_hal_tim.o
    0x08005fd2   0x08005fd2   0x00000170   Code   RO         4270    i.HAL_TIM_PWM_ConfigChannel  stm32f3xx_hal_tim.o
    0x08006142   0x08006142   0x0000006e   Code   RO         4273    i.HAL_TIM_PWM_Init  stm32f3xx_hal_tim.o
    0x080061b0   0x080061b0   0x00000084   Code   RO          913    i.HAL_TIM_PWM_MspInit  tim.o
    0x08006234   0x08006234   0x00000002   Code   RO         4276    i.HAL_TIM_PWM_PulseFinishedCallback  stm32f3xx_hal_tim.o
    0x08006236   0x08006236   0x00000002   PAD
    0x08006238   0x08006238   0x00000060   Code   RO           14    i.HAL_TIM_PeriodElapsedCallback  main.o
    0x08006298   0x08006298   0x00000032   Code   RO         4286    i.HAL_TIM_ReadCapturedValue  stm32f3xx_hal_tim.o
    0x080062ca   0x080062ca   0x00000002   Code   RO         4289    i.HAL_TIM_TriggerCallback  stm32f3xx_hal_tim.o
    0x080062cc   0x080062cc   0x00000002   Code   RO         5211    i.HAL_UARTEx_RxEventCallback  stm32f3xx_hal_uart.o
    0x080062ce   0x080062ce   0x00000002   Code   RO         5607    i.HAL_UARTEx_WakeupCallback  stm32f3xx_hal_uart_ex.o
    0x080062d0   0x080062d0   0x00000002   Code   RO         5227    i.HAL_UART_ErrorCallback  stm32f3xx_hal_uart.o
    0x080062d2   0x080062d2   0x00000002   PAD
    0x080062d4   0x080062d4   0x00000344   Code   RO         5230    i.HAL_UART_IRQHandler  stm32f3xx_hal_uart.o
    0x08006618   0x08006618   0x00000074   Code   RO         5231    i.HAL_UART_Init     stm32f3xx_hal_uart.o
    0x0800668c   0x0800668c   0x00000088   Code   RO          960    i.HAL_UART_MspInit  usart.o
    0x08006714   0x08006714   0x0000010c   Code   RO         5234    i.HAL_UART_Receive  stm32f3xx_hal_uart.o
    0x08006820   0x08006820   0x000000d2   Code   RO         5240    i.HAL_UART_Transmit  stm32f3xx_hal_uart.o
    0x080068f2   0x080068f2   0x00000002   Code   RO         5243    i.HAL_UART_TxCpltCallback  stm32f3xx_hal_uart.o
    0x080068f4   0x080068f4   0x00000004   Code   RO         1043    i.HardFault_Handler  stm32f3xx_it.o
    0x080068f8   0x080068f8   0x00000028   Code   RO         2631    i.I2C_Flush_TXDR    stm32f3xx_hal_i2c.o
    0x08006920   0x08006920   0x000000b4   Code   RO         2639    i.I2C_IsAcknowledgeFailed  stm32f3xx_hal_i2c.o
    0x080069d4   0x080069d4   0x00000034   Code   RO         2646    i.I2C_TransferConfig  stm32f3xx_hal_i2c.o
    0x08006a08   0x08006a08   0x0000005e   Code   RO         2648    i.I2C_WaitOnFlagUntilTimeout  stm32f3xx_hal_i2c.o
    0x08006a66   0x08006a66   0x00000002   PAD
    0x08006a68   0x08006a68   0x000000a0   Code   RO         2649    i.I2C_WaitOnRXNEFlagUntilTimeout  stm32f3xx_hal_i2c.o
    0x08006b08   0x08006b08   0x00000056   Code   RO         2650    i.I2C_WaitOnSTOPFlagUntilTimeout  stm32f3xx_hal_i2c.o
    0x08006b5e   0x08006b5e   0x0000005a   Code   RO         2651    i.I2C_WaitOnTXISFlagUntilTimeout  stm32f3xx_hal_i2c.o
    0x08006bb8   0x08006bb8   0x00000044   Code   RO        10297    i.IIC_Start         sht31.o
    0x08006bfc   0x08006bfc   0x00000044   Code   RO        10298    i.IIC_Stop          sht31.o
    0x08006c40   0x08006c40   0x00000024   Code   RO         7319    i.KEY_Task          keytask.o
    0x08006c64   0x08006c64   0x0000003a   Code   RO         7773    i.LCD_Address_Set   lcd_init.o
    0x08006c9e   0x08006c9e   0x0000004a   Code   RO         7743    i.LCD_Fill          lcd.o
    0x08006ce8   0x08006ce8   0x000000d4   Code   RO         7774    i.LCD_GPIO_Init     lcd_init.o
    0x08006dbc   0x08006dbc   0x000001a4   Code   RO         7775    i.LCD_Init          lcd_init.o
    0x08006f60   0x08006f60   0x00000012   Code   RO         7776    i.LCD_WR_DATA       lcd_init.o
    0x08006f72   0x08006f72   0x0000000c   Code   RO         7777    i.LCD_WR_DATA8      lcd_init.o
    0x08006f7e   0x08006f7e   0x00000024   Code   RO         7778    i.LCD_WR_REG        lcd_init.o
    0x08006fa2   0x08006fa2   0x00000002   PAD
    0x08006fa4   0x08006fa4   0x00000068   Code   RO         7779    i.LCD_Writ_Bus      lcd_init.o
    0x0800700c   0x0800700c   0x00000068   Code   RO          604    i.LocalTime_SetRTC  rtc.o
    0x08007074   0x08007074   0x0000004c   Code   RO          605    i.LocalTime_Update  rtc.o
    0x080070c0   0x080070c0   0x00000058   Code   RO        10301    i.MS56XX_Do_Conversion_Pres  sht31.o
    0x08007118   0x08007118   0x00000058   Code   RO        10302    i.MS56XX_Do_Conversion_Temp  sht31.o
    0x08007170   0x08007170   0x00000400   Code   RO        10303    i.MS56XX_GetPressure  sht31.o
    0x08007570   0x08007570   0x000000f0   Code   RO        10304    i.MS56XX_GetTemperature  sht31.o
    0x08007660   0x08007660   0x0000004c   Code   RO        10306    i.MS56XX_Read_Buf   sht31.o
    0x080076ac   0x080076ac   0x00000060   Code   RO        10308    i.MX56XX_Read_Prom_Data  sht31.o
    0x0800770c   0x0800770c   0x0000009c   Code   RO          424    i.MX_ADC1_Init      adc.o
    0x080077a8   0x080077a8   0x0000003c   Code   RO          466    i.MX_DAC_Init       dac.o
    0x080077e4   0x080077e4   0x000000d0   Code   RO          337    i.MX_FREERTOS_Init  freertos.o
    0x080078b4   0x080078b4   0x000001bc   Code   RO          299    i.MX_GPIO_Init      gpio.o
    0x08007a70   0x08007a70   0x00000058   Code   RO          520    i.MX_I2C1_Init      i2c.o
    0x08007ac8   0x08007ac8   0x00000058   Code   RO          521    i.MX_I2C2_Init      i2c.o
    0x08007b20   0x08007b20   0x00000010   Code   RO          566    i.MX_IWDG_Feed      iwdg.o
    0x08007b30   0x08007b30   0x0000002c   Code   RO          567    i.MX_IWDG_Init      iwdg.o
    0x08007b5c   0x08007b5c   0x00000104   Code   RO          606    i.MX_RTC_Init       rtc.o
    0x08007c60   0x08007c60   0x00000054   Code   RO          865    i.MX_SPI1_Init      spi.o
    0x08007cb4   0x08007cb4   0x00000050   Code   RO          866    i.MX_SPI2_Init      spi.o
    0x08007d04   0x08007d04   0x000000b4   Code   RO          914    i.MX_TIM2_Init      tim.o
    0x08007db8   0x08007db8   0x00000040   Code   RO          961    i.MX_USART1_UART_Init  usart.o
    0x08007df8   0x08007df8   0x000003a4   Code   RO         9158    i.MainMenu_Callback  win_menu.o
    0x0800819c   0x0800819c   0x00000370   Code   RO         9159    i.MainMenu_Callback_A  win_menu.o
    0x0800850c   0x0800850c   0x00000320   Code   RO         9160    i.MainMenu_Callback_N  win_menu.o
    0x0800882c   0x0800882c   0x00000030   Code   RO         9161    i.MainMenu_Create   win_menu.o
    0x0800885c   0x0800885c   0x00000030   Code   RO         9162    i.MainMenu_Create_A  win_menu.o
    0x0800888c   0x0800888c   0x00000030   Code   RO         9163    i.MainMenu_Create_N  win_menu.o
    0x080088bc   0x080088bc   0x00000070   Code   RO         9164    i.MainMenu_InitWidgetsList  win_menu.o
    0x0800892c   0x0800892c   0x00000064   Code   RO         9165    i.MainMenu_InitWidgetsList_A  win_menu.o
    0x08008990   0x08008990   0x0000004c   Code   RO         9166    i.MainMenu_InitWidgetsList_N  win_menu.o
    0x080089dc   0x080089dc   0x00000140   Code   RO         8970    i.MainWin_Callback  win_main.o
    0x08008b1c   0x08008b1c   0x00000034   Code   RO         8971    i.MainWin_Create    win_main.o
    0x08008b50   0x08008b50   0x00000034   Code   RO         8972    i.MainWin_Init      win_main.o
    0x08008b84   0x08008b84   0x00000104   Code   RO         8973    i.MainWin_Paint     win_main.o
    0x08008c88   0x08008c88   0x0000002c   Code   RO         8974    i.MainWin_TimerCallback  win_main.o
    0x08008cb4   0x08008cb4   0x00000054   Code   RO         8975    i.MainWin_Update    win_main.o
    0x08008d08   0x08008d08   0x00000128   Code   RO         8976    i.MainWin_UpdateIconBar  win_main.o
    0x08008e30   0x08008e30   0x000000ec   Code   RO         8977    i.MainWin_UpdateStatusBar  win_main.o
    0x08008f1c   0x08008f1c   0x00000110   Code   RO         8978    i.MainWin_UpdateTimeBar  win_main.o
    0x0800902c   0x0800902c   0x00000058   Code   RO         8979    i.MainWin_UpdateTitleBar  win_main.o
    0x08009084   0x08009084   0x00000174   Code   RO         8980    i.MainWin_UpdateViewData  win_main.o
    0x080091f8   0x080091f8   0x0000016e   Code   RO         8981    i.MainWin_UpdateViewData_LeftName  win_main.o
    0x08009366   0x08009366   0x00000002   PAD
    0x08009368   0x08009368   0x000000a4   Code   RO         8982    i.MainWin_UpdateViewData_Master  win_main.o
    0x0800940c   0x0800940c   0x00000058   Code   RO          607    i.Main_LocalTime_Update  rtc.o
    0x08009464   0x08009464   0x00000004   Code   RO         1044    i.MemManage_Handler  stm32f3xx_it.o
    0x08009468   0x08009468   0x00000004   Code   RO         1045    i.NMI_Handler       stm32f3xx_it.o
    0x0800946c   0x0800946c   0x00000068   Code   RO        10038    i.REMOTE_TIM_PeriodElapsedCallback  remote.o
    0x080094d4   0x080094d4   0x00000016   Code   RO         3471    i.RTC_Bcd2ToByte    stm32f3xx_hal_rtc.o
    0x080094ea   0x080094ea   0x0000001a   Code   RO         3472    i.RTC_ByteToBcd2    stm32f3xx_hal_rtc.o
    0x08009504   0x08009504   0x0000003e   Code   RO         3473    i.RTC_EnterInitMode  stm32f3xx_hal_rtc.o
    0x08009542   0x08009542   0x00000002   PAD
    0x08009544   0x08009544   0x00000068   Code   RO        10039    i.Remote_GetResult  remote.o
    0x080095ac   0x080095ac   0x00000024   Code   RO        10040    i.Remote_TimerStart  remote.o
    0x080095d0   0x080095d0   0x0000006c   Code   RO          338    i.Reset_Task        freertos.o
    0x0800963c   0x0800963c   0x00000080   Code   RO          608    i.RestoreTimeFromFRAM  rtc.o
    0x080096bc   0x080096bc   0x00000048   Code   RO         7384    i.SEGGER_RTT_Write  segger_rtt.o
    0x08009704   0x08009704   0x00000084   Code   RO         7385    i.SEGGER_RTT_WriteNoLock  segger_rtt.o
    0x08009788   0x08009788   0x00000022   Code   RO         7555    i.SEGGER_RTT_printf  segger_rtt_printf.o
    0x080097aa   0x080097aa   0x00000002   PAD
    0x080097ac   0x080097ac   0x000002ac   Code   RO         7556    i.SEGGER_RTT_vprintf  segger_rtt_printf.o
    0x08009a58   0x08009a58   0x000000b8   Code   RO         7084    i.SHT31             collecttask.o
    0x08009b10   0x08009b10   0x000000e0   Code   RO        10309    i.SHT31_ClearBus    sht31.o
    0x08009bf0   0x08009bf0   0x0000003a   Code   RO        10310    i.SHT31_Crc8        sht31.o
    0x08009c2a   0x08009c2a   0x00000002   PAD
    0x08009c2c   0x08009c2c   0x00000040   Code   RO        10311    i.SHT31_Init        sht31.o
    0x08009c6c   0x08009c6c   0x00000190   Code   RO        10312    i.SHT31_Measure     sht31.o
    0x08009dfc   0x08009dfc   0x00000030   Code   RO        10313    i.SHT31_ResetBus    sht31.o
    0x08009e2c   0x08009e2c   0x00000064   Code   RO         3894    i.SPI_EndRxTxTransaction  stm32f3xx_hal_spi.o
    0x08009e90   0x08009e90   0x000000f8   Code   RO         3899    i.SPI_WaitFifoStateUntilTimeout  stm32f3xx_hal_spi.o
    0x08009f88   0x08009f88   0x000000d8   Code   RO         3900    i.SPI_WaitFlagStateUntilTimeout  stm32f3xx_hal_spi.o
    0x0800a060   0x0800a060   0x00000190   Code   RO         9412    i.SaveCurrentField  win_information.o
    0x0800a1f0   0x0800a1f0   0x000000bc   Code   RO          609    i.SaveTimeToFRAM    rtc.o
    0x0800a2ac   0x0800a2ac   0x00000034   Code   RO         9086    i.SelAuth_Create    win_auth.o
    0x0800a2e0   0x0800a2e0   0x00000084   Code   RO         9244    i.SelectColor       win_systemset.o
    0x0800a364   0x0800a364   0x00000068   Code   RO         9413    i.SelectColor       win_information.o
    0x0800a3cc   0x0800a3cc   0x0000006c   Code   RO         9559    i.SelectColor       win_current.o
    0x0800a438   0x0800a438   0x0000006c   Code   RO         9670    i.SelectColor       win_usart.o
    0x0800a4a4   0x0800a4a4   0x0000003c   Code   RO         9776    i.SelectColor       win_life.o
    0x0800a4e0   0x0800a4e0   0x0000006c   Code   RO         9880    i.SelectColor       win_save.o
    0x0800a54c   0x0800a54c   0x00000090   Code   RO         9985    i.SelectColor       win_product.o
    0x0800a5dc   0x0800a5dc   0x00000084   Code   RO         9245    i.SelectColor_No    win_systemset.o
    0x0800a660   0x0800a660   0x00000090   Code   RO         9246    i.SelectColor_Yes_NoZhu  win_systemset.o
    0x0800a6f0   0x0800a6f0   0x00000034   Code   RO          962    i.Send_Modbus       usart.o
    0x0800a724   0x0800a724   0x000001d8   Code   RO         9414    i.ShowLine          win_information.o
    0x0800a8fc   0x0800a8fc   0x00000048   Code   RO         9671    i.ShowLine          win_usart.o
    0x0800a944   0x0800a944   0x0000004c   Code   RO         9672    i.ShowLine1         win_usart.o
    0x0800a990   0x0800a990   0x0000004c   Code   RO         9777    i.ShowLine1         win_life.o
    0x0800a9dc   0x0800a9dc   0x00000048   Code   RO         9560    i.ShowLine2         win_current.o
    0x0800aa24   0x0800aa24   0x00000048   Code   RO         9561    i.ShowLine3         win_current.o
    0x0800aa6c   0x0800aa6c   0x00000050   Code   RO         9881    i.ShowSaved         win_save.o
    0x0800aabc   0x0800aabc   0x00000050   Code   RO         9882    i.ShowSaved1        win_save.o
    0x0800ab0c   0x0800ab0c   0x0000000a   Code   RO          339    i.StartDefaultTask  freertos.o
    0x0800ab16   0x0800ab16   0x0000002c   Code   RO         7010    i.SwitchADChannel   ad7171.o
    0x0800ab42   0x0800ab42   0x00000002   PAD
    0x0800ab44   0x0800ab44   0x00000034   Code   RO         6922    i.SysTick_Handler   port.o
    0x0800ab78   0x0800ab78   0x000000b8   Code   RO           15    i.SystemClock_Config  main.o
    0x0800ac30   0x0800ac30   0x00000014   Code   RO         5677    i.SystemInit        system_stm32f3xx.o
    0x0800ac44   0x0800ac44   0x00000168   Code   RO         7238    i.System_CommonData_Init  appconfig.o
    0x0800adac   0x0800adac   0x0000005c   Code   RO         7239    i.System_ReadCommonData  appconfig.o
    0x0800ae08   0x0800ae08   0x00000084   Code   RO         7240    i.System_SaveCommonData  appconfig.o
    0x0800ae8c   0x0800ae8c   0x00000010   Code   RO         1046    i.TIM1_UP_TIM16_IRQHandler  stm32f3xx_it.o
    0x0800ae9c   0x0800ae9c   0x00000010   Code   RO         1047    i.TIM2_IRQHandler   stm32f3xx_it.o
    0x0800aeac   0x0800aeac   0x000000bc   Code   RO         4291    i.TIM_Base_SetConfig  stm32f3xx_hal_tim.o
    0x0800af68   0x0800af68   0x00000022   Code   RO         4292    i.TIM_CCxChannelCmd  stm32f3xx_hal_tim.o
    0x0800af8a   0x0800af8a   0x00000002   PAD
    0x0800af8c   0x0800af8c   0x000000ac   Code   RO         4304    i.TIM_OC1_SetConfig  stm32f3xx_hal_tim.o
    0x0800b038   0x0800b038   0x000000b4   Code   RO         4305    i.TIM_OC2_SetConfig  stm32f3xx_hal_tim.o
    0x0800b0ec   0x0800b0ec   0x000000b4   Code   RO         4306    i.TIM_OC3_SetConfig  stm32f3xx_hal_tim.o
    0x0800b1a0   0x0800b1a0   0x00000074   Code   RO         4307    i.TIM_OC4_SetConfig  stm32f3xx_hal_tim.o
    0x0800b214   0x0800b214   0x00000070   Code   RO         4308    i.TIM_OC5_SetConfig  stm32f3xx_hal_tim.o
    0x0800b284   0x0800b284   0x00000070   Code   RO         4309    i.TIM_OC6_SetConfig  stm32f3xx_hal_tim.o
    0x0800b2f4   0x0800b2f4   0x0000007c   Code   RO         4312    i.TIM_TI1_SetConfig  stm32f3xx_hal_tim.o
    0x0800b370   0x0800b370   0x0000003a   Code   RO         4314    i.TIM_TI2_SetConfig  stm32f3xx_hal_tim.o
    0x0800b3aa   0x0800b3aa   0x00000038   Code   RO         4315    i.TIM_TI3_SetConfig  stm32f3xx_hal_tim.o
    0x0800b3e2   0x0800b3e2   0x0000003c   Code   RO         4316    i.TIM_TI4_SetConfig  stm32f3xx_hal_tim.o
    0x0800b41e   0x0800b41e   0x00000002   PAD
    0x0800b420   0x0800b420   0x00000050   Code   RO          963    i.UART1_Init_IT     usart.o
    0x0800b470   0x0800b470   0x000000f8   Code   RO         5245    i.UART_AdvFeatureConfig  stm32f3xx_hal_uart.o
    0x0800b568   0x0800b568   0x00000072   Code   RO         5246    i.UART_CheckIdleState  stm32f3xx_hal_uart.o
    0x0800b5da   0x0800b5da   0x00000018   Code   RO         5247    i.UART_DMAAbortOnError  stm32f3xx_hal_uart.o
    0x0800b5f2   0x0800b5f2   0x00000064   Code   RO         5257    i.UART_EndRxTransfer  stm32f3xx_hal_uart.o
    0x0800b656   0x0800b656   0x0000002e   Code   RO         5258    i.UART_EndTransmit_IT  stm32f3xx_hal_uart.o
    0x0800b684   0x0800b684   0x0000028c   Code   RO         5262    i.UART_SetConfig    stm32f3xx_hal_uart.o
    0x0800b910   0x0800b910   0x000000f8   Code   RO         5267    i.UART_WaitOnFlagUntilTimeout  stm32f3xx_hal_uart.o
    0x0800ba08   0x0800ba08   0x00000094   Code   RO         1048    i.USART1_IRQHandler  stm32f3xx_it.o
    0x0800ba9c   0x0800ba9c   0x00000004   Code   RO         1049    i.UsageFault_Handler  stm32f3xx_it.o
    0x0800baa0   0x0800baa0   0x00000074   Code   RO         8983    i.ViewData_1        win_main.o
    0x0800bb14   0x0800bb14   0x0000014c   Code   RO         8984    i.ViewData_3        win_main.o
    0x0800bc60   0x0800bc60   0x0000013c   Code   RO         8985    i.ViewData_4        win_main.o
    0x0800bd9c   0x0800bd9c   0x00000020   Code   RO         9562    i.WinCurrent_Create  win_current.o
    0x0800bdbc   0x0800bdbc   0x00000020   Code   RO         9415    i.WinInformation_Create  win_information.o
    0x0800bddc   0x0800bddc   0x00000020   Code   RO         9778    i.WinLife_Create    win_life.o
    0x0800bdfc   0x0800bdfc   0x00000020   Code   RO         9986    i.WinProduct_Create  win_product.o
    0x0800be1c   0x0800be1c   0x00000020   Code   RO         9883    i.WinSave_Create    win_save.o
    0x0800be3c   0x0800be3c   0x00000020   Code   RO         9247    i.WinSystemSet_Create  win_systemset.o
    0x0800be5c   0x0800be5c   0x00000020   Code   RO         9248    i.WinSystemSet_Create_No  win_systemset.o
    0x0800be7c   0x0800be7c   0x00000020   Code   RO         9249    i.WinSystemSet_Create_Yes_NoZhu  win_systemset.o
    0x0800be9c   0x0800be9c   0x00000020   Code   RO         9673    i.WinUsart_Create   win_usart.o
    0x0800bebc   0x0800bebc   0x00000130   Code   RO         9087    i.Win_Callback      win_auth.o
    0x0800bfec   0x0800bfec   0x00000254   Code   RO         9250    i.Win_Callback      win_systemset.o
    0x0800c240   0x0800c240   0x00000308   Code   RO         9416    i.Win_Callback      win_information.o
    0x0800c548   0x0800c548   0x00000268   Code   RO         9563    i.Win_Callback      win_current.o
    0x0800c7b0   0x0800c7b0   0x00000234   Code   RO         9674    i.Win_Callback      win_usart.o
    0x0800c9e4   0x0800c9e4   0x000001c8   Code   RO         9779    i.Win_Callback      win_life.o
    0x0800cbac   0x0800cbac   0x00000314   Code   RO         9884    i.Win_Callback      win_save.o
    0x0800cec0   0x0800cec0   0x00000164   Code   RO         9987    i.Win_Callback      win_product.o
    0x0800d024   0x0800d024   0x0000023c   Code   RO         9251    i.Win_Callback_No   win_systemset.o
    0x0800d260   0x0800d260   0x00000248   Code   RO         9252    i.Win_Callback_Yes_NoZhu  win_systemset.o
    0x0800d4a8   0x0800d4a8   0x00000134   Code   RO         9088    i.Win_CheckPassword  win_auth.o
    0x0800d5dc   0x0800d5dc   0x0000004c   Code   RO         9089    i.Win_Init          win_auth.o
    0x0800d628   0x0800d628   0x00000084   Code   RO         9253    i.Win_Init          win_systemset.o
    0x0800d6ac   0x0800d6ac   0x00000148   Code   RO         9417    i.Win_Init          win_information.o
    0x0800d7f4   0x0800d7f4   0x000000d0   Code   RO         9564    i.Win_Init          win_current.o
    0x0800d8c4   0x0800d8c4   0x000000a0   Code   RO         9675    i.Win_Init          win_usart.o
    0x0800d964   0x0800d964   0x00000090   Code   RO         9780    i.Win_Init          win_life.o
    0x0800d9f4   0x0800d9f4   0x00000080   Code   RO         9885    i.Win_Init          win_save.o
    0x0800da74   0x0800da74   0x00000074   Code   RO         9988    i.Win_Init          win_product.o
    0x0800dae8   0x0800dae8   0x00000084   Code   RO         9254    i.Win_Init_No       win_systemset.o
    0x0800db6c   0x0800db6c   0x00000084   Code   RO         9255    i.Win_Init_Yes_NoZhu  win_systemset.o
    0x0800dbf0   0x0800dbf0   0x0000009c   Code   RO         9256    i.Win_ModifyPaint   win_systemset.o
    0x0800dc8c   0x0800dc8c   0x00000034   Code   RO         9418    i.Win_ModifyPaint   win_information.o
    0x0800dcc0   0x0800dcc0   0x0000000c   Code   RO         9565    i.Win_ModifyPaint   win_current.o
    0x0800dccc   0x0800dccc   0x0000000c   Code   RO         9676    i.Win_ModifyPaint   win_usart.o
    0x0800dcd8   0x0800dcd8   0x00000008   Code   RO         9781    i.Win_ModifyPaint   win_life.o
    0x0800dce0   0x0800dce0   0x00000010   Code   RO         9886    i.Win_ModifyPaint   win_save.o
    0x0800dcf0   0x0800dcf0   0x00000054   Code   RO         9989    i.Win_ModifyPaint   win_product.o
    0x0800dd44   0x0800dd44   0x0000009c   Code   RO         9257    i.Win_ModifyPaint_No  win_systemset.o
    0x0800dde0   0x0800dde0   0x0000009c   Code   RO         9258    i.Win_ModifyPaint_Yes_NoZhu  win_systemset.o
    0x0800de7c   0x0800de7c   0x00000078   Code   RO         9090    i.Win_Paint         win_auth.o
    0x0800def4   0x0800def4   0x000000fc   Code   RO         9259    i.Win_Paint         win_systemset.o
    0x0800dff0   0x0800dff0   0x000000b4   Code   RO         9419    i.Win_Paint         win_information.o
    0x0800e0a4   0x0800e0a4   0x000000b8   Code   RO         9566    i.Win_Paint         win_current.o
    0x0800e15c   0x0800e15c   0x00000094   Code   RO         9677    i.Win_Paint         win_usart.o
    0x0800e1f0   0x0800e1f0   0x00000064   Code   RO         9782    i.Win_Paint         win_life.o
    0x0800e254   0x0800e254   0x0000006c   Code   RO         9887    i.Win_Paint         win_save.o
    0x0800e2c0   0x0800e2c0   0x000000d4   Code   RO         9990    i.Win_Paint         win_product.o
    0x0800e394   0x0800e394   0x000000b0   Code   RO         9260    i.Win_Paint_No      win_systemset.o
    0x0800e444   0x0800e444   0x000000d4   Code   RO         9261    i.Win_Paint_Yes_NoZhu  win_systemset.o
    0x0800e518   0x0800e518   0x00000050   Code   RO         9091    i.Win_UpdatePaint   win_auth.o
    0x0800e568   0x0800e568   0x00000070   Code   RO         7389    i._DoInit           segger_rtt.o
    0x0800e5d8   0x0800e5d8   0x0000001c   Code   RO         7390    i._GetAvailWriteSpace  segger_rtt.o
    0x0800e5f4   0x0800e5f4   0x000000ec   Code   RO         7557    i._PrintInt         segger_rtt_printf.o
    0x0800e6e0   0x0800e6e0   0x000000ec   Code   RO         7558    i._PrintUnsigned    segger_rtt_printf.o
    0x0800e7cc   0x0800e7cc   0x00000044   Code   RO         7559    i._StoreChar        segger_rtt_printf.o
    0x0800e810   0x0800e810   0x00000072   Code   RO         7392    i._WriteBlocking    segger_rtt.o
    0x0800e882   0x0800e882   0x0000004c   Code   RO         7393    i._WriteNoCheck     segger_rtt.o
    0x0800e8ce   0x0800e8ce   0x00000002   PAD
    0x0800e8d0   0x0800e8d0   0x00000030   Code   RO        10707    i.__0snprintf       mc_w.l(printfa.o)
    0x0800e900   0x0800e900   0x00000028   Code   RO        10708    i.__0sprintf        mc_w.l(printfa.o)
    0x0800e928   0x0800e928   0x00000010   Code   RO         2104    i.__NVIC_GetPriorityGrouping  stm32f3xx_hal_cortex.o
    0x0800e938   0x0800e938   0x00000028   Code   RO         2105    i.__NVIC_SetPriority  stm32f3xx_hal_cortex.o
    0x0800e960   0x0800e960   0x00000008   Code   RO        10807    i.__aeabi_errno_addr  mc_w.l(errno.o)
    0x0800e968   0x0800e968   0x00000038   Code   RO        10445    i.__hardfp_atof     m_wm.l(atof.o)
    0x0800e9a0   0x0800e9a0   0x0000000c   Code   RO        10808    i.__read_errno      mc_w.l(errno.o)
    0x0800e9ac   0x0800e9ac   0x0000000e   Code   RO        10882    i.__scatterload_copy  mc_w.l(handlers.o)
    0x0800e9ba   0x0800e9ba   0x00000002   Code   RO        10883    i.__scatterload_null  mc_w.l(handlers.o)
    0x0800e9bc   0x0800e9bc   0x0000000e   Code   RO        10884    i.__scatterload_zeroinit  mc_w.l(handlers.o)
    0x0800e9ca   0x0800e9ca   0x00000002   PAD
    0x0800e9cc   0x0800e9cc   0x0000000c   Code   RO        10809    i.__set_errno       mc_w.l(errno.o)
    0x0800e9d8   0x0800e9d8   0x00000184   Code   RO        10713    i._fp_digits        mc_w.l(printfa.o)
    0x0800eb5c   0x0800eb5c   0x0000000e   Code   RO        10864    i._is_digit         mc_w.l(scanf_fp.o)
    0x0800eb6a   0x0800eb6a   0x00000002   PAD
    0x0800eb6c   0x0800eb6c   0x000006dc   Code   RO        10714    i._printf_core      mc_w.l(printfa.o)
    0x0800f248   0x0800f248   0x00000024   Code   RO        10715    i._printf_post_padding  mc_w.l(printfa.o)
    0x0800f26c   0x0800f26c   0x0000002e   Code   RO        10716    i._printf_pre_padding  mc_w.l(printfa.o)
    0x0800f29a   0x0800f29a   0x00000016   Code   RO        10717    i._snputc           mc_w.l(printfa.o)
    0x0800f2b0   0x0800f2b0   0x0000000a   Code   RO        10718    i._sputc            mc_w.l(printfa.o)
    0x0800f2ba   0x0800f2ba   0x00000002   PAD
    0x0800f2bc   0x0800f2bc   0x00000028   Code   RO          467    i.dac_Out           dac.o
    0x0800f2e4   0x0800f2e4   0x0000001a   Code   RO          468    i.dac_OutTest       dac.o
    0x0800f2fe   0x0800f2fe   0x0000001c   Code   RO        10192    i.fram_GPIO_SetPinMode  bsp_fram_driver.o
    0x0800f31a   0x0800f31a   0x00000002   PAD
    0x0800f31c   0x0800f31c   0x00000070   Code   RO        10193    i.fram_gpio_init    bsp_fram_driver.o
    0x0800f38c   0x0800f38c   0x00000024   Code   RO        10194    i.fram_init         bsp_fram_driver.o
    0x0800f3b0   0x0800f3b0   0x00000070   Code   RO        10195    i.fs_fram_check     bsp_fram_driver.o
    0x0800f420   0x0800f420   0x0000004e   Code   RO        10197    i.fs_fram_i2c_ack   bsp_fram_driver.o
    0x0800f46e   0x0800f46e   0x0000000e   Code   RO        10198    i.fs_fram_i2c_delay  bsp_fram_driver.o
    0x0800f47c   0x0800f47c   0x0000004c   Code   RO        10199    i.fs_fram_i2c_nack  bsp_fram_driver.o
    0x0800f4c8   0x0800f4c8   0x00000056   Code   RO        10200    i.fs_fram_i2c_read_byte  bsp_fram_driver.o
    0x0800f51e   0x0800f51e   0x0000004c   Code   RO        10201    i.fs_fram_i2c_start  bsp_fram_driver.o
    0x0800f56a   0x0800f56a   0x00000050   Code   RO        10202    i.fs_fram_i2c_stop  bsp_fram_driver.o
    0x0800f5ba   0x0800f5ba   0x00000064   Code   RO        10203    i.fs_fram_i2c_wait_ack  bsp_fram_driver.o
    0x0800f61e   0x0800f61e   0x00000076   Code   RO        10204    i.fs_fram_i2c_write_byte  bsp_fram_driver.o
    0x0800f694   0x0800f694   0x0000006a   Code   RO        10205    i.fs_fram_read_nbyte  bsp_fram_driver.o
    0x0800f6fe   0x0800f6fe   0x00000054   Code   RO        10206    i.fs_fram_write_nbyte  bsp_fram_driver.o
    0x0800f752   0x0800f752   0x0000001c   Code   RO         7241    i.gas_CheckTimeDiff  appconfig.o
    0x0800f76e   0x0800f76e   0x0000000a   Code   RO         9167    i.get_index         win_menu.o
    0x0800f778   0x0800f778   0x00000018   Code   RO         9168    i.get_row_col       win_menu.o
    0x0800f790   0x0800f790   0x0000003c   Code   RO          300    i.hard_GetKeyState  gpio.o
    0x0800f7cc   0x0800f7cc   0x00000084   Code   RO         7320    i.keyProcess        keytask.o
    0x0800f850   0x0800f850   0x00000062   Code   RO         7321    i.key_HardKeyConvertToUiKey  keytask.o
    0x0800f8b2   0x0800f8b2   0x00000002   PAD
    0x0800f8b4   0x0800f8b4   0x00000160   Code   RO         7322    i.key_RemoteKeyConvertToUiKey  keytask.o
    0x0800fa14   0x0800fa14   0x0000003a   Code   RO         7780    i.lcd_Address_Set   lcd_init.o
    0x0800fa4e   0x0800fa4e   0x00000002   PAD
    0x0800fa50   0x0800fa50   0x00000010   Code   RO         7781    i.lcd_BG_Active     lcd_init.o
    0x0800fa60   0x0800fa60   0x0000004c   Code   RO         7782    i.lcd_BG_Control    lcd_init.o
    0x0800faac   0x0800faac   0x0000003c   Code   RO         7783    i.lcd_WR_DATA       lcd_init.o
    0x0800fae8   0x0800fae8   0x00000030   Code   RO         7784    i.lcd_WR_DATA8      lcd_init.o
    0x0800fb18   0x0800fb18   0x00000034   Code   RO         7785    i.lcd_WR_DATA_LEN   lcd_init.o
    0x0800fb4c   0x0800fb4c   0x00000024   Code   RO         7786    i.lcd_WR_REG        lcd_init.o
    0x0800fb70   0x0800fb70   0x00000084   Code   RO           16    i.main              main.o
    0x0800fbf4   0x0800fbf4   0x0000000e   Code   RO         6493    i.makeFreeRtosPriority  cmsis_os.o
    0x0800fc02   0x0800fc02   0x00000018   Code   RO         6495    i.osDelay           cmsis_os.o
    0x0800fc1a   0x0800fc1a   0x0000000a   Code   RO         6498    i.osKernelStart     cmsis_os.o
    0x0800fc24   0x0800fc24   0x0000005e   Code   RO         6532    i.osThreadCreate    cmsis_os.o
    0x0800fc82   0x0800fc82   0x00000002   PAD
    0x0800fc84   0x0800fc84   0x00000098   Code   RO         6179    i.prvAddCurrentTaskToDelayedList  tasks.o
    0x0800fd1c   0x0800fd1c   0x000000b4   Code   RO         6180    i.prvAddNewTaskToReadyList  tasks.o
    0x0800fdd0   0x0800fdd0   0x00000048   Code   RO         6181    i.prvCheckTasksWaitingTermination  tasks.o
    0x0800fe18   0x0800fe18   0x00000050   Code   RO         6182    i.prvDeleteTCB      tasks.o
    0x0800fe68   0x0800fe68   0x00000014   Code   RO         5856    i.prvGetDisinheritPriorityAfterTimeout  queue.o
    0x0800fe7c   0x0800fe7c   0x0000007c   Code   RO         6860    i.prvHeapInit       heap_4.o
    0x0800fef8   0x0800fef8   0x00000028   Code   RO         6183    i.prvIdleTask       tasks.o
    0x0800ff20   0x0800ff20   0x00000026   Code   RO         5858    i.prvInitialiseNewQueue  queue.o
    0x0800ff46   0x0800ff46   0x000000aa   Code   RO         6184    i.prvInitialiseNewTask  tasks.o
    0x0800fff0   0x0800fff0   0x00000068   Code   RO         6185    i.prvInitialiseTaskLists  tasks.o
    0x08010058   0x08010058   0x00000068   Code   RO         6861    i.prvInsertBlockIntoFreeList  heap_4.o
    0x080100c0   0x080100c0   0x0000001a   Code   RO         5859    i.prvIsQueueEmpty   queue.o
    0x080100da   0x080100da   0x00000002   PAD
    0x080100dc   0x080100dc   0x00000034   Code   RO         6186    i.prvResetNextTaskUnblockTime  tasks.o
    0x08010110   0x08010110   0x00000040   Code   RO         6923    i.prvTaskExitError  port.o
    0x08010150   0x08010150   0x0000007e   Code   RO         5861    i.prvUnlockQueue    queue.o
    0x080101ce   0x080101ce   0x00000002   PAD
    0x080101d0   0x080101d0   0x0000013c   Code   RO         6862    i.pvPortMalloc      heap_4.o
    0x0801030c   0x0801030c   0x00000020   Code   RO         6188    i.pvTaskIncrementMutexHeldCount  tasks.o
    0x0801032c   0x0801032c   0x0000002c   Code   RO         6924    i.pxPortInitialiseStack  port.o
    0x08010358   0x08010358   0x00000020   Code   RO         7242    i.sys_SumCheckCode  appconfig.o
    0x08010378   0x08010378   0x00000078   Code   RO         7085    i.temp_Internal     collecttask.o
    0x080103f0   0x080103f0   0x00000048   Code   RO         8266    i.ui_AddData        ui_draw.o
    0x08010438   0x08010438   0x00000056   Code   RO         8267    i.ui_DrawBar        ui_draw.o
    0x0801048e   0x0801048e   0x000000e0   Code   RO         8268    i.ui_DrawChar       ui_draw.o
    0x0801056e   0x0801056e   0x00000178   Code   RO         8269    i.ui_DrawChar2      ui_draw.o
    0x080106e6   0x080106e6   0x00000094   Code   RO         8270    i.ui_DrawChinese    ui_draw.o
    0x0801077a   0x0801077a   0x000000ac   Code   RO         8271    i.ui_DrawString     ui_draw.o
    0x08010826   0x08010826   0x0000001a   Code   RO         8272    i.ui_FillPixel      ui_draw.o
    0x08010840   0x08010840   0x00000032   Code   RO         8273    i.ui_Fill_Byte      ui_draw.o
    0x08010872   0x08010872   0x00000032   Code   RO         8274    i.ui_Fill_ReverseByte  ui_draw.o
    0x080108a4   0x080108a4   0x00000148   Code   RO         8275    i.ui_FindFontBuffer  ui_draw.o
    0x080109ec   0x080109ec   0x00000048   Code   RO         8276    i.ui_GetDrawWidth   ui_draw.o
    0x08010a34   0x08010a34   0x00000014   Code   RO         8627    i.ui_GetInputKey    ui_key.o
    0x08010a48   0x08010a48   0x0000000c   Code   RO         8277    i.ui_ResetData      ui_draw.o
    0x08010a54   0x08010a54   0x0000002c   Code   RO         8278    i.ui_SendData       ui_draw.o
    0x08010a80   0x08010a80   0x0000002c   Code   RO         8628    i.ui_SetInputKey    ui_key.o
    0x08010aac   0x08010aac   0x00000086   Code   RO         8369    i.ui_convert_data   ui_edit.o
    0x08010b32   0x08010b32   0x00000312   Code   RO         8370    i.ui_edit_callback  ui_edit.o
    0x08010e44   0x08010e44   0x000000a8   Code   RO         8371    i.ui_edit_create    ui_edit.o
    0x08010eec   0x08010eec   0x00000044   Code   RO         8372    i.ui_edit_create_ex  ui_edit.o
    0x08010f30   0x08010f30   0x00000016   Code   RO         8373    i.ui_edit_draw_callback  ui_edit.o
    0x08010f46   0x08010f46   0x00000002   PAD
    0x08010f48   0x08010f48   0x000000cc   Code   RO         8374    i.ui_edit_timer_callback  ui_edit.o
    0x08011014   0x08011014   0x000003a4   Code   RO         8375    i.ui_format_data    ui_edit.o
    0x080113b8   0x080113b8   0x00000098   Code   RO         8594    i.ui_icon_create    ui_icon.o
    0x08011450   0x08011450   0x00000040   Code   RO         8595    i.ui_icon_draw      ui_icon.o
    0x08011490   0x08011490   0x00000018   Code   RO         8666    i.ui_lable_create   ui_lable.o
    0x080114a8   0x080114a8   0x00000016   Code   RO         8668    i.ui_lable_draw     ui_lable.o
    0x080114be   0x080114be   0x0000002c   Code   RO         7878    i.ui_show_lable     ui_base.o
    0x080114ea   0x080114ea   0x000001ce   Code   RO         7879    i.ui_show_text      ui_base.o
    0x080116b8   0x080116b8   0x00000082   Code   RO         7880    i.ui_show_text_ex   ui_base.o
    0x0801173a   0x0801173a   0x0000001a   Code   RO         8427    i.ui_widget_go_prev_win  ui_event.o
    0x08011754   0x08011754   0x00000038   Code   RO         8428    i.ui_widget_update  ui_event.o
    0x0801178c   0x0801178c   0x0000000c   Code   RO         8429    i.ui_widgets_get_top_win  ui_event.o
    0x08011798   0x08011798   0x00000034   Code   RO         8430    i.ui_widgets_run_top_win  ui_event.o
    0x080117cc   0x080117cc   0x0000000c   Code   RO         8432    i.ui_widgets_set_top_win  ui_event.o
    0x080117d8   0x080117d8   0x00000044   Code   RO         8935    i.ui_window_create  ui_win.o
    0x0801181c   0x0801181c   0x00000042   Code   RO         8936    i.ui_window_draw    ui_win.o
    0x0801185e   0x0801185e   0x00000028   Code   RO         5814    i.uxListRemove      list.o
    0x08011886   0x08011886   0x00000002   PAD
    0x08011888   0x08011888   0x00000018   Code   RO          340    i.vApplicationGetIdleTaskMemory  freertos.o
    0x080118a0   0x080118a0   0x0000001a   Code   RO         5815    i.vListInitialise   list.o
    0x080118ba   0x080118ba   0x00000006   Code   RO         5816    i.vListInitialiseItem  list.o
    0x080118c0   0x080118c0   0x00000034   Code   RO         5817    i.vListInsert       list.o
    0x080118f4   0x080118f4   0x00000018   Code   RO         5818    i.vListInsertEnd    list.o
    0x0801190c   0x0801190c   0x00000054   Code   RO         6926    i.vPortEnterCritical  port.o
    0x08011960   0x08011960   0x0000003c   Code   RO         6927    i.vPortExitCritical  port.o
    0x0801199c   0x0801199c   0x00000094   Code   RO         6863    i.vPortFree         heap_4.o
    0x08011a30   0x08011a30   0x00000028   Code   RO         6928    i.vPortSetupTimerInterrupt  port.o
    0x08011a58   0x08011a58   0x00000078   Code   RO         6929    i.vPortValidateInterruptPriority  port.o
    0x08011ad0   0x08011ad0   0x0000005c   Code   RO         6194    i.vTaskDelay        tasks.o
    0x08011b2c   0x08011b2c   0x00000018   Code   RO         6197    i.vTaskInternalSetTimeOutState  tasks.o
    0x08011b44   0x08011b44   0x0000000c   Code   RO         6198    i.vTaskMissedYield  tasks.o
    0x08011b50   0x08011b50   0x00000038   Code   RO         6200    i.vTaskPlaceOnEventList  tasks.o
    0x08011b88   0x08011b88   0x000000f4   Code   RO         6202    i.vTaskPriorityDisinheritAfterTimeout  tasks.o
    0x08011c7c   0x08011c7c   0x000000b0   Code   RO         6207    i.vTaskStartScheduler  tasks.o
    0x08011d2c   0x08011d2c   0x00000010   Code   RO         6209    i.vTaskSuspendAll   tasks.o
    0x08011d3c   0x08011d3c   0x0000008c   Code   RO         6210    i.vTaskSwitchContext  tasks.o
    0x08011dc8   0x08011dc8   0x00000168   Code   RO         6930    i.xPortStartScheduler  port.o
    0x08011f30   0x08011f30   0x000000de   Code   RO         5871    i.xQueueGenericCreateStatic  queue.o
    0x0801200e   0x0801200e   0x00000002   PAD
    0x08012010   0x08012010   0x00000098   Code   RO         5872    i.xQueueGenericReset  queue.o
    0x080120a8   0x080120a8   0x000000e0   Code   RO         5875    i.xQueueGiveFromISR  queue.o
    0x08012188   0x08012188   0x000001b8   Code   RO         5882    i.xQueueSemaphoreTake  queue.o
    0x08012340   0x08012340   0x0000008c   Code   RO         6211    i.xTaskCheckForTimeOut  tasks.o
    0x080123cc   0x080123cc   0x00000064   Code   RO         6212    i.xTaskCreate       tasks.o
    0x08012430   0x08012430   0x000000b8   Code   RO         6213    i.xTaskCreateStatic  tasks.o
    0x080124e8   0x080124e8   0x00000020   Code   RO         6217    i.xTaskGetSchedulerState  tasks.o
    0x08012508   0x08012508   0x0000000c   Code   RO         6218    i.xTaskGetTickCount  tasks.o
    0x08012514   0x08012514   0x00000148   Code   RO         6220    i.xTaskIncrementTick  tasks.o
    0x0801265c   0x0801265c   0x000000c8   Code   RO         6224    i.xTaskPriorityInherit  tasks.o
    0x08012724   0x08012724   0x00000098   Code   RO         6225    i.xTaskRemoveFromEventList  tasks.o
    0x080127bc   0x080127bc   0x00000104   Code   RO         6226    i.xTaskResumeAll    tasks.o
    0x080128c0   0x080128c0   0x000000c4   Data   RO          342    .constdata          freertos.o
    0x08012984   0x08012984   0x00000020   Data   RO         1787    .constdata          stm32f3xx_hal_rcc.o
    0x080129a4   0x080129a4   0x00000018   Data   RO         5678    .constdata          system_stm32f3xx.o
    0x080129bc   0x080129bc   0x00000010   Data   RO         7560    .constdata          segger_rtt_printf.o
    0x080129cc   0x080129cc   0x00002f98   Data   RO         8490    .constdata          ui_font_ascii.o
    0x08015964   0x08015964   0x000041e0   Data   RO         8519    .constdata          ui_font24.o
    0x08019b44   0x08019b44   0x00000708   Data   RO         8549    .constdata          ui_font48.o
    0x0801a24c   0x0801a24c   0x00000018   Data   RO         8565    .constdata          ui_font64.o
    0x0801a264   0x0801a264   0x00000990   Data   RO         8578    .constdata          ui_fontc64.o
    0x0801abf4   0x0801abf4   0x00000081   Data   RO        10835    .constdata          mc_w.l(ctype_o.o)
    0x0801ac75   0x0801ac75   0x00000003   PAD
    0x0801ac78   0x0801ac78   0x00000004   Data   RO        10836    .constdata          mc_w.l(ctype_o.o)
    0x0801ac7c   0x0801ac7c   0x0000004c   Data   RO          343    .conststring        freertos.o
    0x0801acc8   0x0801acc8   0x00000276   Data   RO         7244    .conststring        appconfig.o
    0x0801af3e   0x0801af3e   0x00000002   PAD
    0x0801af40   0x0801af40   0x0000005f   Data   RO         9169    .conststring        win_menu.o
    0x0801af9f   0x0801af9f   0x00000001   PAD
    0x0801afa0   0x0801afa0   0x00000041   Data   RO         9262    .conststring        win_systemset.o
    0x0801afe1   0x0801afe1   0x00000003   PAD
    0x0801afe4   0x0801afe4   0x0000003d   Data   RO         9991    .conststring        win_product.o
    0x0801b021   0x0801b021   0x00000003   PAD
    0x0801b024   0x0801b024   0x00000030   Data   RO        10880    Region$$Table       anon$$obj.o


    Execution Region RW_IRAM2 (Exec base: 0x10000000, Load base: 0x0801b620, Size: 0x00002000, Max: 0x00002000, ABSOLUTE)

    Exec Addr    Load Addr    Size         Type   Attr      Idx    E Section Name        Object

    0x10000000        -       0x00001000   Zero   RW         8279    .ARM.__AT_0x10000000  ui_draw.o
    0x10001000        -       0x00001000   Zero   RW        10099    .ARM.__AT_0x10001000  bsp_w25qxx_driver.o


    Execution Region RW_IRAM1 (Exec base: 0x20000000, Load base: 0x0801b054, Size: 0x00006370, Max: 0x00008000, ABSOLUTE, COMPRESSED[0x000005cc])

    Exec Addr    Load Addr    Size         Type   Attr      Idx    E Section Name        Object

    0x20000000   COMPRESSED   0x00000002   Data   RW           18    .data               main.o
    0x20000002   COMPRESSED   0x00000002   PAD
    0x20000004   COMPRESSED   0x0000001c   Data   RW          344    .data               freertos.o
    0x20000020   COMPRESSED   0x00000006   Data   RW          611    .data               rtc.o
    0x20000026   COMPRESSED   0x00000002   PAD
    0x20000028   COMPRESSED   0x00000009   Data   RW         1624    .data               stm32f3xx_hal.o
    0x20000031   COMPRESSED   0x00000003   PAD
    0x20000034   COMPRESSED   0x00000004   Data   RW         5679    .data               system_stm32f3xx.o
    0x20000038   COMPRESSED   0x0000003c   Data   RW         6229    .data               tasks.o
    0x20000074   COMPRESSED   0x00000018   Data   RW         6868    .data               heap_4.o
    0x2000008c   COMPRESSED   0x0000000c   Data   RW         6931    .data               port.o
    0x20000098   COMPRESSED   0x00000021   Data   RW         7012    .data               ad7171.o
    0x200000b9   COMPRESSED   0x00000001   PAD
    0x200000ba   COMPRESSED   0x0000000c   Data   RW         7087    .data               collecttask.o
    0x200000c6   COMPRESSED   0x00000002   PAD
    0x200000c8   COMPRESSED   0x00000198   Data   RW         7245    .data               appconfig.o
    0x20000260   COMPRESSED   0x00000004   Data   RW         7787    .data               lcd_init.o
    0x20000264   COMPRESSED   0x00000008   Data   RW         7882    .data               ui_base.o
    0x2000026c   COMPRESSED   0x00000002   Data   RW         8280    .data               ui_draw.o
    0x2000026e   COMPRESSED   0x00000002   PAD
    0x20000270   COMPRESSED   0x00000004   Data   RW         8433    .data               ui_event.o
    0x20000274   COMPRESSED   0x000005a0   Data   RW         8520    .data               ui_font24.o
    0x20000814   COMPRESSED   0x00000001   Data   RW         8629    .data               ui_key.o
    0x20000815   COMPRESSED   0x00000003   PAD
    0x20000818   COMPRESSED   0x0000004e   Data   RW         8986    .data               win_main.o
    0x20000866   COMPRESSED   0x00000002   PAD
    0x20000868   COMPRESSED   0x00000048   Data   RW         9092    .data               win_auth.o
    0x200008b0   COMPRESSED   0x000006f0   Data   RW         9170    .data               win_menu.o
    0x20000fa0   COMPRESSED   0x00000178   Data   RW         9263    .data               win_systemset.o
    0x20001118   COMPRESSED   0x00000056   Data   RW         9420    .data               win_information.o
    0x2000116e   COMPRESSED   0x00000002   PAD
    0x20001170   COMPRESSED   0x00000049   Data   RW         9567    .data               win_current.o
    0x200011b9   COMPRESSED   0x00000003   PAD
    0x200011bc   COMPRESSED   0x00000048   Data   RW         9678    .data               win_usart.o
    0x20001204   COMPRESSED   0x00000046   Data   RW         9783    .data               win_life.o
    0x2000124a   COMPRESSED   0x00000002   PAD
    0x2000124c   COMPRESSED   0x00000044   Data   RW         9888    .data               win_save.o
    0x20001290   COMPRESSED   0x00000074   Data   RW         9992    .data               win_product.o
    0x20001304   COMPRESSED   0x00000009   Data   RW        10041    .data               remote.o
    0x2000130d   COMPRESSED   0x00000001   Data   RW        10207    .data               bsp_fram_driver.o
    0x2000130e   COMPRESSED   0x00000002   PAD
    0x20001310   COMPRESSED   0x00000045   Data   RW        10315    .data               sht31.o
    0x20001355   COMPRESSED   0x00000003   PAD
    0x20001358   COMPRESSED   0x00000004   Data   RW        10810    .data               mc_w.l(errno.o)
    0x2000135c        -       0x00000048   Zero   RW           17    .bss                main.o
    0x200013a4        -       0x000030a0   Zero   RW          341    .bss                freertos.o
    0x20004444        -       0x00000050   Zero   RW          425    .bss                adc.o
    0x20004494        -       0x00000014   Zero   RW          469    .bss                dac.o
    0x200044a8        -       0x00000098   Zero   RW          522    .bss                i2c.o
    0x20004540        -       0x00000010   Zero   RW          568    .bss                iwdg.o
    0x20004550        -       0x00000020   Zero   RW          610    .bss                rtc.o
    0x20004570        -       0x000000c8   Zero   RW          867    .bss                spi.o
    0x20004638        -       0x0000004c   Zero   RW          915    .bss                tim.o
    0x20004684        -       0x000002a4   Zero   RW          966    .bss                usart.o
    0x20004928        -       0x0000004c   Zero   RW         1149    .bss                stm32f3xx_hal_timebase_tim.o
    0x20004974        -       0x000000f0   Zero   RW         6228    .bss                tasks.o
    0x20004a64        -       0x00000c00   Zero   RW         6867    .bss                heap_4.o
    0x20005664        -       0x00000018   Zero   RW         7011    .bss                ad7171.o
    0x2000567c        -       0x00000128   Zero   RW         7243    .bss                appconfig.o
    0x200057a4        -       0x00000018   Zero   RW         7323    .bss                keytask.o
    0x200057bc        -       0x000004b8   Zero   RW         7394    .bss                segger_rtt.o
    0x20005c74        -       0x000001d0   Zero   RW         7639    .bss                ad_config.o
    0x20005e44        -       0x000000cc   Zero   RW         7881    .bss                ui_base.o
    0x20005f10        -       0x00000029   Zero   RW         8937    .bss                ui_win.o
    0x20005f39   COMPRESSED   0x00000003   PAD
    0x20005f3c        -       0x0000002e   Zero   RW        10314    .bss                sht31.o
    0x20005f6a   COMPRESSED   0x00000006   PAD
    0x20005f70        -       0x00000400   Zero   RW            1    STACK               startup_stm32f303xc.o


==============================================================================

Image component sizes


      Code (inc. data)   RO Data    RW Data    ZI Data      Debug   Object Name

      1182         94          0         33         24       8565   ad7171.o
         0          0          0          0        464       5217   ad_config.o
       200          8          0          0         80       1921   adc.o
      1664        262        630        408        296      12110   appconfig.o
      1106         26          0          1          0      10903   bsp_fram_driver.o
         0          0          0          0       4096       1807   bsp_w25qxx_driver.o
       142          0          0          0          0      22735   cmsis_os.o
       580         60          0         12          0       4703   collecttask.o
        56          6          0          0          0        560   commtask.o
       238         22          0          0         20       3119   dac.o
         0          0          0          0          0      18408   event_groups.o
       374         60        272         28      12448       5402   freertos.o
       504         20          0          0          0       1886   gpio.o
       144          6          0          0          0        627   guitask.o
       692         62          0         24       3072       7771   heap_4.o
       504         60          0          0        152       3298   i2c.o
        60         16          0          0         16       1350   iwdg.o
       618        130          0          0         24       3607   keytask.o
        74          0          0          0          0        811   lcd.o
      1206         64          0          4          0       9483   lcd_init.o
       148          0          0          0          0       3950   list.o
       418         28          0          2         72     708784   main.o
      1014         92          0         12          0      12801   port.o
      1248         12          0          0          0      10523   queue.o
       596         48          0          9          0       3591   remote.o
       884        158          0          6         32     482050   rtc.o
       534         48          0          0       1208       8342   segger_rtt.o
      1258         12         16          0          0       6725   segger_rtt_printf.o
      2542        268          0         69         46      11771   sht31.o
       532         52          0          0        200       3358   spi.o
        36          8        392          0       1024        900   startup_stm32f303xc.o
       116         24          0          9          0      13182   stm32f3xx_hal.o
      3206        110          0          0          0       9183   stm32f3xx_hal_adc_ex.o
       388         36          0          0          0      35583   stm32f3xx_hal_cortex.o
        40          0          0          0          0       1175   stm32f3xx_hal_dac.o
       242          0          0          0          0       3035   stm32f3xx_hal_dac_ex.o
       172          0          0          0          0       1915   stm32f3xx_hal_dma.o
       800         56          0          0          0       5918   stm32f3xx_hal_gpio.o
      2044         30          0          0          0      12899   stm32f3xx_hal_i2c.o
       210          0          0          0          0       2139   stm32f3xx_hal_i2c_ex.o
       126          0          0          0          0       2095   stm32f3xx_hal_iwdg.o
        72          4          0          0          0        978   stm32f3xx_hal_msp.o
        20          6          0          0          0        611   stm32f3xx_hal_pwr.o
      3608        106         32          0          0       7641   stm32f3xx_hal_rcc.o
       740         14          0          0          0       1720   stm32f3xx_hal_rcc_ex.o
      1576         22          0          0          0       9141   stm32f3xx_hal_rtc.o
        36          0          0          0          0       1955   stm32f3xx_hal_rtc_ex.o
      1360         12          0          0          0       6659   stm32f3xx_hal_spi.o
      3400        252          0          0          0      21672   stm32f3xx_hal_tim.o
       186         22          0          0          0       3408   stm32f3xx_hal_tim_ex.o
       156         20          0          0         76       1615   stm32f3xx_hal_timebase_tim.o
      2868         58          0          0          0      13806   stm32f3xx_hal_uart.o
         2          0          0          0          0       1096   stm32f3xx_hal_uart_ex.o
       262         30          0          0          0       5601   stm32f3xx_it.o
         0          0          0          0          0        400   stream_buffer.o
        20          6         24          4          0       1319   system_stm32f3xx.o
      3050        368          0         60        240      26903   tasks.o
       396         20          0          0         76       2843   tim.o
       636          0          0          8        204       9234   ui_base.o
         0          0          0          0          0       4134   ui_button.o
         0          0          0          0          0       6214   ui_confirm.o
      1660         46          0          2       4096      12247   ui_draw.o
      2314        258          0          0          0       6261   ui_edit.o
       158         16          0          4          0       7576   ui_event.o
         0          0      16864       1440          0      15631   ui_font24.o
         0          0       1800          0          0       6251   ui_font48.o
         0          0         24          0          0       5707   ui_font64.o
         0          0      12184          0          0       6235   ui_font_ascii.o
         0          0       2448          0          0       6467   ui_fontc64.o
       216          4          0          0          0       1804   ui_icon.o
        64         10          0          1          0       5380   ui_key.o
        46          6          0          0          0       1610   ui_lable.o
       134         10          0          0         41       2120   ui_win.o
       332         42          0          0        676       9664   usart.o
      1048        194          0         72          0       5935   win_auth.o
      1304        210          0         73          0      10406   win_current.o
      3224        536          0         86          0       8621   win_information.o
       876        164          0         70          0       5312   win_life.o
      3370        412          0         78          0      12649   win_main.o
      3078        378         95       1776          0       9384   win_menu.o
       944        130         61        116          0       4656   win_product.o
      1340        224          0         68          0      10319   win_save.o
      3760        606         65        376          0      17329   win_systemset.o
      1172        188          0         72          0      10150   win_usart.o

    ----------------------------------------------------------------------
     69392       6252      34964       4952      28692    1772866   Object Totals
         0          0         48          0          0          0   (incl. Generated)
        66          0          9         29          9          0   (incl. Padding)

    ----------------------------------------------------------------------

      Code (inc. data)   RO Data    RW Data    ZI Data      Debug   Library Member Name

        56         12          0          0          0        132   atof.o
        94          0          0          0          0          0   __dclz77c.o
       144          0          0          0          0         88   __strtoll.o
        28          0          0          0          0         68   _chval.o
        64          0          0          0          0         84   _sgetc.o
       158          0          0          0          0         92   _strtoul.o
       194          0          0          0          0         96   _strtoull.o
        26          0          0          0          0         80   atoi.o
        26          0          0          0          0         80   atoll.o
         8          4        133          0          0         68   ctype_o.o
         0          0          0          0          0          0   entry.o
         0          0          0          0          0          0   entry10a.o
         0          0          0          0          0          0   entry11a.o
         8          4          0          0          0          0   entry2.o
         4          0          0          0          0          0   entry5.o
         0          0          0          0          0          0   entry7b.o
         0          0          0          0          0          0   entry8b.o
         8          4          0          0          0          0   entry9a.o
        32         16          0          4          0        204   errno.o
        30          0          0          0          0          0   handlers.o
        36          8          0          0          0         68   init.o
        18          0          0          0          0         76   isspace_o.o
         0          0          0          0          0          0   iusefp.o
        30          0          0          0          0         68   llshl.o
        36          0          0          0          0         68   llsshr.o
        32          0          0          0          0         68   llushr.o
        36          0          0          0          0         68   memcpya.o
        36          0          0          0          0        108   memseta.o
      2346         90          0          0          0        672   printfa.o
       878         12          0          0          0        216   scanf_fp.o
        18          0          0          0          0         68   strcpy.o
        14          0          0          0          0         68   strlen.o
       156         12          0          0          0        120   strtod.o
       112          0          0          0          0         88   strtol.o
        44          0          0          0          0         80   uidiv.o
        98          0          0          0          0         92   uldiv.o
        48          0          0          0          0         68   cdrcmple.o
        56          0          0          0          0         88   d2f.o
       334          0          0          0          0        148   dadd.o
       222          0          0          0          0        100   ddiv.o
       186          0          0          0          0        176   depilogue.o
        48          0          0          0          0         68   dfixul.o
        40          0          0          0          0         80   dfltl.o
        26          0          0          0          0         76   dfltui.o
        24          0          0          0          0         76   dfltul.o
       228          0          0          0          0         96   dmul.o
        38          0          0          0          0         68   f2d.o
       110          0          0          0          0        168   fepilogue.o
        44          0          0          0          0         92   ffltl.o

    ----------------------------------------------------------------------
      6184        162        136          4          0       4224   Library Totals
        10          0          3          0          0          0   (incl. Padding)

    ----------------------------------------------------------------------

      Code (inc. data)   RO Data    RW Data    ZI Data      Debug   Library Name

        56         12          0          0          0        132   m_wm.l
      4714        150        133          4          0       2788   mc_w.l
      1404          0          0          0          0       1304   mf_w.l

    ----------------------------------------------------------------------
      6184        162        136          4          0       4224   Library Totals

    ----------------------------------------------------------------------

==============================================================================


      Code (inc. data)   RO Data    RW Data    ZI Data      Debug   

     75576       6414      35100       4956      28692    1730638   Grand Totals
     75576       6414      35100       1484      28692    1730638   ELF Image Totals (compressed)
     75576       6414      35100       1484          0          0   ROM Totals

==============================================================================

    Total RO  Size (Code + RO Data)               110676 ( 108.08kB)
    Total RW  Size (RW Data + ZI Data)             33648 (  32.86kB)
    Total ROM Size (Code + RO Data + RW Data)     112160 ( 109.53kB)

==============================================================================

