<html>
<body>
<pre>
<h1>µVision Build Log</h1>
<h2>Tool Versions:</h2>
IDE-Version: ¦ÌVision V5.26.2.0
Copyright (C) 2018 ARM Ltd and ARM Germany GmbH. All rights reserved.
License Information: f sy, zg, LIC=LSNJJ-U4DEX-9GN70-B6R3P-YYSSX-5KVUP
 
Tool Versions:
Toolchain:       MDK-ARM Plus  Version: 5.26.2.0
Toolchain Path:  D:\Embed\Keil_v5\ARM\ARMCC\Bin
C Compiler:      Armcc.exe V5.06 update 6 (build 750)
Assembler:       Armasm.exe V5.06 update 6 (build 750)
Linker/Locator:  ArmLink.exe V5.06 update 6 (build 750)
Library Manager: ArmAr.exe V5.06 update 6 (build 750)
Hex Converter:   FromElf.exe V5.06 update 6 (build 750)
CPU DLL:         SARMCM3.DLL V5.26.2.0
Dialog DLL:      DCM.DLL V1.17.2.0
Target DLL:      Segger\JL2CM3.dll V2.99.31.0
Dialog DLL:      TCM.DLL V1.36.1.0
 
<h2>Project:</h2>
C:\Users\m1321\Desktop\project\Refactor_the_code\Refactor_gasViewer V1.3.0_git\Refactor_gasViewer\MDK-ARM\Refactor_ gasViewer.uvprojx
Project File Date:  01/27/2026

<h2>Output:</h2>
*** Using Compiler 'V5.06 update 6 (build 750)', folder: 'D:\Embed\Keil_v5\ARM\ARMCC\Bin'
Build target 'Refactor_ gasViewer'
compiling ui_font24.c...
compiling rtc.c...
../Core/Src/rtc.c(44): warning:  #177-D: variable "DateToUpdate"  was declared but never referenced
  	RTC_DateTypeDef DateToUpdate = {0};
../Core/Src/rtc.c(224): warning:  #177-D: variable "p"  was declared but never referenced
      uint8_t *p;
../Core/Src/rtc.c(225): warning:  #177-D: variable "i"  was declared but never referenced
      uint16_t i;
../Core/Src/rtc.c(226): warning:  #177-D: variable "sum"  was declared but never referenced
      uint32_t sum = 0;
../Core/Src/rtc.c: 4 warnings, 0 errors
linking...
Program Size: Code=75576 RO-data=35100 RW-data=4956 ZI-data=28692  
FromELF: creating hex file...
"Refactor_ gasViewer\Refactor_V1_3_0.axf" - 0 Error(s), 4 Warning(s).

<h2>Software Packages used:</h2>

Package Vendor: ARM
                http://www.keil.com/pack/ARM.CMSIS.5.4.0.pack
                ARM.CMSIS.5.4.0
                CMSIS (Cortex Microcontroller Software Interface Standard)
   * Component: CORE Version: 5.1.2

Package Vendor: Keil
                http://www.keil.com/pack/Keil.STM32F3xx_DFP.2.2.2.pack
                Keil.STM32F3xx_DFP.2.2.2
                STMicroelectronics STM32F3 Series Device Support and Examples

<h2>Collection of Component include folders:</h2>
  .\RTE\_Refactor__gasViewer
  D:\Embed\Keil_v5\ARM\PACK\ARM\CMSIS\5.4.0\CMSIS\Core\Include
  D:\Embed\Keil_v5\ARM\PACK\Keil\STM32F3xx_DFP\2.2.2\Drivers\CMSIS\Device\ST\STM32F3xx\Include

<h2>Collection of Component Files used:</h2>

   * Component: ARM::CMSIS:CORE:5.1.2
Build Time Elapsed:  00:00:18
</pre>
</body>
</html>
