Component: ARM Compiler 5.06 update 6 (build 750) Tool: armlink [4d35ed]

==============================================================================

Section Cross References

    startup_stm32f303xc.o(RESET) refers to startup_stm32f303xc.o(STACK) for __initial_sp
    startup_stm32f303xc.o(RESET) refers to startup_stm32f303xc.o(.text) for Reset_Handler
    startup_stm32f303xc.o(RESET) refers to stm32f3xx_it.o(i.NMI_Handler) for NMI_Handler
    startup_stm32f303xc.o(RESET) refers to stm32f3xx_it.o(i.HardFault_Handler) for HardFault_Handler
    startup_stm32f303xc.o(RESET) refers to stm32f3xx_it.o(i.MemManage_Handler) for MemManage_Handler
    startup_stm32f303xc.o(RESET) refers to stm32f3xx_it.o(i.BusFault_Handler) for BusFault_Handler
    startup_stm32f303xc.o(RESET) refers to stm32f3xx_it.o(i.UsageFault_Handler) for UsageFault_Handler
    startup_stm32f303xc.o(RESET) refers to port.o(.emb_text) for SVC_Handler
    startup_stm32f303xc.o(RESET) refers to stm32f3xx_it.o(i.DebugMon_Handler) for DebugMon_Handler
    startup_stm32f303xc.o(RESET) refers to port.o(i.SysTick_Handler) for SysTick_Handler
    startup_stm32f303xc.o(RESET) refers to stm32f3xx_it.o(i.TIM1_UP_TIM16_IRQHandler) for TIM1_UP_TIM16_IRQHandler
    startup_stm32f303xc.o(RESET) refers to stm32f3xx_it.o(i.TIM2_IRQHandler) for TIM2_IRQHandler
    startup_stm32f303xc.o(RESET) refers to stm32f3xx_it.o(i.USART1_IRQHandler) for USART1_IRQHandler
    startup_stm32f303xc.o(RESET) refers to stm32f3xx_it.o(i.EXTI15_10_IRQHandler) for EXTI15_10_IRQHandler
    startup_stm32f303xc.o(.text) refers to system_stm32f3xx.o(i.SystemInit) for SystemInit
    startup_stm32f303xc.o(.text) refers to entry.o(.ARM.Collect$$$$00000000) for __main
    main.o(i.HAL_TIM_PeriodElapsedCallback) refers to stm32f3xx_hal.o(i.HAL_IncTick) for HAL_IncTick
    main.o(i.HAL_TIM_PeriodElapsedCallback) refers to remote.o(i.REMOTE_TIM_PeriodElapsedCallback) for REMOTE_TIM_PeriodElapsedCallback
    main.o(i.HAL_TIM_PeriodElapsedCallback) refers to rtc.o(i.LocalTime_Update) for LocalTime_Update
    main.o(i.HAL_TIM_PeriodElapsedCallback) refers to stm32f3xx_hal_cortex.o(i.HAL_NVIC_SystemReset) for HAL_NVIC_SystemReset
    main.o(i.HAL_TIM_PeriodElapsedCallback) refers to tim.o(.bss) for htim2
    main.o(i.HAL_TIM_PeriodElapsedCallback) refers to rtc.o(.data) for gDateTime
    main.o(i.HAL_TIM_PeriodElapsedCallback) refers to appconfig.o(.bss) for gSystemData
    main.o(i.SystemClock_Config) refers to memseta.o(.text) for __aeabi_memclr4
    main.o(i.SystemClock_Config) refers to stm32f3xx_hal_pwr.o(i.HAL_PWR_EnableBkUpAccess) for HAL_PWR_EnableBkUpAccess
    main.o(i.SystemClock_Config) refers to stm32f3xx_hal_rcc.o(i.HAL_RCC_OscConfig) for HAL_RCC_OscConfig
    main.o(i.SystemClock_Config) refers to main.o(i.Error_Handler) for Error_Handler
    main.o(i.SystemClock_Config) refers to stm32f3xx_hal_rcc.o(i.HAL_RCC_ClockConfig) for HAL_RCC_ClockConfig
    main.o(i.SystemClock_Config) refers to stm32f3xx_hal_rcc_ex.o(i.HAL_RCCEx_PeriphCLKConfig) for HAL_RCCEx_PeriphCLKConfig
    main.o(i.main) refers to stm32f3xx_hal.o(i.HAL_Init) for HAL_Init
    main.o(i.main) refers to main.o(i.SystemClock_Config) for SystemClock_Config
    main.o(i.main) refers to queue.o(i.xQueueGenericCreateStatic) for xQueueGenericCreateStatic
    main.o(i.main) refers to gpio.o(i.MX_GPIO_Init) for MX_GPIO_Init
    main.o(i.main) refers to rtc.o(i.MX_RTC_Init) for MX_RTC_Init
    main.o(i.main) refers to spi.o(i.MX_SPI1_Init) for MX_SPI1_Init
    main.o(i.main) refers to usart.o(i.MX_USART1_UART_Init) for MX_USART1_UART_Init
    main.o(i.main) refers to tim.o(i.MX_TIM2_Init) for MX_TIM2_Init
    main.o(i.main) refers to usart.o(i.UART1_Init_IT) for UART1_Init_IT
    main.o(i.main) refers to rtc.o(i.LocalTime_Update) for LocalTime_Update
    main.o(i.main) refers to freertos.o(i.MX_FREERTOS_Init) for MX_FREERTOS_Init
    main.o(i.main) refers to cmsis_os.o(i.osKernelStart) for osKernelStart
    main.o(i.main) refers to main.o(.bss) for xAD7171SemBuffer
    main.o(i.main) refers to ad7171.o(.data) for ad7171_data_sem
    gpio.o(i.MX_GPIO_Init) refers to memseta.o(.text) for __aeabi_memclr4
    gpio.o(i.MX_GPIO_Init) refers to stm32f3xx_hal_gpio.o(i.HAL_GPIO_WritePin) for HAL_GPIO_WritePin
    gpio.o(i.MX_GPIO_Init) refers to stm32f3xx_hal_gpio.o(i.HAL_GPIO_Init) for HAL_GPIO_Init
    gpio.o(i.MX_GPIO_Init) refers to stm32f3xx_hal_cortex.o(i.HAL_NVIC_SetPriority) for HAL_NVIC_SetPriority
    gpio.o(i.MX_GPIO_Init) refers to stm32f3xx_hal_cortex.o(i.HAL_NVIC_EnableIRQ) for HAL_NVIC_EnableIRQ
    gpio.o(i.hard_GetKeyState) refers to stm32f3xx_hal_gpio.o(i.HAL_GPIO_ReadPin) for HAL_GPIO_ReadPin
    freertos.o(i.COLLECT_Task) refers to cmsis_os.o(i.osDelay) for osDelay
    freertos.o(i.COMM_Task) refers to cmsis_os.o(i.osDelay) for osDelay
    freertos.o(i.CONTROL_StartTask) refers to stm32f3xx_hal_gpio.o(i.HAL_GPIO_TogglePin) for HAL_GPIO_TogglePin
[...]
    HAL_GetTick                              0x08001db9   Thumb Code     6  stm32f3xx_hal.o(i.HAL_GetTick)
    HAL_GetUIDw0                             0x08001dc5   Thumb Code     6  stm32f3xx_hal.o(i.HAL_GetUIDw0)
    HAL_GetUIDw1                             0x08001dd1   Thumb Code     6  stm32f3xx_hal.o(i.HAL_GetUIDw1)
    HAL_GetUIDw2                             0x08001ddd   Thumb Code     6  stm32f3xx_hal.o(i.HAL_GetUIDw2)
    HAL_IncTick                              0x08001de9   Thumb Code    16  stm32f3xx_hal.o(i.HAL_IncTick)
    HAL_Init                                 0x08001e01   Thumb Code    34  stm32f3xx_hal.o(i.HAL_Init)
    HAL_InitTick                             0x08001e29   Thumb Code   136  stm32f3xx_hal_timebase_tim.o(i.HAL_InitTick)
    HAL_MspInit                              0x08001ec5   Thumb Code    68  stm32f3xx_hal_msp.o(i.HAL_MspInit)
    HAL_NVIC_DisableIRQ                      0x08001f0d   Thumb Code    62  stm32f3xx_hal_cortex.o(i.HAL_NVIC_DisableIRQ)
    HAL_NVIC_EnableIRQ                       0x08001f51   Thumb Code    32  stm32f3xx_hal_cortex.o(i.HAL_NVIC_EnableIRQ)
    HAL_NVIC_SetPriority                     0x08001f71   Thumb Code   124  stm32f3xx_hal_cortex.o(i.HAL_NVIC_SetPriority)
    HAL_NVIC_SetPriorityGrouping             0x08001fed   Thumb Code    32  stm32f3xx_hal_cortex.o(i.HAL_NVIC_SetPriorityGrouping)
    HAL_NVIC_SystemReset                     0x08002015   Thumb Code    60  stm32f3xx_hal_cortex.o(i.HAL_NVIC_SystemReset)
    HAL_PWR_EnableBkUpAccess                 0x08002059   Thumb Code    14  stm32f3xx_hal_pwr.o(i.HAL_PWR_EnableBkUpAccess)
    HAL_RCCEx_PeriphCLKConfig                0x0800206d   Thumb Code   726  stm32f3xx_hal_rcc_ex.o(i.HAL_RCCEx_PeriphCLKConfig)
    HAL_RCC_ClockConfig                      0x08002351   Thumb Code   664  stm32f3xx_hal_rcc.o(i.HAL_RCC_ClockConfig)
    HAL_RCC_GetClockConfig                   0x080025fd   Thumb Code    58  stm32f3xx_hal_rcc.o(i.HAL_RCC_GetClockConfig)
    HAL_RCC_GetHCLKFreq                      0x08002641   Thumb Code     6  stm32f3xx_hal_rcc.o(i.HAL_RCC_GetHCLKFreq)
    HAL_RCC_GetPCLK1Freq                     0x0800264d   Thumb Code    36  stm32f3xx_hal_rcc.o(i.HAL_RCC_GetPCLK1Freq)
    HAL_RCC_GetPCLK2Freq                     0x08002679   Thumb Code    36  stm32f3xx_hal_rcc.o(i.HAL_RCC_GetPCLK2Freq)
    HAL_RCC_GetSysClockFreq                  0x080026a5   Thumb Code   138  stm32f3xx_hal_rcc.o(i.HAL_RCC_GetSysClockFreq)
    HAL_RCC_OscConfig                        0x08002745   Thumb Code  2586  stm32f3xx_hal_rcc.o(i.HAL_RCC_OscConfig)
    HAL_RTCEx_BKUPRead                       0x08003169   Thumb Code    18  stm32f3xx_hal_rtc_ex.o(i.HAL_RTCEx_BKUPRead)
    HAL_RTC_GetDate                          0x0800317d   Thumb Code    72  stm32f3xx_hal_rtc.o(i.HAL_RTC_GetDate)
    HAL_RTC_GetTime                          0x080031c9   Thumb Code    92  stm32f3xx_hal_rtc.o(i.HAL_RTC_GetTime)
    HAL_RTC_Init                             0x08003229   Thumb Code   212  stm32f3xx_hal_rtc.o(i.HAL_RTC_Init)
    HAL_RTC_MspInit                          0x08003301   Thumb Code    32  rtc.o(i.HAL_RTC_MspInit)
    HAL_RTC_SetAlarm                         0x08003329   Thumb Code   460  stm32f3xx_hal_rtc.o(i.HAL_RTC_SetAlarm)
    HAL_RTC_SetDate                          0x080034f5   Thumb Code   254  stm32f3xx_hal_rtc.o(i.HAL_RTC_SetDate)
    HAL_RTC_SetTime                          0x080035f9   Thumb Code   296  stm32f3xx_hal_rtc.o(i.HAL_RTC_SetTime)
    HAL_RTC_WaitForSynchro                   0x08003725   Thumb Code    58  stm32f3xx_hal_rtc.o(i.HAL_RTC_WaitForSynchro)
    HAL_SPI_DeInit                           0x0800375f   Thumb Code    54  stm32f3xx_hal_spi.o(i.HAL_SPI_DeInit)
    HAL_SPI_Init                             0x08003795   Thumb Code   252  stm32f3xx_hal_spi.o(i.HAL_SPI_Init)
    HAL_SPI_MspDeInit                        0x08003891   Thumb Code    44  spi.o(i.HAL_SPI_MspDeInit)
    HAL_SPI_MspInit                          0x080038c9   Thumb Code   164  spi.o(i.HAL_SPI_MspInit)
    HAL_SPI_Transmit                         0x08003979   Thumb Code   490  stm32f3xx_hal_spi.o(i.HAL_SPI_Transmit)
    HAL_TIMEx_Break2Callback                 0x08003b63   Thumb Code     2  stm32f3xx_hal_tim_ex.o(i.HAL_TIMEx_Break2Callback)
    HAL_TIMEx_BreakCallback                  0x08003b65   Thumb Code     2  stm32f3xx_hal_tim_ex.o(i.HAL_TIMEx_BreakCallback)
    HAL_TIMEx_CommutCallback                 0x08003b67   Thumb Code     2  stm32f3xx_hal_tim_ex.o(i.HAL_TIMEx_CommutCallback)
    HAL_TIMEx_MasterConfigSynchronization    0x08003b69   Thumb Code   158  stm32f3xx_hal_tim_ex.o(i.HAL_TIMEx_MasterConfigSynchronization)
    HAL_TIM_Base_Init                        0x08003c1d   Thumb Code   110  stm32f3xx_hal_tim.o(i.HAL_TIM_Base_Init)
    HAL_TIM_Base_MspInit                     0x08003c8b   Thumb Code     2  stm32f3xx_hal_tim.o(i.HAL_TIM_Base_MspInit)
    HAL_TIM_Base_Start_IT                    0x08003c8d   Thumb Code   130  stm32f3xx_hal_tim.o(i.HAL_TIM_Base_Start_IT)
    HAL_TIM_IC_CaptureCallback               0x08003d29   Thumb Code   328  remote.o(i.HAL_TIM_IC_CaptureCallback)
    HAL_TIM_IC_ConfigChannel                 0x08003e89   Thumb Code   222  stm32f3xx_hal_tim.o(i.HAL_TIM_IC_ConfigChannel)
    HAL_TIM_IC_Init                          0x08003f67   Thumb Code   110  stm32f3xx_hal_tim.o(i.HAL_TIM_IC_Init)
    HAL_TIM_IC_MspInit                       0x08003fd5   Thumb Code     2  stm32f3xx_hal_tim.o(i.HAL_TIM_IC_MspInit)
    HAL_TIM_IC_Start_IT                      0x08003fd9   Thumb Code   408  stm32f3xx_hal_tim.o(i.HAL_TIM_IC_Start_IT)
    HAL_TIM_IRQHandler                       0x08004189   Thumb Code   440  stm32f3xx_hal_tim.o(i.HAL_TIM_IRQHandler)
    HAL_TIM_MspPostInit                      0x08004341   Thumb Code    80  tim.o(i.HAL_TIM_MspPostInit)
    HAL_TIM_OC_DelayElapsedCallback          0x08004395   Thumb Code     2  stm32f3xx_hal_tim.o(i.HAL_TIM_OC_DelayElapsedCallback)
    HAL_TIM_PWM_ConfigChannel                0x08004397   Thumb Code   368  stm32f3xx_hal_tim.o(i.HAL_TIM_PWM_ConfigChannel)
    HAL_TIM_PWM_Init                         0x08004507   Thumb Code   110  stm32f3xx_hal_tim.o(i.HAL_TIM_PWM_Init)
    HAL_TIM_PWM_MspInit                      0x08004575   Thumb Code   122  tim.o(i.HAL_TIM_PWM_MspInit)
    HAL_TIM_PWM_PulseFinishedCallback        0x080045f9   Thumb Code     2  stm32f3xx_hal_tim.o(i.HAL_TIM_PWM_PulseFinishedCallback)
    HAL_TIM_PeriodElapsedCallback            0x080045fd   Thumb Code    90  main.o(i.HAL_TIM_PeriodElapsedCallback)
    HAL_TIM_ReadCapturedValue                0x08004669   Thumb Code    50  stm32f3xx_hal_tim.o(i.HAL_TIM_ReadCapturedValue)
    HAL_TIM_TriggerCallback                  0x0800469b   Thumb Code     2  stm32f3xx_hal_tim.o(i.HAL_TIM_TriggerCallback)
    HAL_UARTEx_RxEventCallback               0x0800469d   Thumb Code     2  stm32f3xx_hal_uart.o(i.HAL_UARTEx_RxEventCallback)
    HAL_UARTEx_WakeupCallback                0x0800469f   Thumb Code     2  stm32f3xx_hal_uart_ex.o(i.HAL_UARTEx_WakeupCallback)
    HAL_UART_ErrorCallback                   0x080046a1   Thumb Code     2  stm32f3xx_hal_uart.o(i.HAL_UART_ErrorCallback)
    HAL_UART_IRQHandler                      0x080046a5   Thumb Code   826  stm32f3xx_hal_uart.o(i.HAL_UART_IRQHandler)
    HAL_UART_Init                            0x080049e9   Thumb Code   116  stm32f3xx_hal_uart.o(i.HAL_UART_Init)
    HAL_UART_MspInit                         0x08004a5d   Thumb Code   124  usart.o(i.HAL_UART_MspInit)
    HAL_UART_Receive                         0x08004ae5   Thumb Code   268  stm32f3xx_hal_uart.o(i.HAL_UART_Receive)
    HAL_UART_Transmit                        0x08004bf1   Thumb Code   210  stm32f3xx_hal_uart.o(i.HAL_UART_Transmit)
    HAL_UART_TxCpltCallback                  0x08004cc3   Thumb Code     2  stm32f3xx_hal_uart.o(i.HAL_UART_TxCpltCallback)
    HardFault_Handler                        0x08004cc5   Thumb Code     4  stm32f3xx_it.o(i.HardFault_Handler)
    KEY_Task                                 0x08004cc9   Thumb Code    30  keytask.o(i.KEY_Task)
    LCD_Address_Set                          0x08004ced   Thumb Code    58  lcd_init.o(i.LCD_Address_Set)
    LCD_Fill                                 0x08004d27   Thumb Code    74  lcd.o(i.LCD_Fill)
    LCD_GPIO_Init                            0x08004d71   Thumb Code   196  lcd_init.o(i.LCD_GPIO_Init)
    LCD_Init                                 0x08004e45   Thumb Code   410  lcd_init.o(i.LCD_Init)
    LCD_WR_DATA                              0x08004fe9   Thumb Code    18  lcd_init.o(i.LCD_WR_DATA)
    LCD_WR_DATA8                             0x08004ffb   Thumb Code    12  lcd_init.o(i.LCD_WR_DATA8)
    LCD_WR_REG                               0x08005007   Thumb Code    36  lcd_init.o(i.LCD_WR_REG)
    LCD_Writ_Bus                             0x0800502d   Thumb Code    98  lcd_init.o(i.LCD_Writ_Bus)
    LocalTime_SetRTC                         0x08005095   Thumb Code    98  rtc.o(i.LocalTime_SetRTC)
    LocalTime_Update                         0x080050fd   Thumb Code    66  rtc.o(i.LocalTime_Update)
    MX_FREERTOS_Init                         0x08005149   Thumb Code   150  freertos.o(i.MX_FREERTOS_Init)
    MX_GPIO_Init                             0x080051fd   Thumb Code   378  gpio.o(i.MX_GPIO_Init)
    MX_RTC_Init                              0x08005389   Thumb Code   236  rtc.o(i.MX_RTC_Init)
    MX_SPI1_Init                             0x08005481   Thumb Code    74  spi.o(i.MX_SPI1_Init)
    MX_TIM2_Init                             0x080054d5   Thumb Code   174  tim.o(i.MX_TIM2_Init)
    MX_USART1_UART_Init                      0x08005589   Thumb Code    56  usart.o(i.MX_USART1_UART_Init)
    MainMenu_Create                          0x08005fb1   Thumb Code    22  win_menu.o(i.MainMenu_Create)
    MainMenu_Create_A                        0x08005fd1   Thumb Code    22  win_menu.o(i.MainMenu_Create_A)
    MainMenu_Create_N                        0x08005ff1   Thumb Code    22  win_menu.o(i.MainMenu_Create_N)
    MainWin_Create                           0x08006269   Thumb Code    34  win_main.o(i.MainWin_Create)
    MainWin_UpdateIconBar                    0x080063a5   Thumb Code   262  win_main.o(i.MainWin_UpdateIconBar)
    MainWin_UpdateStatusBar                  0x080064d1   Thumb Code   214  win_main.o(i.MainWin_UpdateStatusBar)
    MainWin_UpdateTimeBar                    0x080065b9   Thumb Code   102  win_main.o(i.MainWin_UpdateTimeBar)
    MainWin_UpdateTitleBar                   0x08006639   Thumb Code    44  win_main.o(i.MainWin_UpdateTitleBar)
    MemManage_Handler                        0x080067d9   Thumb Code     4  stm32f3xx_it.o(i.MemManage_Handler)
    NMI_Handler                              0x080067dd   Thumb Code     4  stm32f3xx_it.o(i.NMI_Handler)
    REMOTE_TIM_PeriodElapsedCallback         0x080067e1   Thumb Code    98  remote.o(i.REMOTE_TIM_PeriodElapsedCallback)
    RTC_Bcd2ToByte                           0x08006849   Thumb Code    22  stm32f3xx_hal_rtc.o(i.RTC_Bcd2ToByte)
    RTC_ByteToBcd2                           0x0800685f   Thumb Code    26  stm32f3xx_hal_rtc.o(i.RTC_ByteToBcd2)
    RTC_EnterInitMode                        0x08006879   Thumb Code    62  stm32f3xx_hal_rtc.o(i.RTC_EnterInitMode)
    Remote_GetResult                         0x080068b9   Thumb Code    92  remote.o(i.Remote_GetResult)
    Remote_TimerStart                        0x08006921   Thumb Code    30  remote.o(i.Remote_TimerStart)
    SEGGER_RTT_Write                         0x08006945   Thumb Code    68  segger_rtt.o(i.SEGGER_RTT_Write)
    SEGGER_RTT_WriteNoLock                   0x0800698d   Thumb Code   126  segger_rtt.o(i.SEGGER_RTT_WriteNoLock)
    SEGGER_RTT_printf                        0x08006a11   Thumb Code    34  segger_rtt_printf.o(i.SEGGER_RTT_printf)
    SEGGER_RTT_vprintf                       0x08006a35   Thumb Code   678  segger_rtt_printf.o(i.SEGGER_RTT_vprintf)
    SelAuth_Create                           0x08006f15   Thumb Code    28  win_auth.o(i.SelAuth_Create)
    Send_Modbus                              0x08007145   Thumb Code    42  usart.o(i.Send_Modbus)
    StartDefaultTask                         0x080074f9   Thumb Code    10  freertos.o(i.StartDefaultTask)
    SysTick_Handler                          0x08007505   Thumb Code    46  port.o(i.SysTick_Handler)
    SystemClock_Config                       0x08007539   Thumb Code   158  main.o(i.SystemClock_Config)
    SystemInit                               0x080075dd   Thumb Code    14  system_stm32f3xx.o(i.SystemInit)
    TIM1_UP_TIM16_IRQHandler                 0x080075f1   Thumb Code    10  stm32f3xx_it.o(i.TIM1_UP_TIM16_IRQHandler)
    TIM2_IRQHandler                          0x08007601   Thumb Code    10  stm32f3xx_it.o(i.TIM2_IRQHandler)
    TIM_Base_SetConfig                       0x08007611   Thumb Code   158  stm32f3xx_hal_tim.o(i.TIM_Base_SetConfig)
    TIM_CCxChannelCmd                        0x080076cd   Thumb Code    34  stm32f3xx_hal_tim.o(i.TIM_CCxChannelCmd)
    TIM_OC2_SetConfig                        0x0800779d   Thumb Code   156  stm32f3xx_hal_tim.o(i.TIM_OC2_SetConfig)
    TIM_TI1_SetConfig                        0x08007a59   Thumb Code   102  stm32f3xx_hal_tim.o(i.TIM_TI1_SetConfig)
    UART1_Init_IT                            0x08007b85   Thumb Code    68  usart.o(i.UART1_Init_IT)
    UART_AdvFeatureConfig                    0x08007bd5   Thumb Code   248  stm32f3xx_hal_uart.o(i.UART_AdvFeatureConfig)
    UART_CheckIdleState                      0x08007ccd   Thumb Code   114  stm32f3xx_hal_uart.o(i.UART_CheckIdleState)
    UART_SetConfig                           0x08007de9   Thumb Code   624  stm32f3xx_hal_uart.o(i.UART_SetConfig)
    UART_WaitOnFlagUntilTimeout              0x08008075   Thumb Code   248  stm32f3xx_hal_uart.o(i.UART_WaitOnFlagUntilTimeout)
    USART1_IRQHandler                        0x0800816d   Thumb Code   140  stm32f3xx_it.o(i.USART1_IRQHandler)
    UsageFault_Handler                       0x08008201   Thumb Code     4  stm32f3xx_it.o(i.UsageFault_Handler)
    WinCurrent_Create                        0x08008349   Thumb Code    22  win_current.o(i.WinCurrent_Create)
    WinDateTime_Create                       0x08008369   Thumb Code    22  win_datetime.o(i.WinDateTime_Create)
    WinInformation_Create                    0x08008389   Thumb Code    22  win_information.o(i.WinInformation_Create)
    WinSystemSet_Create                      0x080083a9   Thumb Code    22  win_systemset.o(i.WinSystemSet_Create)
    __0snprintf                              0x08009de9   Thumb Code    44  printfa.o(i.__0snprintf)
    __1snprintf                              0x08009de9   Thumb Code     0  printfa.o(i.__0snprintf)
    __2snprintf                              0x08009de9   Thumb Code     0  printfa.o(i.__0snprintf)
    __c89snprintf                            0x08009de9   Thumb Code     0  printfa.o(i.__0snprintf)
    snprintf                                 0x08009de9   Thumb Code     0  printfa.o(i.__0snprintf)
    __0sprintf                               0x08009e19   Thumb Code    34  printfa.o(i.__0sprintf)
    __1sprintf                               0x08009e19   Thumb Code     0  printfa.o(i.__0sprintf)
    __2sprintf                               0x08009e19   Thumb Code     0  printfa.o(i.__0sprintf)
    __c89sprintf                             0x08009e19   Thumb Code     0  printfa.o(i.__0sprintf)
    sprintf                                  0x08009e19   Thumb Code     0  printfa.o(i.__0sprintf)
    __aeabi_errno_addr                       0x08009e79   Thumb Code     4  errno.o(i.__aeabi_errno_addr)
    __rt_errno_addr                          0x08009e79   Thumb Code     0  errno.o(i.__aeabi_errno_addr)
    __hardfp_atof                            0x08009e81   Thumb Code    44  atof.o(i.__hardfp_atof)
    __read_errno                             0x08009eb9   Thumb Code     6  errno.o(i.__read_errno)
    __scatterload_copy                       0x08009ec5   Thumb Code    14  handlers.o(i.__scatterload_copy)
    __scatterload_null                       0x08009ed3   Thumb Code     2  handlers.o(i.__scatterload_null)
    __scatterload_zeroinit                   0x08009ed5   Thumb Code    14  handlers.o(i.__scatterload_zeroinit)
    __set_errno                              0x08009ee5   Thumb Code     6  errno.o(i.__set_errno)
    _is_digit                                0x0800a075   Thumb Code    14  scanf_fp.o(i._is_digit)
    gas_CheckTimeDiff                        0x0800a7d3   Thumb Code    28  appconfig.o(i.gas_CheckTimeDiff)
    hard_GetKeyState                         0x0800a811   Thumb Code    56  gpio.o(i.hard_GetKeyState)
    lcd_Address_Set                          0x0800aa95   Thumb Code    58  lcd_init.o(i.lcd_Address_Set)
    lcd_BG_Active                            0x0800aad1   Thumb Code     8  lcd_init.o(i.lcd_BG_Active)
    lcd_WR_DATA_LEN                          0x0800ab4d   Thumb Code    48  lcd_init.o(i.lcd_WR_DATA_LEN)
    main                                     0x0800aba5   Thumb Code    80  main.o(i.main)
    osDelay                                  0x0800ac0b   Thumb Code    24  cmsis_os.o(i.osDelay)
    osKernelStart                            0x0800ac23   Thumb Code    10  cmsis_os.o(i.osKernelStart)
    osThreadCreate                           0x0800ac2d   Thumb Code    94  cmsis_os.o(i.osThreadCreate)
    pvPortMalloc                             0x0800b379   Thumb Code   296  heap_4.o(i.pvPortMalloc)
    pvTaskIncrementMutexHeldCount            0x0800b4b5   Thumb Code    26  tasks.o(i.pvTaskIncrementMutexHeldCount)
    pxPortInitialiseStack                    0x0800b4d5   Thumb Code    38  port.o(i.pxPortInitialiseStack)
    ui_AddData                               0x0800b501   Thumb Code    62  ui_draw.o(i.ui_AddData)
    ui_DrawBar                               0x0800b549   Thumb Code    86  ui_draw.o(i.ui_DrawBar)
    ui_DrawChar                              0x0800b59f   Thumb Code   224  ui_draw.o(i.ui_DrawChar)
    ui_DrawChar2                             0x0800b67f   Thumb Code   376  ui_draw.o(i.ui_DrawChar2)
    ui_DrawChinese                           0x0800b7f7   Thumb Code   148  ui_draw.o(i.ui_DrawChinese)
    ui_DrawString                            0x0800b88b   Thumb Code   172  ui_draw.o(i.ui_DrawString)
    ui_GetDrawWidth                          0x0800bafd   Thumb Code    72  ui_draw.o(i.ui_GetDrawWidth)
    ui_GetInputKey                           0x0800bb45   Thumb Code    16  ui_key.o(i.ui_GetInputKey)
    ui_ResetData                             0x0800bb59   Thumb Code     8  ui_draw.o(i.ui_ResetData)
    ui_SendData                              0x0800bb65   Thumb Code    36  ui_draw.o(i.ui_SendData)
    ui_SetInputKey                           0x0800bb91   Thumb Code    38  ui_key.o(i.ui_SetInputKey)
    ui_edit_create                           0x0800bf39   Thumb Code   158  ui_edit.o(i.ui_edit_create)
    ui_edit_create_ex                        0x0800bfe1   Thumb Code    68  ui_edit.o(i.ui_edit_create_ex)
    ui_format_string                         0x0800c4ad   Thumb Code   802  ui_base.o(i.ui_format_string)
    ui_icon_create                           0x0800c871   Thumb Code   148  ui_icon.o(i.ui_icon_create)
    ui_icon_draw                             0x0800c909   Thumb Code    64  ui_icon.o(i.ui_icon_draw)
    ui_lable_create                          0x0800c949   Thumb Code    18  ui_lable.o(i.ui_lable_create)
    ui_show_lable                            0x0800c977   Thumb Code    44  ui_base.o(i.ui_show_lable)
    ui_show_text                             0x0800c9a3   Thumb Code   262  ui_base.o(i.ui_show_text)
    ui_show_text_ex                          0x0800caa9   Thumb Code   130  ui_base.o(i.ui_show_text_ex)
    ui_widget_go_prev_win                    0x0800cb2b   Thumb Code    26  ui_event.o(i.ui_widget_go_prev_win)
    ui_widget_update                         0x0800cb45   Thumb Code    56  ui_event.o(i.ui_widget_update)
    ui_widgets_get_top_win                   0x0800cb7d   Thumb Code     6  ui_event.o(i.ui_widgets_get_top_win)
    ui_widgets_run_top_win                   0x0800cb89   Thumb Code    48  ui_event.o(i.ui_widgets_run_top_win)
    ui_widgets_set_top_win                   0x0800cbbd   Thumb Code     6  ui_event.o(i.ui_widgets_set_top_win)
    ui_window_create                         0x0800cbc9   Thumb Code    58  ui_win.o(i.ui_window_create)
    ui_window_draw                           0x0800cc0d   Thumb Code    66  ui_win.o(i.ui_window_draw)
    uxListRemove                             0x0800cc4f   Thumb Code    40  list.o(i.uxListRemove)
    vApplicationGetIdleTaskMemory            0x0800cc79   Thumb Code    14  freertos.o(i.vApplicationGetIdleTaskMemory)
    vListInitialise                          0x0800cc91   Thumb Code    26  list.o(i.vListInitialise)
    vListInitialiseItem                      0x0800ccab   Thumb Code     6  list.o(i.vListInitialiseItem)
    vListInsert                              0x0800ccb1   Thumb Code    52  list.o(i.vListInsert)
    vListInsertEnd                           0x0800cce5   Thumb Code    24  list.o(i.vListInsertEnd)
    vPortEnterCritical                       0x0800ccfd   Thumb Code    76  port.o(i.vPortEnterCritical)
    vPortExitCritical                        0x0800cd51   Thumb Code    56  port.o(i.vPortExitCritical)
    vPortFree                                0x0800cd8d   Thumb Code   140  heap_4.o(i.vPortFree)
    vPortSetupTimerInterrupt                 0x0800ce21   Thumb Code    36  port.o(i.vPortSetupTimerInterrupt)
    vPortValidateInterruptPriority           0x0800ce49   Thumb Code   106  port.o(i.vPortValidateInterruptPriority)
    vTaskDelay                               0x0800cec1   Thumb Code    82  tasks.o(i.vTaskDelay)
    vTaskInternalSetTimeOutState             0x0800cf1d   Thumb Code    14  tasks.o(i.vTaskInternalSetTimeOutState)
    vTaskMissedYield                         0x0800cf35   Thumb Code     8  tasks.o(i.vTaskMissedYield)
    vTaskPlaceOnEventList                    0x0800cf41   Thumb Code    52  tasks.o(i.vTaskPlaceOnEventList)
    vTaskPriorityDisinheritAfterTimeout      0x0800cf79   Thumb Code   230  tasks.o(i.vTaskPriorityDisinheritAfterTimeout)
    vTaskStartScheduler                      0x0800d06d   Thumb Code   146  tasks.o(i.vTaskStartScheduler)
    vTaskSuspendAll                          0x0800d11d   Thumb Code    12  tasks.o(i.vTaskSuspendAll)
    vTaskSwitchContext                       0x0800d12d   Thumb Code   118  tasks.o(i.vTaskSwitchContext)
    xPortStartScheduler                      0x0800d1b9   Thumb Code   330  port.o(i.xPortStartScheduler)
    xQueueGenericCreateStatic                0x0800d321   Thumb Code   222  queue.o(i.xQueueGenericCreateStatic)
    xQueueGenericReset                       0x0800d401   Thumb Code   146  queue.o(i.xQueueGenericReset)
    xQueueGiveFromISR                        0x0800d499   Thumb Code   224  queue.o(i.xQueueGiveFromISR)
    xQueueSemaphoreTake                      0x0800d579   Thumb Code   434  queue.o(i.xQueueSemaphoreTake)
    xTaskCheckForTimeOut                     0x0800d731   Thumb Code   132  tasks.o(i.xTaskCheckForTimeOut)
    xTaskCreate                              0x0800d7bd   Thumb Code   100  tasks.o(i.xTaskCreate)
    xTaskCreateStatic                        0x0800d821   Thumb Code   184  tasks.o(i.xTaskCreateStatic)
    xTaskGetSchedulerState                   0x0800d8d9   Thumb Code    24  tasks.o(i.xTaskGetSchedulerState)
    xTaskGetTickCount                        0x0800d8f9   Thumb Code     6  tasks.o(i.xTaskGetTickCount)
    xTaskIncrementTick                       0x0800d905   Thumb Code   282  tasks.o(i.xTaskIncrementTick)
    xTaskPriorityInherit                     0x0800da4d   Thumb Code   186  tasks.o(i.xTaskPriorityInherit)
    xTaskRemoveFromEventList                 0x0800db15   Thumb Code   128  tasks.o(i.xTaskRemoveFromEventList)
    xTaskResumeAll                           0x0800dbad   Thumb Code   224  tasks.o(i.xTaskResumeAll)
    aPLLMULFactorTable                       0x0800dd58   Data          16  stm32f3xx_hal_rcc.o(.constdata)
    aPredivFactorTable                       0x0800dd68   Data          16  stm32f3xx_hal_rcc.o(.constdata)
    AHBPrescTable                            0x0800dd78   Data          16  system_stm32f3xx.o(.constdata)
    APBPrescTable                            0x0800dd88   Data           8  system_stm32f3xx.o(.constdata)
    ascii_16X08                              0x0800dda0   Data        1520  ui_font_ascii.o(.constdata)
    ascii_24X12                              0x0800e390   Data        4560  ui_font_ascii.o(.constdata)
    ascii_32X16                              0x0800f560   Data        6080  ui_font_ascii.o(.constdata)
    ascii_16X08_lib                          0x08010d20   Data           8  ui_font_ascii.o(.constdata)
    ascii_24X12_lib                          0x08010d28   Data           8  ui_font_ascii.o(.constdata)
    ascii_32X16_lib                          0x08010d30   Data           8  ui_font_ascii.o(.constdata)
    GUI_FontHZ24x24                          0x08014e48   Data          12  ui_font24.o(.constdata)
    GUI_FontHZ48x48                          0x08015550   Data          12  ui_font48.o(.constdata)
    GUI_FontHZ64x64                          0x08015568   Data          12  ui_font64.o(.constdata)
    GUI_FontC64x64                           0x08015ef8   Data          12  ui_fontc64.o(.constdata)
    __ctype_table                            0x08015f04   Data         129  ctype_o.o(.constdata)
    Region$$Table$$Base                      0x080160b4   Number         0  anon$$obj.o(Region$$Table)
    Region$$Table$$Limit                     0x080160e4   Number         0  anon$$obj.o(Region$$Table)
    defaultTaskHandle                        0x20000000   Data           4  freertos.o(.data)
    guiTaskHandle                            0x20000004   Data           4  freertos.o(.data)
    keyTaskHandle                            0x20000008   Data           4  freertos.o(.data)
    collectTaskHandle                        0x2000000c   Data           4  freertos.o(.data)
    controlTaskHandle                        0x20000010   Data           4  freertos.o(.data)
    commTaskHandle                           0x20000014   Data           4  freertos.o(.data)
    gDateTime                                0x20000018   Data           6  rtc.o(.data)
    SysBaud                                  0x20000020   Data           4  usart.o(.data)
    uwTick                                   0x20000024   Data           4  stm32f3xx_hal.o(.data)
    uwTickPrio                               0x20000028   Data           4  stm32f3xx_hal.o(.data)
    uwTickFreq                               0x2000002c   Data           1  stm32f3xx_hal.o(.data)
    SystemCoreClock                          0x20000030   Data           4  system_stm32f3xx.o(.data)
    pxCurrentTCB                             0x20000034   Data           4  tasks.o(.data)
    AD_Collect_Timer                         0x200000a0   Data           1  ad7171.o(.data)
    ADChannel                                0x200000a1   Data           1  ad7171.o(.data)
    AD_Collect_count                         0x200000a2   Data           1  ad7171.o(.data)
    ad7171_data_sem                          0x200000a4   Data           4  ad7171.o(.data)
    adc_SelfCheck                            0x200000a8   Data           1  ad7171.o(.data)
    Date                                     0x200000ac   Data           4  appconfig.o(.data)
    Time                                     0x200000b0   Data           4  appconfig.o(.data)
    g_StartupFlag                            0x200000b4   Data           4  appconfig.o(.data)
    g_ViewData_Baud                          0x200000b8   Data          20  appconfig.o(.data)
    g_Digital                                0x200000d0   Data           4  ui_base.o(.data)
    acB4AE                                   0x200000e0   Data          72  ui_font24.o(.data)
    acBFDA                                   0x20000128   Data          72  ui_font24.o(.data)
    TFtimflag                                0x20000174   Data           1  win_main.o(.data)
    _tmp_snt                                 0x20000175   Data           1  win_main.o(.data)
    _tmp_snt1                                0x20000176   Data           1  win_main.o(.data)
    Alarm_Test                               0x200001c0   Data           1  win_main.o(.data)
    Record_Test                              0x200001c1   Data           1  win_main.o(.data)
    g_SelAuth                                0x20000204   Data           4  win_auth.o(.data)
    g_SelAuth_id                             0x20000208   Data           1  win_auth.o(.data)
    MainMenuWidgetsList                      0x2000087c   Data          28  win_menu.o(.data)
    MainMenuWidgetsList_N                    0x20000898   Data          16  win_menu.o(.data)
    MainMenuWidgetsList_A                    0x200008a8   Data          24  win_menu.o(.data)
    g_Menu1_ItemSelected                     0x200008c0   Data           2  win_menu.o(.data)
    IconList_N                               0x200008c4   Data          12  win_menu.o(.data)
    IconList_A                               0x200008d0   Data          20  win_menu.o(.data)
    IconList                                 0x200008e4   Data          24  win_menu.o(.data)
    g_SelectChannel                          0x20000a68   Data           2  win_current.o(.data)
    outDacValue                              0x20000a78   Data           4  win_current.o(.data)
    xAD7171SemBuffer                         0x20000a8c   Data          72  main.o(.bss)
    defaultTaskBuffer                        0x20000ad4   Data         512  freertos.o(.bss)
    defaultTaskControlBlock                  0x20000cd4   Data          84  freertos.o(.bss)
    guitaskBuffer                            0x20000d28   Data        1024  freertos.o(.bss)
    guitaskControlBlock                      0x20001128   Data          84  freertos.o(.bss)
    keyTaskBuffer                            0x2000117c   Data        1024  freertos.o(.bss)
    keyTaskControlBlock                      0x2000157c   Data          84  freertos.o(.bss)
    gasTaskBuffer                            0x200015d0   Data        2048  freertos.o(.bss)
    gasTaskControlBlock                      0x20001dd0   Data          84  freertos.o(.bss)
    ControlTaskBuffer                        0x20001e24   Data        1024  freertos.o(.bss)
    ControlTaskControlBlock                  0x20002224   Data          84  freertos.o(.bss)
    commTaskBuffer                           0x20002278   Data        4096  freertos.o(.bss)
    commTaskControlBlock                     0x20003278   Data          84  freertos.o(.bss)
    hrtc                                     0x20003520   Data          32  rtc.o(.bss)
    hspi1                                    0x20003540   Data         100  spi.o(.bss)
    htim2                                    0x200035a4   Data          76  tim.o(.bss)
    g_ModbusEntry                            0x200035f0   Data         544  usart.o(.bss)
    huart1                                   0x20003810   Data         132  usart.o(.bss)
    htim1                                    0x20003894   Data          76  stm32f3xx_hal_timebase_tim.o(.bss)
    gAlarmParam                              0x200045e0   Data          16  appconfig.o(.bss)
    gSystemData                              0x200045f0   Data         104  appconfig.o(.bss)
    gCalidata                                0x20004658   Data          88  appconfig.o(.bss)
    hardKey                                  0x200046cc   Data          12  keytask.o(.bss)
    remoteKey                                0x200046d8   Data          12  keytask.o(.bss)
    _SEGGER_RTT                              0x200046e4   Data         168  segger_rtt.o(.bss)
    Channel_Config                           0x20004b9c   Data         184  ad_config.o(.bss)
    gas_Data_Flag                            0x20004c54   Data          32  ad_config.o(.bss)
    gas_Channel                              0x20004c74   Data          32  ad_config.o(.bss)
    g_EditData                               0x20004c94   Data         204  ui_base.o(.bss)
    __initial_sp                             0x20005190   Data           0  startup_stm32f303xc.o(STACK)



==============================================================================

Memory Map of the image

  Image Entry point : 0x08000189

  Load Region LR_IROM1 (Base: 0x08000000, Size: 0x00016b70, Max: 0x00020000, ABSOLUTE, COMPRESSED[0x00016260])

    Execution Region ER_IROM1 (Exec base: 0x08000000, Load base: 0x08000000, Size: 0x000160e4, Max: 0x00020000, ABSOLUTE)

    Exec Addr    Load Addr    Size         Type   Attr      Idx    E Section Name        Object

    0x08000000   0x08000000   0x00000188   Data   RO            3    RESET               startup_stm32f303xc.o
    0x08000188   0x08000188   0x00000000   Code   RO         8569  * .ARM.Collect$$$$00000000  mc_w.l(entry.o)
    0x08000188   0x08000188   0x00000004   Code   RO         8892    .ARM.Collect$$$$00000001  mc_w.l(entry2.o)
    0x0800018c   0x0800018c   0x00000004   Code   RO         8895    .ARM.Collect$$$$00000004  mc_w.l(entry5.o)
    0x08000190   0x08000190   0x00000000   Code   RO         8897    .ARM.Collect$$$$00000008  mc_w.l(entry7b.o)
    0x08000190   0x08000190   0x00000000   Code   RO         8899    .ARM.Collect$$$$0000000A  mc_w.l(entry8b.o)
    0x08000190   0x08000190   0x00000008   Code   RO         8900    .ARM.Collect$$$$0000000B  mc_w.l(entry9a.o)
    0x08000198   0x08000198   0x00000000   Code   RO         8902    .ARM.Collect$$$$0000000D  mc_w.l(entry10a.o)
    0x08000198   0x08000198   0x00000000   Code   RO         8904    .ARM.Collect$$$$0000000F  mc_w.l(entry11a.o)
    0x08000198   0x08000198   0x00000004   Code   RO         8893    .ARM.Collect$$$$00002712  mc_w.l(entry2.o)
    0x0800019c   0x0800019c   0x000000be   Code   RO         5938    .emb_text           port.o
    0x0800025a   0x0800025a   0x00000002   PAD
    0x0800025c   0x0800025c   0x00000024   Code   RO            4    .text               startup_stm32f303xc.o
    0x08000280   0x08000280   0x00000062   Code   RO         8572    .text               mc_w.l(uldiv.o)
    0x080002e2   0x080002e2   0x00000020   Code   RO         8574    .text               mc_w.l(llushr.o)
    0x08000302   0x08000302   0x00000024   Code   RO         8579    .text               mc_w.l(memcpya.o)
    0x08000326   0x08000326   0x00000024   Code   RO         8583    .text               mc_w.l(memseta.o)
    0x0800034a   0x0800034a   0x0000000e   Code   RO         8585    .text               mc_w.l(strlen.o)
    0x08000358   0x08000358   0x00000012   Code   RO         8587    .text               mc_w.l(strcpy.o)
    0x0800036a   0x0800036a   0x0000001a   Code   RO         8880    .text               mc_w.l(atoi.o)
    0x08000384   0x08000384   0x0000001a   Code   RO         8882    .text               mc_w.l(atoll.o)
    0x0800039e   0x0800039e   0x0000014e   Code   RO         8884    .text               mf_w.l(dadd.o)
    0x080004ec   0x080004ec   0x000000e4   Code   RO         8886    .text               mf_w.l(dmul.o)
    0x080005d0   0x080005d0   0x00000026   Code   RO         8888    .text               mf_w.l(f2d.o)
    0x080005f6   0x080005f6   0x00000038   Code   RO         8890    .text               mf_w.l(d2f.o)
    0x0800062e   0x0800062e   0x0000002c   Code   RO         8909    .text               mc_w.l(uidiv.o)
    0x0800065a   0x0800065a   0x0000001e   Code   RO         8911    .text               mc_w.l(llshl.o)
    0x08000678   0x08000678   0x00000024   Code   RO         8913    .text               mc_w.l(llsshr.o)
    0x0800069c   0x0800069c   0x0000009c   Code   RO         8924    .text               mc_w.l(strtod.o)
    0x08000738   0x08000738   0x00000070   Code   RO         8926    .text               mc_w.l(strtol.o)
    0x080007a8   0x080007a8   0x00000090   Code   RO         8928    .text               mc_w.l(__strtoll.o)
    0x08000838   0x08000838   0x00000000   Code   RO         8930    .text               mc_w.l(iusefp.o)
    0x08000838   0x08000838   0x0000006e   Code   RO         8931    .text               mf_w.l(fepilogue.o)
    0x080008a6   0x080008a6   0x000000ba   Code   RO         8933    .text               mf_w.l(depilogue.o)
    0x08000960   0x08000960   0x000000de   Code   RO         8935    .text               mf_w.l(ddiv.o)
    0x08000a3e   0x08000a3e   0x00000030   Code   RO         8937    .text               mf_w.l(dfixul.o)
    0x08000a6e   0x08000a6e   0x00000002   PAD
    0x08000a70   0x08000a70   0x00000030   Code   RO         8939    .text               mf_w.l(cdrcmple.o)
    0x08000aa0   0x08000aa0   0x00000024   Code   RO         8941    .text               mc_w.l(init.o)
    0x08000ac4   0x08000ac4   0x00000008   Code   RO         8946    .text               mc_w.l(ctype_o.o)
    0x08000acc   0x08000acc   0x00000012   Code   RO         8968    .text               mc_w.l(isspace_o.o)
    0x08000ade   0x08000ade   0x00000002   PAD
    0x08000ae0   0x08000ae0   0x00000360   Code   RO         8974    .text               mc_w.l(scanf_fp.o)
    0x08000e40   0x08000e40   0x00000040   Code   RO         8978    .text               mc_w.l(_sgetc.o)
    0x08000e80   0x08000e80   0x0000009e   Code   RO         8980    .text               mc_w.l(_strtoul.o)
    0x08000f1e   0x08000f1e   0x000000c2   Code   RO         8982    .text               mc_w.l(_strtoull.o)
    0x08000fe0   0x08000fe0   0x0000001c   Code   RO         8988    .text               mc_w.l(_chval.o)
    0x08000ffc   0x08000ffc   0x00000018   Code   RO         8990    .text               mf_w.l(dfltul.o)
    0x08001014   0x08001014   0x00000056   Code   RO         9000    .text               mc_w.l(__dczerorl2.o)
    0x0800106a   0x0800106a   0x00000002   PAD
    0x0800106c   0x0800106c   0x0000003c   Code   RO         6018    i.AD7171_Check      ad7171.o
    0x080010a8   0x080010a8   0x00000128   Code   RO         6019    i.AD7171_CollectHandle  ad7171.o
    0x080011d0   0x080011d0   0x00000018   Code   RO         6020    i.AD7171_DelayUs    ad7171.o
    0x080011e8   0x080011e8   0x00000054   Code   RO         6021    i.AD7171_GetResult  ad7171.o
    0x0800123c   0x0800123c   0x0000002a   Code   RO         6022    i.AD7171_Init       ad7171.o
    0x08001266   0x08001266   0x00000002   PAD
    0x08001268   0x08001268   0x00000074   Code   RO         6023    i.AD7171_ReadWord   ad7171.o
    0x080012dc   0x080012dc   0x00000038   Code   RO         8054    i.AuthCheck         win_auth.o
    0x08001314   0x08001314   0x00000034   Code   RO         8055    i.AuthExpand        win_auth.o
    0x08001348   0x08001348   0x00000004   Code   RO          755    i.BusFault_Handler  stm32f3xx_it.o
    0x0800134c   0x0800134c   0x00000084   Code   RO         6081    i.COLLECT_Task      collecttask.o
    0x080013d0   0x080013d0   0x00000038   Code   RO         6183    i.COMM_Task         commtask.o
    0x08001408   0x08001408   0x00000018   Code   RO          459    i.CONTROL_StartTask  freertos.o
    0x08001420   0x08001420   0x00000002   Code   RO          756    i.DebugMon_Handler  stm32f3xx_it.o
    0x08001422   0x08001422   0x00000002   PAD
    0x08001424   0x08001424   0x00000040   Code   RO          757    i.EXTI15_10_IRQHandler  stm32f3xx_it.o
    0x08001464   0x08001464   0x00000006   Code   RO           13    i.Error_Handler     main.o
    0x0800146a   0x0800146a   0x00000002   PAD
    0x0800146c   0x0800146c   0x0000008c   Code   RO         6123    i.GUI_Task          guitask.o
    0x080014f8   0x080014f8   0x0000023c   Code   RO         8267    i.Gas_SNname        win_information.o
    0x08001734   0x08001734   0x00000010   Code   RO         6211    i.GetDeviceType     appconfig.o
    0x08001744   0x08001744   0x0000003c   Code   RO         6212    i.GetDeviceUID      appconfig.o
    0x08001780   0x08001780   0x00000234   Code   RO         6213    i.GetSoftwareStamp  appconfig.o
    0x080019b4   0x080019b4   0x0000000c   Code   RO         6214    i.GetSoftwareVersion  appconfig.o
    0x080019c0   0x080019c0   0x00000054   Code   RO         1293    i.HAL_DMA_Abort     stm32f3xx_hal_dma.o
    0x08001a14   0x08001a14   0x00000058   Code   RO         1294    i.HAL_DMA_Abort_IT  stm32f3xx_hal_dma.o
    0x08001a6c   0x08001a6c   0x00000028   Code   RO          911    i.HAL_Delay         stm32f3xx_hal.o
    0x08001a94   0x08001a94   0x00000118   Code   RO         1225    i.HAL_GPIO_DeInit   stm32f3xx_hal_gpio.o
    0x08001bac   0x08001bac   0x00000002   Code   RO         1226    i.HAL_GPIO_EXTI_Callback  stm32f3xx_hal_gpio.o
    0x08001bae   0x08001bae   0x00000002   PAD
    0x08001bb0   0x08001bb0   0x0000001c   Code   RO         1227    i.HAL_GPIO_EXTI_IRQHandler  stm32f3xx_hal_gpio.o
    0x08001bcc   0x08001bcc   0x000001bc   Code   RO         1228    i.HAL_GPIO_Init     stm32f3xx_hal_gpio.o
    0x08001d88   0x08001d88   0x00000010   Code   RO         1230    i.HAL_GPIO_ReadPin  stm32f3xx_hal_gpio.o
    0x08001d98   0x08001d98   0x00000014   Code   RO         1231    i.HAL_GPIO_TogglePin  stm32f3xx_hal_gpio.o
    0x08001dac   0x08001dac   0x0000000a   Code   RO         1232    i.HAL_GPIO_WritePin  stm32f3xx_hal_gpio.o
    0x08001db6   0x08001db6   0x00000002   PAD
    0x08001db8   0x08001db8   0x0000000c   Code   RO          915    i.HAL_GetTick       stm32f3xx_hal.o
    0x08001dc4   0x08001dc4   0x0000000c   Code   RO          918    i.HAL_GetUIDw0      stm32f3xx_hal.o
    0x08001dd0   0x08001dd0   0x0000000c   Code   RO          919    i.HAL_GetUIDw1      stm32f3xx_hal.o
    0x08001ddc   0x08001ddc   0x0000000c   Code   RO          920    i.HAL_GetUIDw2      stm32f3xx_hal.o
    0x08001de8   0x08001de8   0x00000018   Code   RO          921    i.HAL_IncTick       stm32f3xx_hal.o
    0x08001e00   0x08001e00   0x00000028   Code   RO          922    i.HAL_Init          stm32f3xx_hal.o
    0x08001e28   0x08001e28   0x0000009c   Code   RO          865    i.HAL_InitTick      stm32f3xx_hal_timebase_tim.o
    0x08001ec4   0x08001ec4   0x00000048   Code   RO          841    i.HAL_MspInit       stm32f3xx_hal_msp.o
    0x08001f0c   0x08001f0c   0x00000044   Code   RO         1395    i.HAL_NVIC_DisableIRQ  stm32f3xx_hal_cortex.o
    0x08001f50   0x08001f50   0x00000020   Code   RO         1396    i.HAL_NVIC_EnableIRQ  stm32f3xx_hal_cortex.o
    0x08001f70   0x08001f70   0x0000007c   Code   RO         1402    i.HAL_NVIC_SetPriority  stm32f3xx_hal_cortex.o
    0x08001fec   0x08001fec   0x00000028   Code   RO         1403    i.HAL_NVIC_SetPriorityGrouping  stm32f3xx_hal_cortex.o
    0x08002014   0x08002014   0x00000044   Code   RO         1404    i.HAL_NVIC_SystemReset  stm32f3xx_hal_cortex.o
    0x08002058   0x08002058   0x00000014   Code   RO         1536    i.HAL_PWR_EnableBkUpAccess  stm32f3xx_hal_pwr.o
    0x0800206c   0x0800206c   0x000002e4   Code   RO         1185    i.HAL_RCCEx_PeriphCLKConfig  stm32f3xx_hal_rcc_ex.o
    0x08002350   0x08002350   0x000002ac   Code   RO         1079    i.HAL_RCC_ClockConfig  stm32f3xx_hal_rcc.o
    0x080025fc   0x080025fc   0x00000044   Code   RO         1083    i.HAL_RCC_GetClockConfig  stm32f3xx_hal_rcc.o
    0x08002640   0x08002640   0x0000000c   Code   RO         1084    i.HAL_RCC_GetHCLKFreq  stm32f3xx_hal_rcc.o
    0x0800264c   0x0800264c   0x0000002c   Code   RO         1086    i.HAL_RCC_GetPCLK1Freq  stm32f3xx_hal_rcc.o
    0x08002678   0x08002678   0x0000002c   Code   RO         1087    i.HAL_RCC_GetPCLK2Freq  stm32f3xx_hal_rcc.o
    0x080026a4   0x080026a4   0x000000a0   Code   RO         1088    i.HAL_RCC_GetSysClockFreq  stm32f3xx_hal_rcc.o
    0x08002744   0x08002744   0x00000a24   Code   RO         1091    i.HAL_RCC_OscConfig  stm32f3xx_hal_rcc.o
    0x08003168   0x08003168   0x00000012   Code   RO         2635    i.HAL_RTCEx_BKUPRead  stm32f3xx_hal_rtc_ex.o
    0x0800317a   0x0800317a   0x00000002   PAD
    0x0800317c   0x0800317c   0x0000004c   Code   RO         2476    i.HAL_RTC_GetDate   stm32f3xx_hal_rtc.o
    0x080031c8   0x080031c8   0x00000060   Code   RO         2478    i.HAL_RTC_GetTime   stm32f3xx_hal_rtc.o
    0x08003228   0x08003228   0x000000d8   Code   RO         2479    i.HAL_RTC_Init      stm32f3xx_hal_rtc.o
    0x08003300   0x08003300   0x00000028   Code   RO          541    i.HAL_RTC_MspInit   rtc.o
    0x08003328   0x08003328   0x000001cc   Code   RO         2483    i.HAL_RTC_SetAlarm  stm32f3xx_hal_rtc.o
    0x080034f4   0x080034f4   0x00000104   Code   RO         2485    i.HAL_RTC_SetDate   stm32f3xx_hal_rtc.o
    0x080035f8   0x080035f8   0x0000012c   Code   RO         2486    i.HAL_RTC_SetTime   stm32f3xx_hal_rtc.o
    0x08003724   0x08003724   0x0000003a   Code   RO         2487    i.HAL_RTC_WaitForSynchro  stm32f3xx_hal_rtc.o
    0x0800375e   0x0800375e   0x00000036   Code   RO         2868    i.HAL_SPI_DeInit    stm32f3xx_hal_spi.o
    0x08003794   0x08003794   0x000000fc   Code   RO         2873    i.HAL_SPI_Init      stm32f3xx_hal_spi.o
    0x08003890   0x08003890   0x00000038   Code   RO          601    i.HAL_SPI_MspDeInit  spi.o
    0x080038c8   0x080038c8   0x000000b0   Code   RO          602    i.HAL_SPI_MspInit   spi.o
    0x08003978   0x08003978   0x000001ea   Code   RO         2881    i.HAL_SPI_Transmit  stm32f3xx_hal_spi.o
    0x08003b62   0x08003b62   0x00000002   Code   RO         3940    i.HAL_TIMEx_Break2Callback  stm32f3xx_hal_tim_ex.o
    0x08003b64   0x08003b64   0x00000002   Code   RO         3941    i.HAL_TIMEx_BreakCallback  stm32f3xx_hal_tim_ex.o
    0x08003b66   0x08003b66   0x00000002   Code   RO         3942    i.HAL_TIMEx_CommutCallback  stm32f3xx_hal_tim_ex.o
    0x08003b68   0x08003b68   0x000000b4   Code   RO         3961    i.HAL_TIMEx_MasterConfigSynchronization  stm32f3xx_hal_tim_ex.o
    0x08003c1c   0x08003c1c   0x0000006e   Code   RO         3215    i.HAL_TIM_Base_Init  stm32f3xx_hal_tim.o
    0x08003c8a   0x08003c8a   0x00000002   Code   RO         3217    i.HAL_TIM_Base_MspInit  stm32f3xx_hal_tim.o
    0x08003c8c   0x08003c8c   0x0000009c   Code   RO         3220    i.HAL_TIM_Base_Start_IT  stm32f3xx_hal_tim.o
    0x08003d28   0x08003d28   0x00000160   Code   RO         8515    i.HAL_TIM_IC_CaptureCallback  remote.o
    0x08003e88   0x08003e88   0x000000de   Code   RO         3251    i.HAL_TIM_IC_ConfigChannel  stm32f3xx_hal_tim.o
    0x08003f66   0x08003f66   0x0000006e   Code   RO         3254    i.HAL_TIM_IC_Init   stm32f3xx_hal_tim.o
    0x08003fd4   0x08003fd4   0x00000002   Code   RO         3256    i.HAL_TIM_IC_MspInit  stm32f3xx_hal_tim.o
    0x08003fd6   0x08003fd6   0x00000002   PAD
    0x08003fd8   0x08003fd8   0x000001b0   Code   RO         3259    i.HAL_TIM_IC_Start_IT  stm32f3xx_hal_tim.o
    0x08004188   0x08004188   0x000001b8   Code   RO         3263    i.HAL_TIM_IRQHandler  stm32f3xx_hal_tim.o
    0x08004340   0x08004340   0x00000054   Code   RO          643    i.HAL_TIM_MspPostInit  tim.o
    0x08004394   0x08004394   0x00000002   Code   RO         3266    i.HAL_TIM_OC_DelayElapsedCallback  stm32f3xx_hal_tim.o
    0x08004396   0x08004396   0x00000170   Code   RO         3287    i.HAL_TIM_PWM_ConfigChannel  stm32f3xx_hal_tim.o
    0x08004506   0x08004506   0x0000006e   Code   RO         3290    i.HAL_TIM_PWM_Init  stm32f3xx_hal_tim.o
    0x08004574   0x08004574   0x00000084   Code   RO          645    i.HAL_TIM_PWM_MspInit  tim.o
    0x080045f8   0x080045f8   0x00000002   Code   RO         3293    i.HAL_TIM_PWM_PulseFinishedCallback  stm32f3xx_hal_tim.o
    0x080045fa   0x080045fa   0x00000002   PAD
    0x080045fc   0x080045fc   0x0000006c   Code   RO           14    i.HAL_TIM_PeriodElapsedCallback  main.o
    0x08004668   0x08004668   0x00000032   Code   RO         3303    i.HAL_TIM_ReadCapturedValue  stm32f3xx_hal_tim.o
    0x0800469a   0x0800469a   0x00000002   Code   RO         3306    i.HAL_TIM_TriggerCallback  stm32f3xx_hal_tim.o
    0x0800469c   0x0800469c   0x00000002   Code   RO         4228    i.HAL_UARTEx_RxEventCallback  stm32f3xx_hal_uart.o
    0x0800469e   0x0800469e   0x00000002   Code   RO         4624    i.HAL_UARTEx_WakeupCallback  stm32f3xx_hal_uart_ex.o
    0x080046a0   0x080046a0   0x00000002   Code   RO         4244    i.HAL_UART_ErrorCallback  stm32f3xx_hal_uart.o
    0x080046a2   0x080046a2   0x00000002   PAD
    0x080046a4   0x080046a4   0x00000344   Code   RO         4247    i.HAL_UART_IRQHandler  stm32f3xx_hal_uart.o
    0x080049e8   0x080049e8   0x00000074   Code   RO         4248    i.HAL_UART_Init     stm32f3xx_hal_uart.o
    0x08004a5c   0x08004a5c   0x00000088   Code   RO          692    i.HAL_UART_MspInit  usart.o
    0x08004ae4   0x08004ae4   0x0000010c   Code   RO         4251    i.HAL_UART_Receive  stm32f3xx_hal_uart.o
    0x08004bf0   0x08004bf0   0x000000d2   Code   RO         4257    i.HAL_UART_Transmit  stm32f3xx_hal_uart.o
    0x08004cc2   0x08004cc2   0x00000002   Code   RO         4260    i.HAL_UART_TxCpltCallback  stm32f3xx_hal_uart.o
    0x08004cc4   0x08004cc4   0x00000004   Code   RO          758    i.HardFault_Handler  stm32f3xx_it.o
    0x08004cc8   0x08004cc8   0x00000024   Code   RO         6276    i.KEY_Task          keytask.o
    0x08004cec   0x08004cec   0x0000003a   Code   RO         6738    i.LCD_Address_Set   lcd_init.o
    0x08004d26   0x08004d26   0x0000004a   Code   RO         6704    i.LCD_Fill          lcd.o
    0x08004d70   0x08004d70   0x000000d4   Code   RO         6739    i.LCD_GPIO_Init     lcd_init.o
    0x08004e44   0x08004e44   0x000001a4   Code   RO         6740    i.LCD_Init          lcd_init.o
    0x08004fe8   0x08004fe8   0x00000012   Code   RO         6741    i.LCD_WR_DATA       lcd_init.o
    0x08004ffa   0x08004ffa   0x0000000c   Code   RO         6742    i.LCD_WR_DATA8      lcd_init.o
    0x08005006   0x08005006   0x00000024   Code   RO         6743    i.LCD_WR_REG        lcd_init.o
    0x0800502a   0x0800502a   0x00000002   PAD
    0x0800502c   0x0800502c   0x00000068   Code   RO         6744    i.LCD_Writ_Bus      lcd_init.o
    0x08005094   0x08005094   0x00000068   Code   RO          542    i.LocalTime_SetRTC  rtc.o
    0x080050fc   0x080050fc   0x0000004c   Code   RO          544    i.LocalTime_Update  rtc.o
    0x08005148   0x08005148   0x000000b4   Code   RO          462    i.MX_FREERTOS_Init  freertos.o
    0x080051fc   0x080051fc   0x0000018c   Code   RO          259    i.MX_GPIO_Init      gpio.o
    0x08005388   0x08005388   0x000000f8   Code   RO          545    i.MX_RTC_Init       rtc.o
    0x08005480   0x08005480   0x00000054   Code   RO          603    i.MX_SPI1_Init      spi.o
    0x080054d4   0x080054d4   0x000000b4   Code   RO          646    i.MX_TIM2_Init      tim.o
    0x08005588   0x08005588   0x00000040   Code   RO          693    i.MX_USART1_UART_Init  usart.o
    0x080055c8   0x080055c8   0x00000384   Code   RO         8128    i.MainMenu_Callback  win_menu.o
    0x0800594c   0x0800594c   0x00000350   Code   RO         8129    i.MainMenu_Callback_A  win_menu.o
    0x08005c9c   0x08005c9c   0x00000314   Code   RO         8130    i.MainMenu_Callback_N  win_menu.o
    0x08005fb0   0x08005fb0   0x00000020   Code   RO         8131    i.MainMenu_Create   win_menu.o
    0x08005fd0   0x08005fd0   0x00000020   Code   RO         8132    i.MainMenu_Create_A  win_menu.o
    0x08005ff0   0x08005ff0   0x00000020   Code   RO         8133    i.MainMenu_Create_N  win_menu.o
    0x08006010   0x08006010   0x00000070   Code   RO         8134    i.MainMenu_InitWidgetsList  win_menu.o
    0x08006080   0x08006080   0x00000064   Code   RO         8135    i.MainMenu_InitWidgetsList_A  win_menu.o
    0x080060e4   0x080060e4   0x0000004c   Code   RO         8136    i.MainMenu_InitWidgetsList_N  win_menu.o
    0x08006130   0x08006130   0x00000138   Code   RO         7953    i.MainWin_Callback  win_main.o
    0x08006268   0x08006268   0x0000002c   Code   RO         7954    i.MainWin_Create    win_main.o
    0x08006294   0x08006294   0x00000034   Code   RO         7955    i.MainWin_Init      win_main.o
    0x080062c8   0x080062c8   0x0000006c   Code   RO         7956    i.MainWin_Paint     win_main.o
    0x08006334   0x08006334   0x0000002c   Code   RO         7957    i.MainWin_TimerCallback  win_main.o
    0x08006360   0x08006360   0x00000044   Code   RO         7958    i.MainWin_Update    win_main.o
    0x080063a4   0x080063a4   0x0000012c   Code   RO         7959    i.MainWin_UpdateIconBar  win_main.o
    0x080064d0   0x080064d0   0x000000e8   Code   RO         7960    i.MainWin_UpdateStatusBar  win_main.o
    0x080065b8   0x080065b8   0x00000080   Code   RO         7961    i.MainWin_UpdateTimeBar  win_main.o
    0x08006638   0x08006638   0x0000002c   Code   RO         7962    i.MainWin_UpdateTitleBar  win_main.o
    0x08006664   0x08006664   0x00000174   Code   RO         7963    i.MainWin_UpdateViewData  win_main.o
    0x080067d8   0x080067d8   0x00000004   Code   RO          759    i.MemManage_Handler  stm32f3xx_it.o
    0x080067dc   0x080067dc   0x00000004   Code   RO          760    i.NMI_Handler       stm32f3xx_it.o
    0x080067e0   0x080067e0   0x00000068   Code   RO         8516    i.REMOTE_TIM_PeriodElapsedCallback  remote.o
    0x08006848   0x08006848   0x00000016   Code   RO         2488    i.RTC_Bcd2ToByte    stm32f3xx_hal_rtc.o
    0x0800685e   0x0800685e   0x0000001a   Code   RO         2489    i.RTC_ByteToBcd2    stm32f3xx_hal_rtc.o
    0x08006878   0x08006878   0x0000003e   Code   RO         2490    i.RTC_EnterInitMode  stm32f3xx_hal_rtc.o
    0x080068b6   0x080068b6   0x00000002   PAD
    0x080068b8   0x080068b8   0x00000068   Code   RO         8517    i.Remote_GetResult  remote.o
    0x08006920   0x08006920   0x00000024   Code   RO         8518    i.Remote_TimerStart  remote.o
    0x08006944   0x08006944   0x00000048   Code   RO         6345    i.SEGGER_RTT_Write  segger_rtt.o
    0x0800698c   0x0800698c   0x00000084   Code   RO         6346    i.SEGGER_RTT_WriteNoLock  segger_rtt.o
    0x08006a10   0x08006a10   0x00000022   Code   RO         6516    i.SEGGER_RTT_printf  segger_rtt_printf.o
    0x08006a32   0x08006a32   0x00000002   PAD
    0x08006a34   0x08006a34   0x000002ac   Code   RO         6517    i.SEGGER_RTT_vprintf  segger_rtt_printf.o
    0x08006ce0   0x08006ce0   0x00000064   Code   RO         2911    i.SPI_EndRxTxTransaction  stm32f3xx_hal_spi.o
    0x08006d44   0x08006d44   0x000000f8   Code   RO         2916    i.SPI_WaitFifoStateUntilTimeout  stm32f3xx_hal_spi.o
    0x08006e3c   0x08006e3c   0x000000d8   Code   RO         2917    i.SPI_WaitFlagStateUntilTimeout  stm32f3xx_hal_spi.o
    0x08006f14   0x08006f14   0x00000024   Code   RO         8056    i.SelAuth_Create    win_auth.o
    0x08006f38   0x08006f38   0x000000bc   Code   RO         8211    i.SelectColor       win_systemset.o
    0x08006ff4   0x08006ff4   0x00000074   Code   RO         8268    i.SelectColor       win_information.o
    0x08007068   0x08007068   0x0000006c   Code   RO         8342    i.SelectColor       win_datetime.o
    0x080070d4   0x080070d4   0x00000070   Code   RO         8408    i.SelectColor       win_current.o
    0x08007144   0x08007144   0x00000034   Code   RO          694    i.Send_Modbus       usart.o
    0x08007178   0x08007178   0x000001c8   Code   RO         8269    i.ShowLine          win_information.o
    0x08007340   0x08007340   0x00000088   Code   RO         8343    i.ShowLine1         win_datetime.o
    0x080073c8   0x080073c8   0x00000044   Code   RO         8409    i.ShowLine2         win_current.o
    0x0800740c   0x0800740c   0x00000044   Code   RO         8410    i.ShowLine3         win_current.o
    0x08007450   0x08007450   0x00000060   Code   RO         8344    i.ShowSaved         win_datetime.o
    0x080074b0   0x080074b0   0x00000048   Code   RO         8411    i.ShowSaved         win_current.o
    0x080074f8   0x080074f8   0x0000000a   Code   RO          463    i.StartDefaultTask  freertos.o
    0x08007502   0x08007502   0x00000002   PAD
    0x08007504   0x08007504   0x00000034   Code   RO         5939    i.SysTick_Handler   port.o
    0x08007538   0x08007538   0x000000a4   Code   RO           15    i.SystemClock_Config  main.o
    0x080075dc   0x080075dc   0x00000014   Code   RO         4694    i.SystemInit        system_stm32f3xx.o
    0x080075f0   0x080075f0   0x00000010   Code   RO          761    i.TIM1_UP_TIM16_IRQHandler  stm32f3xx_it.o
    0x08007600   0x08007600   0x00000010   Code   RO          762    i.TIM2_IRQHandler   stm32f3xx_it.o
    0x08007610   0x08007610   0x000000bc   Code   RO         3308    i.TIM_Base_SetConfig  stm32f3xx_hal_tim.o
    0x080076cc   0x080076cc   0x00000022   Code   RO         3309    i.TIM_CCxChannelCmd  stm32f3xx_hal_tim.o
    0x080076ee   0x080076ee   0x00000002   PAD
    0x080076f0   0x080076f0   0x000000ac   Code   RO         3321    i.TIM_OC1_SetConfig  stm32f3xx_hal_tim.o
    0x0800779c   0x0800779c   0x000000b4   Code   RO         3322    i.TIM_OC2_SetConfig  stm32f3xx_hal_tim.o
    0x08007850   0x08007850   0x000000b4   Code   RO         3323    i.TIM_OC3_SetConfig  stm32f3xx_hal_tim.o
    0x08007904   0x08007904   0x00000074   Code   RO         3324    i.TIM_OC4_SetConfig  stm32f3xx_hal_tim.o
    0x08007978   0x08007978   0x00000070   Code   RO         3325    i.TIM_OC5_SetConfig  stm32f3xx_hal_tim.o
    0x080079e8   0x080079e8   0x00000070   Code   RO         3326    i.TIM_OC6_SetConfig  stm32f3xx_hal_tim.o
    0x08007a58   0x08007a58   0x0000007c   Code   RO         3329    i.TIM_TI1_SetConfig  stm32f3xx_hal_tim.o
    0x08007ad4   0x08007ad4   0x0000003a   Code   RO         3331    i.TIM_TI2_SetConfig  stm32f3xx_hal_tim.o
    0x08007b0e   0x08007b0e   0x00000038   Code   RO         3332    i.TIM_TI3_SetConfig  stm32f3xx_hal_tim.o
    0x08007b46   0x08007b46   0x0000003c   Code   RO         3333    i.TIM_TI4_SetConfig  stm32f3xx_hal_tim.o
    0x08007b82   0x08007b82   0x00000002   PAD
    0x08007b84   0x08007b84   0x00000050   Code   RO          695    i.UART1_Init_IT     usart.o
    0x08007bd4   0x08007bd4   0x000000f8   Code   RO         4262    i.UART_AdvFeatureConfig  stm32f3xx_hal_uart.o
    0x08007ccc   0x08007ccc   0x00000072   Code   RO         4263    i.UART_CheckIdleState  stm32f3xx_hal_uart.o
    0x08007d3e   0x08007d3e   0x00000018   Code   RO         4264    i.UART_DMAAbortOnError  stm32f3xx_hal_uart.o
    0x08007d56   0x08007d56   0x00000064   Code   RO         4274    i.UART_EndRxTransfer  stm32f3xx_hal_uart.o
    0x08007dba   0x08007dba   0x0000002e   Code   RO         4275    i.UART_EndTransmit_IT  stm32f3xx_hal_uart.o
    0x08007de8   0x08007de8   0x0000028c   Code   RO         4279    i.UART_SetConfig    stm32f3xx_hal_uart.o
    0x08008074   0x08008074   0x000000f8   Code   RO         4284    i.UART_WaitOnFlagUntilTimeout  stm32f3xx_hal_uart.o
    0x0800816c   0x0800816c   0x00000094   Code   RO          763    i.USART1_IRQHandler  stm32f3xx_it.o
    0x08008200   0x08008200   0x00000004   Code   RO          764    i.UsageFault_Handler  stm32f3xx_it.o
    0x08008204   0x08008204   0x00000060   Code   RO         7964    i.ViewData_1        win_main.o
    0x08008264   0x08008264   0x00000070   Code   RO         7965    i.ViewData_3        win_main.o
    0x080082d4   0x080082d4   0x00000074   Code   RO         7966    i.ViewData_4        win_main.o
    0x08008348   0x08008348   0x00000020   Code   RO         8412    i.WinCurrent_Create  win_current.o
    0x08008368   0x08008368   0x00000020   Code   RO         8345    i.WinDateTime_Create  win_datetime.o
    0x08008388   0x08008388   0x00000020   Code   RO         8270    i.WinInformation_Create  win_information.o
    0x080083a8   0x080083a8   0x00000020   Code   RO         8212    i.WinSystemSet_Create  win_systemset.o
    0x080083c8   0x080083c8   0x00000128   Code   RO         8057    i.Win_Callback      win_auth.o
    0x080084f0   0x080084f0   0x00000240   Code   RO         8213    i.Win_Callback      win_systemset.o
    0x08008730   0x08008730   0x0000024c   Code   RO         8271    i.Win_Callback      win_information.o
    0x0800897c   0x0800897c   0x00000458   Code   RO         8346    i.Win_Callback      win_datetime.o
    0x08008dd4   0x08008dd4   0x000002e4   Code   RO         8413    i.Win_Callback      win_current.o
    0x080090b8   0x080090b8   0x00000110   Code   RO         8058    i.Win_CheckPassword  win_auth.o
    0x080091c8   0x080091c8   0x00000044   Code   RO         8059    i.Win_Init          win_auth.o
    0x0800920c   0x0800920c   0x000000b0   Code   RO         8214    i.Win_Init          win_systemset.o
    0x080092bc   0x080092bc   0x00000094   Code   RO         8272    i.Win_Init          win_information.o
    0x08009350   0x08009350   0x000000f0   Code   RO         8347    i.Win_Init          win_datetime.o
    0x08009440   0x08009440   0x000000c4   Code   RO         8414    i.Win_Init          win_current.o
    0x08009504   0x08009504   0x00000094   Code   RO         8215    i.Win_ModifyPaint   win_systemset.o
    0x08009598   0x08009598   0x00000034   Code   RO         8273    i.Win_ModifyPaint   win_information.o
    0x080095cc   0x080095cc   0x0000000e   Code   RO         8348    i.Win_ModifyPaint   win_datetime.o
    0x080095da   0x080095da   0x00000012   Code   RO         8415    i.Win_ModifyPaint   win_current.o
    0x080095ec   0x080095ec   0x00000078   Code   RO         8060    i.Win_Paint         win_auth.o
    0x08009664   0x08009664   0x0000011c   Code   RO         8216    i.Win_Paint         win_systemset.o
    0x08009780   0x08009780   0x000000dc   Code   RO         8274    i.Win_Paint         win_information.o
    0x0800985c   0x0800985c   0x0000006c   Code   RO         8349    i.Win_Paint         win_datetime.o
    0x080098c8   0x080098c8   0x00000128   Code   RO         8416    i.Win_Paint         win_current.o
    0x080099f0   0x080099f0   0x0000002c   Code   RO         8275    i.Win_Timer         win_information.o
    0x08009a1c   0x08009a1c   0x00000050   Code   RO         8061    i.Win_UpdatePaint   win_auth.o
    0x08009a6c   0x08009a6c   0x00000014   Code   RO         8276    i.Win_UpdatePaint   win_information.o
    0x08009a80   0x08009a80   0x00000070   Code   RO         6350    i._DoInit           segger_rtt.o
    0x08009af0   0x08009af0   0x0000001c   Code   RO         6351    i._GetAvailWriteSpace  segger_rtt.o
    0x08009b0c   0x08009b0c   0x000000ec   Code   RO         6518    i._PrintInt         segger_rtt_printf.o
    0x08009bf8   0x08009bf8   0x000000ec   Code   RO         6519    i._PrintUnsigned    segger_rtt_printf.o
    0x08009ce4   0x08009ce4   0x00000044   Code   RO         6520    i._StoreChar        segger_rtt_printf.o
    0x08009d28   0x08009d28   0x00000072   Code   RO         6353    i._WriteBlocking    segger_rtt.o
    0x08009d9a   0x08009d9a   0x0000004c   Code   RO         6354    i._WriteNoCheck     segger_rtt.o
    0x08009de6   0x08009de6   0x00000002   PAD
    0x08009de8   0x08009de8   0x00000030   Code   RO         8825    i.__0snprintf       mc_w.l(printfa.o)
    0x08009e18   0x08009e18   0x00000028   Code   RO         8826    i.__0sprintf        mc_w.l(printfa.o)
    0x08009e40   0x08009e40   0x00000010   Code   RO         1409    i.__NVIC_GetPriorityGrouping  stm32f3xx_hal_cortex.o
    0x08009e50   0x08009e50   0x00000028   Code   RO         1410    i.__NVIC_SetPriority  stm32f3xx_hal_cortex.o
    0x08009e78   0x08009e78   0x00000008   Code   RO         8917    i.__aeabi_errno_addr  mc_w.l(errno.o)
    0x08009e80   0x08009e80   0x00000038   Code   RO         8563    i.__hardfp_atof     m_wm.l(atof.o)
    0x08009eb8   0x08009eb8   0x0000000c   Code   RO         8918    i.__read_errno      mc_w.l(errno.o)
    0x08009ec4   0x08009ec4   0x0000000e   Code   RO         8994    i.__scatterload_copy  mc_w.l(handlers.o)
    0x08009ed2   0x08009ed2   0x00000002   Code   RO         8995    i.__scatterload_null  mc_w.l(handlers.o)
    0x08009ed4   0x08009ed4   0x0000000e   Code   RO         8996    i.__scatterload_zeroinit  mc_w.l(handlers.o)
    0x08009ee2   0x08009ee2   0x00000002   PAD
    0x08009ee4   0x08009ee4   0x0000000c   Code   RO         8919    i.__set_errno       mc_w.l(errno.o)
    0x08009ef0   0x08009ef0   0x00000184   Code   RO         8831    i._fp_digits        mc_w.l(printfa.o)
    0x0800a074   0x0800a074   0x0000000e   Code   RO         8976    i._is_digit         mc_w.l(scanf_fp.o)
    0x0800a082   0x0800a082   0x00000002   PAD
    0x0800a084   0x0800a084   0x000006dc   Code   RO         8832    i._printf_core      mc_w.l(printfa.o)
    0x0800a760   0x0800a760   0x00000024   Code   RO         8833    i._printf_post_padding  mc_w.l(printfa.o)
    0x0800a784   0x0800a784   0x0000002e   Code   RO         8834    i._printf_pre_padding  mc_w.l(printfa.o)
    0x0800a7b2   0x0800a7b2   0x00000016   Code   RO         8835    i._snputc           mc_w.l(printfa.o)
    0x0800a7c8   0x0800a7c8   0x0000000a   Code   RO         8836    i._sputc            mc_w.l(printfa.o)
    0x0800a7d2   0x0800a7d2   0x0000001c   Code   RO         6215    i.gas_CheckTimeDiff  appconfig.o
    0x0800a7ee   0x0800a7ee   0x0000000a   Code   RO         8137    i.get_index         win_menu.o
    0x0800a7f8   0x0800a7f8   0x00000018   Code   RO         8138    i.get_row_col       win_menu.o
    0x0800a810   0x0800a810   0x0000003c   Code   RO          260    i.hard_GetKeyState  gpio.o
    0x0800a84c   0x0800a84c   0x00000084   Code   RO         6277    i.keyProcess        keytask.o
    0x0800a8d0   0x0800a8d0   0x00000062   Code   RO         6278    i.key_HardKeyConvertToUiKey  keytask.o
    0x0800a932   0x0800a932   0x00000002   PAD
    0x0800a934   0x0800a934   0x00000160   Code   RO         6279    i.key_RemoteKeyConvertToUiKey  keytask.o
    0x0800aa94   0x0800aa94   0x0000003a   Code   RO         6745    i.lcd_Address_Set   lcd_init.o
    0x0800aace   0x0800aace   0x00000002   PAD
    0x0800aad0   0x0800aad0   0x00000010   Code   RO         6746    i.lcd_BG_Active     lcd_init.o
    0x0800aae0   0x0800aae0   0x0000003c   Code   RO         6748    i.lcd_WR_DATA       lcd_init.o
    0x0800ab1c   0x0800ab1c   0x00000030   Code   RO         6749    i.lcd_WR_DATA8      lcd_init.o
    0x0800ab4c   0x0800ab4c   0x00000034   Code   RO         6750    i.lcd_WR_DATA_LEN   lcd_init.o
    0x0800ab80   0x0800ab80   0x00000024   Code   RO         6751    i.lcd_WR_REG        lcd_init.o
    0x0800aba4   0x0800aba4   0x00000058   Code   RO           16    i.main              main.o
    0x0800abfc   0x0800abfc   0x0000000e   Code   RO         5510    i.makeFreeRtosPriority  cmsis_os.o
    0x0800ac0a   0x0800ac0a   0x00000018   Code   RO         5512    i.osDelay           cmsis_os.o
    0x0800ac22   0x0800ac22   0x0000000a   Code   RO         5515    i.osKernelStart     cmsis_os.o
    0x0800ac2c   0x0800ac2c   0x0000005e   Code   RO         5549    i.osThreadCreate    cmsis_os.o
    0x0800ac8a   0x0800ac8a   0x00000002   PAD
    0x0800ac8c   0x0800ac8c   0x000001a0   Code   RO         8350    i.parse_10digit_time  win_datetime.o
    0x0800ae2c   0x0800ae2c   0x00000098   Code   RO         5196    i.prvAddCurrentTaskToDelayedList  tasks.o
    0x0800aec4   0x0800aec4   0x000000b4   Code   RO         5197    i.prvAddNewTaskToReadyList  tasks.o
    0x0800af78   0x0800af78   0x00000048   Code   RO         5198    i.prvCheckTasksWaitingTermination  tasks.o
    0x0800afc0   0x0800afc0   0x00000050   Code   RO         5199    i.prvDeleteTCB      tasks.o
    0x0800b010   0x0800b010   0x00000014   Code   RO         4873    i.prvGetDisinheritPriorityAfterTimeout  queue.o
    0x0800b024   0x0800b024   0x0000007c   Code   RO         5877    i.prvHeapInit       heap_4.o
    0x0800b0a0   0x0800b0a0   0x00000028   Code   RO         5200    i.prvIdleTask       tasks.o
    0x0800b0c8   0x0800b0c8   0x00000026   Code   RO         4875    i.prvInitialiseNewQueue  queue.o
    0x0800b0ee   0x0800b0ee   0x000000aa   Code   RO         5201    i.prvInitialiseNewTask  tasks.o
    0x0800b198   0x0800b198   0x00000068   Code   RO         5202    i.prvInitialiseTaskLists  tasks.o
    0x0800b200   0x0800b200   0x00000068   Code   RO         5878    i.prvInsertBlockIntoFreeList  heap_4.o
    0x0800b268   0x0800b268   0x0000001a   Code   RO         4876    i.prvIsQueueEmpty   queue.o
    0x0800b282   0x0800b282   0x00000002   PAD
    0x0800b284   0x0800b284   0x00000034   Code   RO         5203    i.prvResetNextTaskUnblockTime  tasks.o
    0x0800b2b8   0x0800b2b8   0x00000040   Code   RO         5940    i.prvTaskExitError  port.o
    0x0800b2f8   0x0800b2f8   0x0000007e   Code   RO         4878    i.prvUnlockQueue    queue.o
    0x0800b376   0x0800b376   0x00000002   PAD
    0x0800b378   0x0800b378   0x0000013c   Code   RO         5879    i.pvPortMalloc      heap_4.o
    0x0800b4b4   0x0800b4b4   0x00000020   Code   RO         5205    i.pvTaskIncrementMutexHeldCount  tasks.o
    0x0800b4d4   0x0800b4d4   0x0000002c   Code   RO         5941    i.pxPortInitialiseStack  port.o
    0x0800b500   0x0800b500   0x00000048   Code   RO         7229    i.ui_AddData        ui_draw.o
    0x0800b548   0x0800b548   0x00000056   Code   RO         7230    i.ui_DrawBar        ui_draw.o
    0x0800b59e   0x0800b59e   0x000000e0   Code   RO         7231    i.ui_DrawChar       ui_draw.o
    0x0800b67e   0x0800b67e   0x00000178   Code   RO         7232    i.ui_DrawChar2      ui_draw.o
    0x0800b7f6   0x0800b7f6   0x00000094   Code   RO         7233    i.ui_DrawChinese    ui_draw.o
    0x0800b88a   0x0800b88a   0x000000ac   Code   RO         7234    i.ui_DrawString     ui_draw.o
    0x0800b936   0x0800b936   0x0000001a   Code   RO         7235    i.ui_FillPixel      ui_draw.o
    0x0800b950   0x0800b950   0x00000032   Code   RO         7236    i.ui_Fill_Byte      ui_draw.o
    0x0800b982   0x0800b982   0x00000032   Code   RO         7237    i.ui_Fill_ReverseByte  ui_draw.o
    0x0800b9b4   0x0800b9b4   0x00000148   Code   RO         7238    i.ui_FindFontBuffer  ui_draw.o
    0x0800bafc   0x0800bafc   0x00000048   Code   RO         7239    i.ui_GetDrawWidth   ui_draw.o
    0x0800bb44   0x0800bb44   0x00000014   Code   RO         7607    i.ui_GetInputKey    ui_key.o
    0x0800bb58   0x0800bb58   0x0000000c   Code   RO         7240    i.ui_ResetData      ui_draw.o
    0x0800bb64   0x0800bb64   0x0000002c   Code   RO         7241    i.ui_SendData       ui_draw.o
    0x0800bb90   0x0800bb90   0x0000002c   Code   RO         7608    i.ui_SetInputKey    ui_key.o
    0x0800bbbc   0x0800bbbc   0x00000086   Code   RO         7349    i.ui_convert_data   ui_edit.o
    0x0800bc42   0x0800bc42   0x000002f6   Code   RO         7350    i.ui_edit_callback  ui_edit.o
    0x0800bf38   0x0800bf38   0x000000a8   Code   RO         7351    i.ui_edit_create    ui_edit.o
    0x0800bfe0   0x0800bfe0   0x00000044   Code   RO         7352    i.ui_edit_create_ex  ui_edit.o
    0x0800c024   0x0800c024   0x00000016   Code   RO         7353    i.ui_edit_draw_callback  ui_edit.o
    0x0800c03a   0x0800c03a   0x00000002   PAD
    0x0800c03c   0x0800c03c   0x000000cc   Code   RO         7354    i.ui_edit_timer_callback  ui_edit.o
    0x0800c108   0x0800c108   0x000003a4   Code   RO         7355    i.ui_format_data    ui_edit.o
    0x0800c4ac   0x0800c4ac   0x000003c4   Code   RO         6839    i.ui_format_string  ui_base.o
    0x0800c870   0x0800c870   0x00000098   Code   RO         7574    i.ui_icon_create    ui_icon.o
    0x0800c908   0x0800c908   0x00000040   Code   RO         7575    i.ui_icon_draw      ui_icon.o
    0x0800c948   0x0800c948   0x00000018   Code   RO         7649    i.ui_lable_create   ui_lable.o
    0x0800c960   0x0800c960   0x00000016   Code   RO         7651    i.ui_lable_draw     ui_lable.o
    0x0800c976   0x0800c976   0x0000002c   Code   RO         6843    i.ui_show_lable     ui_base.o
    0x0800c9a2   0x0800c9a2   0x00000106   Code   RO         6844    i.ui_show_text      ui_base.o
    0x0800caa8   0x0800caa8   0x00000082   Code   RO         6845    i.ui_show_text_ex   ui_base.o
    0x0800cb2a   0x0800cb2a   0x0000001a   Code   RO         7407    i.ui_widget_go_prev_win  ui_event.o
    0x0800cb44   0x0800cb44   0x00000038   Code   RO         7408    i.ui_widget_update  ui_event.o
    0x0800cb7c   0x0800cb7c   0x0000000c   Code   RO         7409    i.ui_widgets_get_top_win  ui_event.o
    0x0800cb88   0x0800cb88   0x00000034   Code   RO         7410    i.ui_widgets_run_top_win  ui_event.o
    0x0800cbbc   0x0800cbbc   0x0000000c   Code   RO         7412    i.ui_widgets_set_top_win  ui_event.o
    0x0800cbc8   0x0800cbc8   0x00000044   Code   RO         7918    i.ui_window_create  ui_win.o
    0x0800cc0c   0x0800cc0c   0x00000042   Code   RO         7919    i.ui_window_draw    ui_win.o
    0x0800cc4e   0x0800cc4e   0x00000028   Code   RO         4831    i.uxListRemove      list.o
    0x0800cc76   0x0800cc76   0x00000002   PAD
    0x0800cc78   0x0800cc78   0x00000018   Code   RO          464    i.vApplicationGetIdleTaskMemory  freertos.o
    0x0800cc90   0x0800cc90   0x0000001a   Code   RO         4832    i.vListInitialise   list.o
    0x0800ccaa   0x0800ccaa   0x00000006   Code   RO         4833    i.vListInitialiseItem  list.o
    0x0800ccb0   0x0800ccb0   0x00000034   Code   RO         4834    i.vListInsert       list.o
    0x0800cce4   0x0800cce4   0x00000018   Code   RO         4835    i.vListInsertEnd    list.o
    0x0800ccfc   0x0800ccfc   0x00000054   Code   RO         5943    i.vPortEnterCritical  port.o
    0x0800cd50   0x0800cd50   0x0000003c   Code   RO         5944    i.vPortExitCritical  port.o
    0x0800cd8c   0x0800cd8c   0x00000094   Code   RO         5880    i.vPortFree         heap_4.o
    0x0800ce20   0x0800ce20   0x00000028   Code   RO         5945    i.vPortSetupTimerInterrupt  port.o
    0x0800ce48   0x0800ce48   0x00000078   Code   RO         5946    i.vPortValidateInterruptPriority  port.o
    0x0800cec0   0x0800cec0   0x0000005c   Code   RO         5211    i.vTaskDelay        tasks.o
    0x0800cf1c   0x0800cf1c   0x00000018   Code   RO         5214    i.vTaskInternalSetTimeOutState  tasks.o
    0x0800cf34   0x0800cf34   0x0000000c   Code   RO         5215    i.vTaskMissedYield  tasks.o
    0x0800cf40   0x0800cf40   0x00000038   Code   RO         5217    i.vTaskPlaceOnEventList  tasks.o
    0x0800cf78   0x0800cf78   0x000000f4   Code   RO         5219    i.vTaskPriorityDisinheritAfterTimeout  tasks.o
    0x0800d06c   0x0800d06c   0x000000b0   Code   RO         5224    i.vTaskStartScheduler  tasks.o
    0x0800d11c   0x0800d11c   0x00000010   Code   RO         5226    i.vTaskSuspendAll   tasks.o
    0x0800d12c   0x0800d12c   0x0000008c   Code   RO         5227    i.vTaskSwitchContext  tasks.o
    0x0800d1b8   0x0800d1b8   0x00000168   Code   RO         5947    i.xPortStartScheduler  port.o
    0x0800d320   0x0800d320   0x000000de   Code   RO         4888    i.xQueueGenericCreateStatic  queue.o
    0x0800d3fe   0x0800d3fe   0x00000002   PAD
    0x0800d400   0x0800d400   0x00000098   Code   RO         4889    i.xQueueGenericReset  queue.o
    0x0800d498   0x0800d498   0x000000e0   Code   RO         4892    i.xQueueGiveFromISR  queue.o
    0x0800d578   0x0800d578   0x000001b8   Code   RO         4899    i.xQueueSemaphoreTake  queue.o
    0x0800d730   0x0800d730   0x0000008c   Code   RO         5228    i.xTaskCheckForTimeOut  tasks.o
    0x0800d7bc   0x0800d7bc   0x00000064   Code   RO         5229    i.xTaskCreate       tasks.o
    0x0800d820   0x0800d820   0x000000b8   Code   RO         5230    i.xTaskCreateStatic  tasks.o
    0x0800d8d8   0x0800d8d8   0x00000020   Code   RO         5234    i.xTaskGetSchedulerState  tasks.o
    0x0800d8f8   0x0800d8f8   0x0000000c   Code   RO         5235    i.xTaskGetTickCount  tasks.o
    0x0800d904   0x0800d904   0x00000148   Code   RO         5237    i.xTaskIncrementTick  tasks.o
    0x0800da4c   0x0800da4c   0x000000c8   Code   RO         5241    i.xTaskPriorityInherit  tasks.o
    0x0800db14   0x0800db14   0x00000098   Code   RO         5242    i.xTaskRemoveFromEventList  tasks.o
    0x0800dbac   0x0800dbac   0x00000104   Code   RO         5243    i.xTaskResumeAll    tasks.o
    0x0800dcb0   0x0800dcb0   0x000000a8   Data   RO          466    .constdata          freertos.o
    0x0800dd58   0x0800dd58   0x00000020   Data   RO         1092    .constdata          stm32f3xx_hal_rcc.o
    0x0800dd78   0x0800dd78   0x00000018   Data   RO         4695    .constdata          system_stm32f3xx.o
    0x0800dd90   0x0800dd90   0x00000010   Data   RO         6521    .constdata          segger_rtt_printf.o
    0x0800dda0   0x0800dda0   0x00002f98   Data   RO         7470    .constdata          ui_font_ascii.o
    0x08010d38   0x08010d38   0x0000411c   Data   RO         7499    .constdata          ui_font24.o
    0x08014e54   0x08014e54   0x00000708   Data   RO         7529    .constdata          ui_font48.o
    0x0801555c   0x0801555c   0x00000018   Data   RO         7545    .constdata          ui_font64.o
    0x08015574   0x08015574   0x00000990   Data   RO         7558    .constdata          ui_fontc64.o
    0x08015f04   0x08015f04   0x00000081   Data   RO         8947    .constdata          mc_w.l(ctype_o.o)
    0x08015f85   0x08015f85   0x00000003   PAD
    0x08015f88   0x08015f88   0x00000004   Data   RO         8948    .constdata          mc_w.l(ctype_o.o)
    0x08015f8c   0x08015f8c   0x00000040   Data   RO          467    .conststring        freertos.o
    0x08015fcc   0x08015fcc   0x0000003d   Data   RO         6217    .conststring        appconfig.o
    0x08016009   0x08016009   0x00000003   PAD
    0x0801600c   0x0801600c   0x0000005f   Data   RO         8139    .conststring        win_menu.o
    0x0801606b   0x0801606b   0x00000001   PAD
    0x0801606c   0x0801606c   0x00000045   Data   RO         8217    .conststring        win_systemset.o
    0x080160b1   0x080160b1   0x00000003   PAD
    0x080160b4   0x080160b4   0x00000030   Data   RO         8992    Region$$Table       anon$$obj.o


    Execution Region RW_IRAM2 (Exec base: 0x10000000, Load base: 0x08016260, Size: 0x00001000, Max: 0x00002000, ABSOLUTE)

    Exec Addr    Load Addr    Size         Type   Attr      Idx    E Section Name        Object

    0x10000000        -       0x00001000   Zero   RW         7242    .ARM.__AT_0x10000000  ui_draw.o


    Execution Region RW_IRAM1 (Exec base: 0x20000000, Load base: 0x080160e4, Size: 0x00005190, Max: 0x00008000, ABSOLUTE, COMPRESSED[0x0000017c])

    Exec Addr    Load Addr    Size         Type   Attr      Idx    E Section Name        Object

    0x20000000   COMPRESSED   0x00000018   Data   RW          468    .data               freertos.o
    0x20000018   COMPRESSED   0x00000006   Data   RW          547    .data               rtc.o
    0x2000001e   COMPRESSED   0x00000002   PAD
    0x20000020   COMPRESSED   0x00000004   Data   RW          698    .data               usart.o
    0x20000024   COMPRESSED   0x00000009   Data   RW          929    .data               stm32f3xx_hal.o
    0x2000002d   COMPRESSED   0x00000003   PAD
    0x20000030   COMPRESSED   0x00000004   Data   RW         4696    .data               system_stm32f3xx.o
    0x20000034   COMPRESSED   0x0000003c   Data   RW         5246    .data               tasks.o
    0x20000070   COMPRESSED   0x00000018   Data   RW         5885    .data               heap_4.o
    0x20000088   COMPRESSED   0x0000000c   Data   RW         5948    .data               port.o
    0x20000094   COMPRESSED   0x00000015   Data   RW         6025    .data               ad7171.o
    0x200000a9   COMPRESSED   0x00000003   PAD
    0x200000ac   COMPRESSED   0x00000020   Data   RW         6218    .data               appconfig.o
    0x200000cc   COMPRESSED   0x00000004   Data   RW         6752    .data               lcd_init.o
    0x200000d0   COMPRESSED   0x00000008   Data   RW         6847    .data               ui_base.o
    0x200000d8   COMPRESSED   0x00000002   Data   RW         7243    .data               ui_draw.o
    0x200000da   COMPRESSED   0x00000002   PAD
    0x200000dc   COMPRESSED   0x00000004   Data   RW         7413    .data               ui_event.o
    0x200000e0   COMPRESSED   0x00000090   Data   RW         7500    .data               ui_font24.o
    0x20000170   COMPRESSED   0x00000001   Data   RW         7609    .data               ui_key.o
    0x20000171   COMPRESSED   0x00000003   PAD
    0x20000174   COMPRESSED   0x0000004e   Data   RW         7968    .data               win_main.o
    0x200001c2   COMPRESSED   0x00000002   PAD
    0x200001c4   COMPRESSED   0x00000048   Data   RW         8062    .data               win_auth.o
    0x2000020c   COMPRESSED   0x000006f0   Data   RW         8140    .data               win_menu.o
    0x200008fc   COMPRESSED   0x0000008c   Data   RW         8218    .data               win_systemset.o
    0x20000988   COMPRESSED   0x0000004e   Data   RW         8277    .data               win_information.o
    0x200009d6   COMPRESSED   0x00000002   PAD
    0x200009d8   COMPRESSED   0x00000050   Data   RW         8351    .data               win_datetime.o
    0x20000a28   COMPRESSED   0x00000054   Data   RW         8417    .data               win_current.o
    0x20000a7c   COMPRESSED   0x00000009   Data   RW         8519    .data               remote.o
    0x20000a85   COMPRESSED   0x00000003   PAD
    0x20000a88   COMPRESSED   0x00000004   Data   RW         8920    .data               mc_w.l(errno.o)
    0x20000a8c        -       0x00000048   Zero   RW           17    .bss                main.o
    0x20000ad4        -       0x00002a4c   Zero   RW          465    .bss                freertos.o
    0x20003520        -       0x00000020   Zero   RW          546    .bss                rtc.o
    0x20003540        -       0x00000064   Zero   RW          604    .bss                spi.o
    0x200035a4        -       0x0000004c   Zero   RW          647    .bss                tim.o
    0x200035f0        -       0x000002a4   Zero   RW          697    .bss                usart.o
    0x20003894        -       0x0000004c   Zero   RW          868    .bss                stm32f3xx_hal_timebase_tim.o
    0x200038e0        -       0x000000f0   Zero   RW         5245    .bss                tasks.o
    0x200039d0        -       0x00000c00   Zero   RW         5884    .bss                heap_4.o
    0x200045d0        -       0x000000f9   Zero   RW         6216    .bss                appconfig.o
    0x200046c9   COMPRESSED   0x00000003   PAD
    0x200046cc        -       0x00000018   Zero   RW         6280    .bss                keytask.o
    0x200046e4        -       0x000004b8   Zero   RW         6355    .bss                segger_rtt.o
    0x20004b9c        -       0x000000f8   Zero   RW         6600    .bss                ad_config.o
    0x20004c94        -       0x000000cc   Zero   RW         6846    .bss                ui_base.o
    0x20004d60        -       0x00000029   Zero   RW         7920    .bss                ui_win.o
    0x20004d89   COMPRESSED   0x00000007   PAD
    0x20004d90        -       0x00000400   Zero   RW            1    STACK               startup_stm32f303xc.o


==============================================================================

Image component sizes


      Code (inc. data)   RO Data    RW Data    ZI Data      Debug   Object Name

       622         50          0         21          0       6088   ad7171.o
         0          0          0          0        248       5121   ad_config.o
       680         64         61         32        249       6255   appconfig.o
       142          0          0          0          0      22431   cmsis_os.o
       132         42          0          0          0       1091   collecttask.o
        56          6          0          0          0        528   commtask.o
         0          0          0          0          0      18276   event_groups.o
       238         44        232         24      10828       8903   freertos.o
       456         22          0          0          0     642970   gpio.o
       140          6          0          0          0       4001   guitask.o
       692         62          0         24       3072       7539   heap_4.o
       618        130          0          0         24       3451   keytask.o
        74          0          0          0          0        779   lcd.o
      1130         54          0          4          0       8382   lcd_init.o
       148          0          0          0          0       3754   list.o
       366         32          0          0         72     609112   main.o
      1014         92          0         12          0      12409   port.o
      1248         12          0          0          0      10227   queue.o
       596         48          0          9          0       3391   remote.o
       468         36          0          6         32       3555   rtc.o
       534         48          0          0       1208       8050   segger_rtt.o
      1258         12         16          0          0       6521   segger_rtt_printf.o
       316         34          0          0        100       2449   spi.o
        36          8        392          0       1024        868   startup_stm32f303xc.o
       152         42          0          9          0      14663   stm32f3xx_hal.o
       388         36          0          0          0      35315   stm32f3xx_hal_cortex.o
       172          0          0          0          0       1815   stm32f3xx_hal_dma.o
       800         56          0          0          0       5654   stm32f3xx_hal_gpio.o
        72          4          0          0          0        914   stm32f3xx_hal_msp.o
        20          6          0          0          0        575   stm32f3xx_hal_pwr.o
      3608        106         32          0          0       7341   stm32f3xx_hal_rcc.o
       740         14          0          0          0       1652   stm32f3xx_hal_rcc_ex.o
      1576         22          0          0          0       8773   stm32f3xx_hal_rtc.o
        18          0          0          0          0       1129   stm32f3xx_hal_rtc_ex.o
      1360         12          0          0          0       6423   stm32f3xx_hal_spi.o
      3400        252          0          0          0      20772   stm32f3xx_hal_tim.o
       186         22          0          0          0       3240   stm32f3xx_hal_tim_ex.o
       156         20          0          0         76       1519   stm32f3xx_hal_timebase_tim.o
      2868         58          0          0          0      13302   stm32f3xx_hal_uart.o
         2          0          0          0          0       1032   stm32f3xx_hal_uart_ex.o
       266         30          0          0          0       5265   stm32f3xx_it.o
         0          0          0          0          0        400   stream_buffer.o
        20          6         24          4          0       1223   system_stm32f3xx.o
      3050        368          0         60        240      25971   tasks.o
       396         20          0          0         76       2679   tim.o
      1400        182          0          8        204      10105   ui_base.o
         0          0          0          0          0       4882   ui_button.o
         0          0          0          0          0       6046   ui_confirm.o
      1660         46          0          2       4096      17160   ui_draw.o
      2286        258          0          0          0       6049   ui_edit.o
       158         16          0          4          0       7272   ui_event.o
         0          0      16668        144          0      14561   ui_font24.o
         0          0       1800          0          0       6151   ui_font48.o
         0          0         24          0          0       5639   ui_font64.o
         0          0      12184          0          0       6139   ui_font_ascii.o
         0          0       2448          0          0       6367   ui_fontc64.o
       216          4          0          0          0       1728   ui_icon.o
        64         10          0          1          0       1838   ui_key.o
        46          6          0          0          0       1534   ui_lable.o
       134         10          0          0         41       2008   ui_win.o
       332         42          0          4        676       3990   usart.o
       980        174          0         72          0       5751   win_auth.o
      1602        230          0         84          0      10698   win_current.o
      2262        292          0         80          0       6913   win_datetime.o
      2248        376          0         78          0       7433   win_information.o
      2028        238          0         78          0      10145   win_main.o
      2954        334         95       1776          0       8968   win_menu.o
      1404        220         69        140          0       4704   win_systemset.o

    ----------------------------------------------------------------------
     50038       4314      34100       2696      22276    1711889   Object Totals
         0          0         48          0          0          0   (incl. Generated)
        50          0          7         20         10          0   (incl. Padding)

    ----------------------------------------------------------------------

      Code (inc. data)   RO Data    RW Data    ZI Data      Debug   Library Member Name

        56         12          0          0          0        132   atof.o
        86          0          0          0          0          0   __dczerorl2.o
       144          0          0          0          0         88   __strtoll.o
        28          0          0          0          0         68   _chval.o
        64          0          0          0          0         84   _sgetc.o
       158          0          0          0          0         92   _strtoul.o
       194          0          0          0          0         96   _strtoull.o
        26          0          0          0          0         80   atoi.o
        26          0          0          0          0         80   atoll.o
         8          4        133          0          0         68   ctype_o.o
         0          0          0          0          0          0   entry.o
         0          0          0          0          0          0   entry10a.o
         0          0          0          0          0          0   entry11a.o
         8          4          0          0          0          0   entry2.o
         4          0          0          0          0          0   entry5.o
         0          0          0          0          0          0   entry7b.o
         0          0          0          0          0          0   entry8b.o
         8          4          0          0          0          0   entry9a.o
        32         16          0          4          0        204   errno.o
        30          0          0          0          0          0   handlers.o
        36          8          0          0          0         68   init.o
        18          0          0          0          0         76   isspace_o.o
         0          0          0          0          0          0   iusefp.o
        30          0          0          0          0         68   llshl.o
        36          0          0          0          0         68   llsshr.o
        32          0          0          0          0         68   llushr.o
        36          0          0          0          0         68   memcpya.o
        36          0          0          0          0        108   memseta.o
      2346         90          0          0          0        672   printfa.o
       878         12          0          0          0        216   scanf_fp.o
        18          0          0          0          0         68   strcpy.o
        14          0          0          0          0         68   strlen.o
       156         12          0          0          0        120   strtod.o
       112          0          0          0          0         88   strtol.o
        44          0          0          0          0         80   uidiv.o
        98          0          0          0          0         92   uldiv.o
        48          0          0          0          0         68   cdrcmple.o
        56          0          0          0          0         88   d2f.o
       334          0          0          0          0        148   dadd.o
       222          0          0          0          0        100   ddiv.o
       186          0          0          0          0        176   depilogue.o
        48          0          0          0          0         68   dfixul.o
        24          0          0          0          0         76   dfltul.o
       228          0          0          0          0         96   dmul.o
        38          0          0          0          0         68   f2d.o
       110          0          0          0          0        168   fepilogue.o

    ----------------------------------------------------------------------
      6066        162        136          4          0       3976   Library Totals
        10          0          3          0          0          0   (incl. Padding)

    ----------------------------------------------------------------------

      Code (inc. data)   RO Data    RW Data    ZI Data      Debug   Library Name

        56         12          0          0          0        132   m_wm.l
      4706        150        133          4          0       2788   mc_w.l
      1294          0          0          0          0       1056   mf_w.l

    ----------------------------------------------------------------------
      6066        162        136          4          0       3976   Library Totals

    ----------------------------------------------------------------------

==============================================================================


      Code (inc. data)   RO Data    RW Data    ZI Data      Debug   

     56104       4476      34236       2700      22276    1680769   Grand Totals
     56104       4476      34236        380      22276    1680769   ELF Image Totals (compressed)
     56104       4476      34236        380          0          0   ROM Totals

==============================================================================

    Total RO  Size (Code + RO Data)                90340 (  88.22kB)
    Total RW  Size (RW Data + ZI Data)             24976 (  24.39kB)
    Total ROM Size (Code + RO Data + RW Data)      90720 (  88.59kB)

==============================================================================

