Component: ARM Compiler 5.06 update 6 (build 750) Tool: armlink [4d35ed]

==============================================================================

Section Cross References

    startup_stm32f303xc.o(RESET) refers to startup_stm32f303xc.o(STACK) for __initial_sp
    startup_stm32f303xc.o(RESET) refers to startup_stm32f303xc.o(.text) for Reset_Handler
    startup_stm32f303xc.o(RESET) refers to stm32f3xx_it.o(i.NMI_Handler) for NMI_Handler
    startup_stm32f303xc.o(RESET) refers to stm32f3xx_it.o(i.HardFault_Handler) for HardFault_Handler
    startup_stm32f303xc.o(RESET) refers to stm32f3xx_it.o(i.MemManage_Handler) for MemManage_Handler
    startup_stm32f303xc.o(RESET) refers to stm32f3xx_it.o(i.BusFault_Handler) for BusFault_Handler
    startup_stm32f303xc.o(RESET) refers to stm32f3xx_it.o(i.UsageFault_Handler) for UsageFault_Handler
    startup_stm32f303xc.o(RESET) refers to port.o(.emb_text) for SVC_Handler
    startup_stm32f303xc.o(RESET) refers to stm32f3xx_it.o(i.DebugMon_Handler) for DebugMon_Handler
    startup_stm32f303xc.o(RESET) refers to port.o(i.SysTick_Handler) for SysTick_Handler
    startup_stm32f303xc.o(RESET) refers to stm32f3xx_it.o(i.TIM1_UP_TIM16_IRQHandler) for TIM1_UP_TIM16_IRQHandler
    startup_stm32f303xc.o(RESET) refers to stm32f3xx_it.o(i.TIM2_IRQHandler) for TIM2_IRQHandler
    startup_stm32f303xc.o(RESET) refers to stm32f3xx_it.o(i.USART1_IRQHandler) for USART1_IRQHandler
    startup_stm32f303xc.o(RESET) refers to stm32f3xx_it.o(i.EXTI15_10_IRQHandler) for EXTI15_10_IRQHandler
    startup_stm32f303xc.o(.text) refers to system_stm32f3xx.o(i.SystemInit) for SystemInit
    startup_stm32f303xc.o(.text) refers to entry.o(.ARM.Collect$$$$00000000) for __main
    main.o(i.HAL_TIM_PeriodElapsedCallback) refers to stm32f3xx_hal.o(i.HAL_IncTick) for HAL_IncTick
    main.o(i.HAL_TIM_PeriodElapsedCallback) refers to remote.o(i.REMOTE_TIM_PeriodElapsedCallback) for REMOTE_TIM_PeriodElapsedCallback
    main.o(i.HAL_TIM_PeriodElapsedCallback) refers to rtc.o(i.LocalTime_Update) for LocalTime_Update
    main.o(i.HAL_TIM_PeriodElapsedCallback) refers to rtc.o(i.SaveTimeToFRAM) for SaveTimeToFRAM
    main.o(i.HAL_TIM_PeriodElapsedCallback) refers to tim.o(.bss) for htim2
    main.o(i.HAL_TIM_PeriodElapsedCallback) refers to main.o(.data) for time_count
    main.o(i.SystemClock_Config) refers to memseta.o(.text) for __aeabi_memclr4
    main.o(i.SystemClock_Config) refers to stm32f3xx_hal_pwr.o(i.HAL_PWR_EnableBkUpAccess) for HAL_PWR_EnableBkUpAccess
    main.o(i.SystemClock_Config) refers to stm32f3xx_hal_rcc.o(i.HAL_RCC_OscConfig) for HAL_RCC_OscConfig
    main.o(i.SystemClock_Config) refers to main.o(i.Error_Handler) for Error_Handler
    main.o(i.SystemClock_Config) refers to stm32f3xx_hal_rcc.o(i.HAL_RCC_ClockConfig) for HAL_RCC_ClockConfig
    main.o(i.SystemClock_Config) refers to stm32f3xx_hal_rcc_ex.o(i.HAL_RCCEx_PeriphCLKConfig) for HAL_RCCEx_PeriphCLKConfig
    main.o(i.main) refers to stm32f3xx_hal.o(i.HAL_Init) for HAL_Init
    main.o(i.main) refers to appconfig.o(i.CheckResetSource) for CheckResetSource
    main.o(i.main) refers to main.o(i.SystemClock_Config) for SystemClock_Config
    main.o(i.main) refers to queue.o(i.xQueueGenericCreateStatic) for xQueueGenericCreateStatic
    main.o(i.main) refers to gpio.o(i.MX_GPIO_Init) for MX_GPIO_Init
    main.o(i.main) refers to rtc.o(i.MX_RTC_Init) for MX_RTC_Init
    main.o(i.main) refers to spi.o(i.MX_SPI1_Init) for MX_SPI1_Init
    main.o(i.main) refers to usart.o(i.MX_USART1_UART_Init) for MX_USART1_UART_Init
    main.o(i.main) refers to tim.o(i.MX_TIM2_Init) for MX_TIM2_Init
    main.o(i.main) refers to spi.o(i.MX_SPI2_Init) for MX_SPI2_Init
    main.o(i.main) refers to iwdg.o(i.MX_IWDG_Init) for MX_IWDG_Init
    main.o(i.main) refers to i2c.o(i.MX_I2C2_Init) for MX_I2C2_Init
    main.o(i.main) refers to i2c.o(i.MX_I2C1_Init) for MX_I2C1_Init
    main.o(i.main) refers to adc.o(i.MX_ADC1_Init) for MX_ADC1_Init
    main.o(i.main) refers to dac.o(i.MX_DAC_Init) for MX_DAC_Init
    main.o(i.main) refers to bsp_fram_driver.o(i.fram_init) for fram_init
    main.o(i.main) refers to usart.o(i.UART1_Init_IT) for UART1_Init_IT
    main.o(i.main) refers to rtc.o(i.Main_LocalTime_Update) for Main_LocalTime_Update
    main.o(i.main) refers to appconfig.o(i.System_CommonData_Init) for System_CommonData_Init
    main.o(i.main) refers to dac.o(i.dac_Out) for dac_Out
    main.o(i.main) refers to freertos.o(i.MX_FREERTOS_Init) for MX_FREERTOS_Init
    main.o(i.main) refers to cmsis_os.o(i.osKernelStart) for osKernelStart
    main.o(i.main) refers to main.o(.bss) for xAD7171SemBuffer
    main.o(i.main) refers to ad7171.o(.data) for ad7171_data_sem
    gpio.o(i.MX_GPIO_Init) refers to memseta.o(.text) for __aeabi_memclr4
    gpio.o(i.MX_GPIO_Init) refers to stm32f3xx_hal_gpio.o(i.HAL_GPIO_WritePin) for HAL_GPIO_WritePin
    gpio.o(i.MX_GPIO_Init) refers to stm32f3xx_hal_gpio.o(i.HAL_GPIO_Init) for HAL_GPIO_Init
[...]
    ui_edit_create                           0x0800fee9   Thumb Code   158  ui_edit.o(i.ui_edit_create)
    ui_edit_create_ex                        0x0800ff91   Thumb Code    68  ui_edit.o(i.ui_edit_create_ex)
    ui_icon_create                           0x0801045d   Thumb Code   148  ui_icon.o(i.ui_icon_create)
    ui_icon_draw                             0x080104f5   Thumb Code    64  ui_icon.o(i.ui_icon_draw)
    ui_lable_create                          0x08010535   Thumb Code    18  ui_lable.o(i.ui_lable_create)
    ui_show_lable                            0x08010563   Thumb Code    44  ui_base.o(i.ui_show_lable)
    ui_show_text                             0x0801058f   Thumb Code   262  ui_base.o(i.ui_show_text)
    ui_show_text_ex                          0x08010695   Thumb Code   130  ui_base.o(i.ui_show_text_ex)
    ui_widget_go_prev_win                    0x08010717   Thumb Code    26  ui_event.o(i.ui_widget_go_prev_win)
    ui_widget_update                         0x08010731   Thumb Code    56  ui_event.o(i.ui_widget_update)
    ui_widgets_get_top_win                   0x08010769   Thumb Code     6  ui_event.o(i.ui_widgets_get_top_win)
    ui_widgets_run_top_win                   0x08010775   Thumb Code    48  ui_event.o(i.ui_widgets_run_top_win)
    ui_widgets_set_top_win                   0x080107a9   Thumb Code     6  ui_event.o(i.ui_widgets_set_top_win)
    ui_window_create                         0x080107b5   Thumb Code    58  ui_win.o(i.ui_window_create)
    ui_window_draw                           0x080107f9   Thumb Code    66  ui_win.o(i.ui_window_draw)
    uxListRemove                             0x0801083b   Thumb Code    40  list.o(i.uxListRemove)
    vApplicationGetIdleTaskMemory            0x08010865   Thumb Code    14  freertos.o(i.vApplicationGetIdleTaskMemory)
    vListInitialise                          0x0801087d   Thumb Code    26  list.o(i.vListInitialise)
    vListInitialiseItem                      0x08010897   Thumb Code     6  list.o(i.vListInitialiseItem)
    vListInsert                              0x0801089d   Thumb Code    52  list.o(i.vListInsert)
    vListInsertEnd                           0x080108d1   Thumb Code    24  list.o(i.vListInsertEnd)
    vPortEnterCritical                       0x080108e9   Thumb Code    76  port.o(i.vPortEnterCritical)
    vPortExitCritical                        0x0801093d   Thumb Code    56  port.o(i.vPortExitCritical)
    vPortFree                                0x08010979   Thumb Code   140  heap_4.o(i.vPortFree)
    vPortSetupTimerInterrupt                 0x08010a0d   Thumb Code    36  port.o(i.vPortSetupTimerInterrupt)
    vPortValidateInterruptPriority           0x08010a35   Thumb Code   106  port.o(i.vPortValidateInterruptPriority)
    vTaskDelay                               0x08010aad   Thumb Code    82  tasks.o(i.vTaskDelay)
    vTaskInternalSetTimeOutState             0x08010b09   Thumb Code    14  tasks.o(i.vTaskInternalSetTimeOutState)
    vTaskMissedYield                         0x08010b21   Thumb Code     8  tasks.o(i.vTaskMissedYield)
    vTaskPlaceOnEventList                    0x08010b2d   Thumb Code    52  tasks.o(i.vTaskPlaceOnEventList)
    vTaskPriorityDisinheritAfterTimeout      0x08010b65   Thumb Code   230  tasks.o(i.vTaskPriorityDisinheritAfterTimeout)
    vTaskStartScheduler                      0x08010c59   Thumb Code   146  tasks.o(i.vTaskStartScheduler)
    vTaskSuspendAll                          0x08010d09   Thumb Code    12  tasks.o(i.vTaskSuspendAll)
    vTaskSwitchContext                       0x08010d19   Thumb Code   118  tasks.o(i.vTaskSwitchContext)
    xPortStartScheduler                      0x08010da5   Thumb Code   330  port.o(i.xPortStartScheduler)
    xQueueGenericCreateStatic                0x08010f0d   Thumb Code   222  queue.o(i.xQueueGenericCreateStatic)
    xQueueGenericReset                       0x08010fed   Thumb Code   146  queue.o(i.xQueueGenericReset)
    xQueueGiveFromISR                        0x08011085   Thumb Code   224  queue.o(i.xQueueGiveFromISR)
    xQueueSemaphoreTake                      0x08011165   Thumb Code   434  queue.o(i.xQueueSemaphoreTake)
    xTaskCheckForTimeOut                     0x0801131d   Thumb Code   132  tasks.o(i.xTaskCheckForTimeOut)
    xTaskCreate                              0x080113a9   Thumb Code   100  tasks.o(i.xTaskCreate)
    xTaskCreateStatic                        0x0801140d   Thumb Code   184  tasks.o(i.xTaskCreateStatic)
    xTaskGetSchedulerState                   0x080114c5   Thumb Code    24  tasks.o(i.xTaskGetSchedulerState)
    xTaskGetTickCount                        0x080114e5   Thumb Code     6  tasks.o(i.xTaskGetTickCount)
    xTaskIncrementTick                       0x080114f1   Thumb Code   282  tasks.o(i.xTaskIncrementTick)
    xTaskPriorityInherit                     0x08011639   Thumb Code   186  tasks.o(i.xTaskPriorityInherit)
    xTaskRemoveFromEventList                 0x08011701   Thumb Code   128  tasks.o(i.xTaskRemoveFromEventList)
    xTaskResumeAll                           0x08011799   Thumb Code   224  tasks.o(i.xTaskResumeAll)
    aPLLMULFactorTable                       0x08011960   Data          16  stm32f3xx_hal_rcc.o(.constdata)
    aPredivFactorTable                       0x08011970   Data          16  stm32f3xx_hal_rcc.o(.constdata)
    AHBPrescTable                            0x08011980   Data          16  system_stm32f3xx.o(.constdata)
    APBPrescTable                            0x08011990   Data           8  system_stm32f3xx.o(.constdata)
    ascii_16X08                              0x080119a8   Data        1520  ui_font_ascii.o(.constdata)
    ascii_24X12                              0x08011f98   Data        4560  ui_font_ascii.o(.constdata)
    ascii_32X16                              0x08013168   Data        6080  ui_font_ascii.o(.constdata)
    ascii_16X08_lib                          0x08014928   Data           8  ui_font_ascii.o(.constdata)
    ascii_24X12_lib                          0x08014930   Data           8  ui_font_ascii.o(.constdata)
    ascii_32X16_lib                          0x08014938   Data           8  ui_font_ascii.o(.constdata)
    GUI_FontHZ24x24                          0x08018ab0   Data          12  ui_font24.o(.constdata)
    GUI_FontHZ48x48                          0x080191b8   Data          12  ui_font48.o(.constdata)
    GUI_FontHZ64x64                          0x080191d0   Data          12  ui_font64.o(.constdata)
    GUI_FontC64x64                           0x08019b60   Data          12  ui_fontc64.o(.constdata)
    __ctype_table                            0x08019b6c   Data         129  ctype_o.o(.constdata)
    Region$$Table$$Base                      0x08019f50   Number         0  anon$$obj.o(Region$$Table)
    Region$$Table$$Limit                     0x08019f80   Number         0  anon$$obj.o(Region$$Table)
    defaultTaskHandle                        0x20000004   Data           4  freertos.o(.data)
    guiTaskHandle                            0x20000008   Data           4  freertos.o(.data)
    keyTaskHandle                            0x2000000c   Data           4  freertos.o(.data)
    collectTaskHandle                        0x20000010   Data           4  freertos.o(.data)
    controlTaskHandle                        0x20000014   Data           4  freertos.o(.data)
    commTaskHandle                           0x20000018   Data           4  freertos.o(.data)
    resetTaskHandle                          0x2000001c   Data           4  freertos.o(.data)
    gDateTime                                0x20000020   Data           6  rtc.o(.data)
    uwTick                                   0x20000028   Data           4  stm32f3xx_hal.o(.data)
    uwTickPrio                               0x2000002c   Data           4  stm32f3xx_hal.o(.data)
    uwTickFreq                               0x20000030   Data           1  stm32f3xx_hal.o(.data)
    SystemCoreClock                          0x20000034   Data           4  system_stm32f3xx.o(.data)
    pxCurrentTCB                             0x20000038   Data           4  tasks.o(.data)
    ADChannel                                0x200000b0   Data           1  ad7171.o(.data)
    AD_Collect_count                         0x200000b1   Data           1  ad7171.o(.data)
    AD_Channel_Flag                          0x200000b2   Data           1  ad7171.o(.data)
    ad7171_data_sem                          0x200000b4   Data           4  ad7171.o(.data)
    adc_SelfCheck                            0x200000b8   Data           1  ad7171.o(.data)
    adc_TempCount                            0x200000bc   Data           2  collecttask.o(.data)
    adc_TempValue                            0x200000be   Data           2  collecttask.o(.data)
    gas_TempValue                            0x200000c0   Data           2  collecttask.o(.data)
    sht31_state                              0x200000c2   Data           1  collecttask.o(.data)
    i2c_error                                0x200000c3   Data           1  collecttask.o(.data)
    step                                     0x200000c4   Data           1  collecttask.o(.data)
    pre_error                                0x200000c5   Data           1  collecttask.o(.data)
    Date                                     0x200000c8   Data           4  appconfig.o(.data)
    Time                                     0x200000cc   Data           4  appconfig.o(.data)
    Save_Flag                                0x200000d0   Data           1  appconfig.o(.data)
    Win_Save_Flag                            0x200000d1   Data           1  appconfig.o(.data)
    g_StartupFlag                            0x200000d4   Data           4  appconfig.o(.data)
    g_SaveParamFlag                          0x200000d8   Data           2  appconfig.o(.data)
    gBootIapData                             0x200000dc   Data           8  appconfig.o(.data)
    ViewData_Baud                            0x200000e4   Data          20  appconfig.o(.data)
    Channel_Name_EN                          0x200000f8   Data         352  appconfig.o(.data)
    ViewData_Open                            0x20000258   Data           8  appconfig.o(.data)
    g_Digital                                0x20000264   Data           4  ui_base.o(.data)
    acCAD4                                   0x20000274   Data          72  ui_font24.o(.data)
    acB4AE                                   0x200002bc   Data          72  ui_font24.o(.data)
    acBFDA                                   0x20000304   Data          72  ui_font24.o(.data)
    acD4CB                                   0x2000034c   Data          72  ui_font24.o(.data)
    acCEAC                                   0x20000394   Data          72  ui_font24.o(.data)
    acCAB9                                   0x200003dc   Data          72  ui_font24.o(.data)
    acD3C3                                   0x20000424   Data          72  ui_font24.o(.data)
    acCFFB                                   0x2000046c   Data          72  ui_font24.o(.data)
    acD7A2                                   0x200004b4   Data          72  ui_font24.o(.data)
    acD2BA                                   0x200004fc   Data          72  ui_font24.o(.data)
    acD6D8                                   0x20000544   Data          72  ui_font24.o(.data)
    acD6F7                                   0x2000058c   Data          72  ui_font24.o(.data)
    acD2B3                                   0x200005d4   Data          72  ui_font24.o(.data)
    acBDE7                                   0x2000061c   Data          72  ui_font24.o(.data)
    acC3E6                                   0x20000664   Data          72  ui_font24.o(.data)
    TFtimflag                                0x200006b0   Data           1  win_main.o(.data)
    Alarm_Test                               0x200006fc   Data           1  win_main.o(.data)
    Record_Test                              0x200006fd   Data           1  win_main.o(.data)
    g_SelAuth                                0x20000740   Data           4  win_auth.o(.data)
    g_SelAuth_id                             0x20000744   Data           1  win_auth.o(.data)
    MainMenuWidgetsList                      0x20000db8   Data          28  win_menu.o(.data)
    MainMenuWidgetsList_N                    0x20000dd4   Data          16  win_menu.o(.data)
    MainMenuWidgetsList_A                    0x20000de4   Data          24  win_menu.o(.data)
    g_Menu1_ItemSelected                     0x20000dfc   Data           2  win_menu.o(.data)
    IconList_N                               0x20000e00   Data          12  win_menu.o(.data)
    IconList_A                               0x20000e0c   Data          20  win_menu.o(.data)
    IconList                                 0x20000e20   Data          24  win_menu.o(.data)
    g_SelectChannel                          0x20000f5c   Data           2  win_current.o(.data)
    out20mA                                  0x20000f64   Data           1  win_current.o(.data)
    out4mA                                   0x20000f65   Data           1  win_current.o(.data)
    Current_Open                             0x20000f66   Data           1  win_current.o(.data)
    SysBaud                                  0x20000f68   Data           4  win_usart.o(.data)
    Use_Life                                 0x20000ff4   Data           2  win_life.o(.data)
    fram_SelfCheck                           0x20001045   Data           1  bsp_fram_driver.o(.data)
    D1_Pres                                  0x20001048   Data           4  sht31.o(.data)
    D2_Temp                                  0x2000104c   Data           4  sht31.o(.data)
    Press                                    0x20001050   Data           4  sht31.o(.data)
    dT                                       0x20001054   Data           4  sht31.o(.data)
    Temperature                              0x20001058   Data           4  sht31.o(.data)
    T2                                       0x2000105c   Data           4  sht31.o(.data)
    OFF                                      0x20001060   Data           8  sht31.o(.data)
    SENS                                     0x20001068   Data           8  sht31.o(.data)
    Aux                                      0x20001070   Data           4  sht31.o(.data)
    OFF2                                     0x20001074   Data           4  sht31.o(.data)
    SENS2                                    0x20001078   Data           4  sht31.o(.data)
    _D1                                      0x2000107c   Data           4  sht31.o(.data)
    _D2                                      0x20001080   Data           4  sht31.o(.data)
    IICSHT31                                 0x20001084   Data           1  sht31.o(.data)
    IICMS5607                                0x20001085   Data           1  sht31.o(.data)
    MS5607f                                  0x20001086   Data           1  sht31.o(.data)
    _presbuf                                 0x20001087   Data           3  sht31.o(.data)
    _tempbuf                                 0x2000108a   Data           3  sht31.o(.data)
    xAD7171SemBuffer                         0x20001094   Data          72  main.o(.bss)
    defaultTaskBuffer                        0x200010dc   Data         512  freertos.o(.bss)
    defaultTaskControlBlock                  0x200012dc   Data          84  freertos.o(.bss)
    guitaskBuffer                            0x20001330   Data        2048  freertos.o(.bss)
    guitaskControlBlock                      0x20001b30   Data          84  freertos.o(.bss)
    keyTaskBuffer                            0x20001b84   Data        1024  freertos.o(.bss)
    keyTaskControlBlock                      0x20001f84   Data          84  freertos.o(.bss)
    gasTaskBuffer                            0x20001fd8   Data        2048  freertos.o(.bss)
    gasTaskControlBlock                      0x200027d8   Data          84  freertos.o(.bss)
    ControlTaskBuffer                        0x2000282c   Data        1024  freertos.o(.bss)
    ControlTaskControlBlock                  0x20002c2c   Data          84  freertos.o(.bss)
    commTaskBuffer                           0x20002c80   Data        4096  freertos.o(.bss)
    commTaskControlBlock                     0x20003c80   Data          84  freertos.o(.bss)
    resetTaskBuffer                          0x20003cd4   Data         512  freertos.o(.bss)
    resetTaskControlBlock                    0x20003ed4   Data          84  freertos.o(.bss)
    hadc1                                    0x2000417c   Data          80  adc.o(.bss)
    hdac                                     0x200041cc   Data          20  dac.o(.bss)
    hi2c1                                    0x200041e0   Data          76  i2c.o(.bss)
    hi2c2                                    0x2000422c   Data          76  i2c.o(.bss)
    hiwdg                                    0x20004278   Data          16  iwdg.o(.bss)
    hrtc                                     0x20004288   Data          32  rtc.o(.bss)
    hspi1                                    0x200042a8   Data         100  spi.o(.bss)
    hspi2                                    0x2000430c   Data         100  spi.o(.bss)
    htim2                                    0x20004370   Data          76  tim.o(.bss)
    g_ModbusEntry                            0x200043bc   Data         544  usart.o(.bss)
    huart1                                   0x200045dc   Data         132  usart.o(.bss)
    htim1                                    0x20004660   Data          76  stm32f3xx_hal_timebase_tim.o(.bss)
    gAlarmParam                              0x200053c4   Data          16  appconfig.o(.bss)
    gSystemData                              0x200053d4   Data         104  appconfig.o(.bss)
    gCalidata                                0x2000543c   Data          80  appconfig.o(.bss)
    gFactoryCalidata                         0x2000548c   Data          80  appconfig.o(.bss)
    hardKey                                  0x200054f8   Data          12  keytask.o(.bss)
    remoteKey                                0x20005504   Data          12  keytask.o(.bss)
    _SEGGER_RTT                              0x20005510   Data         168  segger_rtt.o(.bss)
    Channel_Config                           0x200059c8   Data         368  ad_config.o(.bss)
    gas_Data_Flag                            0x20005b38   Data          32  ad_config.o(.bss)
    gas_Channel                              0x20005b58   Data          64  ad_config.o(.bss)
    g_EditData                               0x20005b98   Data         204  ui_base.o(.bss)
    Sensor_SHT31                             0x20005c90   Data          16  sht31.o(.bss)
    MS5607                                   0x20005ca0   Data          16  sht31.o(.bss)
    Cal_C                                    0x20005cb0   Data          14  sht31.o(.bss)
    __initial_sp                             0x200060c0   Data           0  startup_stm32f303xc.o(STACK)



==============================================================================

Memory Map of the image

  Image Entry point : 0x08000189

  Load Region LR_IROM1 (Base: 0x08000000, Size: 0x0001b014, Max: 0x00020000, ABSOLUTE, COMPRESSED[0x0001a45c])

    Execution Region ER_IROM1 (Exec base: 0x08000000, Load base: 0x08000000, Size: 0x00019f80, Max: 0x00020000, ABSOLUTE)

    Exec Addr    Load Addr    Size         Type   Attr      Idx    E Section Name        Object

    0x08000000   0x08000000   0x00000188   Data   RO            3    RESET               startup_stm32f303xc.o
    0x08000188   0x08000188   0x00000000   Code   RO        10150  * .ARM.Collect$$$$00000000  mc_w.l(entry.o)
    0x08000188   0x08000188   0x00000004   Code   RO        10481    .ARM.Collect$$$$00000001  mc_w.l(entry2.o)
    0x0800018c   0x0800018c   0x00000004   Code   RO        10484    .ARM.Collect$$$$00000004  mc_w.l(entry5.o)
    0x08000190   0x08000190   0x00000000   Code   RO        10486    .ARM.Collect$$$$00000008  mc_w.l(entry7b.o)
    0x08000190   0x08000190   0x00000000   Code   RO        10488    .ARM.Collect$$$$0000000A  mc_w.l(entry8b.o)
    0x08000190   0x08000190   0x00000008   Code   RO        10489    .ARM.Collect$$$$0000000B  mc_w.l(entry9a.o)
    0x08000198   0x08000198   0x00000000   Code   RO        10491    .ARM.Collect$$$$0000000D  mc_w.l(entry10a.o)
    0x08000198   0x08000198   0x00000000   Code   RO        10493    .ARM.Collect$$$$0000000F  mc_w.l(entry11a.o)
    0x08000198   0x08000198   0x00000004   Code   RO        10482    .ARM.Collect$$$$00002712  mc_w.l(entry2.o)
    0x0800019c   0x0800019c   0x000000be   Code   RO         6733    .emb_text           port.o
    0x0800025a   0x0800025a   0x00000002   PAD
    0x0800025c   0x0800025c   0x00000024   Code   RO            4    .text               startup_stm32f303xc.o
    0x08000280   0x08000280   0x00000062   Code   RO        10153    .text               mc_w.l(uldiv.o)
    0x080002e2   0x080002e2   0x00000020   Code   RO        10155    .text               mc_w.l(llushr.o)
    0x08000302   0x08000302   0x00000024   Code   RO        10160    .text               mc_w.l(memcpya.o)
    0x08000326   0x08000326   0x00000024   Code   RO        10164    .text               mc_w.l(memseta.o)
    0x0800034a   0x0800034a   0x0000000e   Code   RO        10166    .text               mc_w.l(strlen.o)
    0x08000358   0x08000358   0x00000012   Code   RO        10168    .text               mc_w.l(strcpy.o)
    0x0800036a   0x0800036a   0x0000001a   Code   RO        10461    .text               mc_w.l(atoi.o)
    0x08000384   0x08000384   0x0000001a   Code   RO        10463    .text               mc_w.l(atoll.o)
    0x0800039e   0x0800039e   0x0000014e   Code   RO        10465    .text               mf_w.l(dadd.o)
    0x080004ec   0x080004ec   0x000000e4   Code   RO        10467    .text               mf_w.l(dmul.o)
    0x080005d0   0x080005d0   0x000000de   Code   RO        10469    .text               mf_w.l(ddiv.o)
    0x080006ae   0x080006ae   0x0000002c   Code   RO        10471    .text               mf_w.l(ffltl.o)
    0x080006da   0x080006da   0x0000001a   Code   RO        10473    .text               mf_w.l(dfltui.o)
    0x080006f4   0x080006f4   0x00000028   Code   RO        10475    .text               mf_w.l(dfltl.o)
    0x0800071c   0x0800071c   0x00000026   Code   RO        10477    .text               mf_w.l(f2d.o)
    0x08000742   0x08000742   0x00000038   Code   RO        10479    .text               mf_w.l(d2f.o)
    0x0800077a   0x0800077a   0x0000002c   Code   RO        10498    .text               mc_w.l(uidiv.o)
    0x080007a6   0x080007a6   0x0000001e   Code   RO        10500    .text               mc_w.l(llshl.o)
    0x080007c4   0x080007c4   0x00000024   Code   RO        10502    .text               mc_w.l(llsshr.o)
    0x080007e8   0x080007e8   0x0000009c   Code   RO        10513    .text               mc_w.l(strtod.o)
    0x08000884   0x08000884   0x00000070   Code   RO        10515    .text               mc_w.l(strtol.o)
    0x080008f4   0x080008f4   0x00000090   Code   RO        10517    .text               mc_w.l(__strtoll.o)
    0x08000984   0x08000984   0x00000000   Code   RO        10519    .text               mc_w.l(iusefp.o)
    0x08000984   0x08000984   0x0000006e   Code   RO        10520    .text               mf_w.l(fepilogue.o)
    0x080009f2   0x080009f2   0x000000ba   Code   RO        10522    .text               mf_w.l(depilogue.o)
    0x08000aac   0x08000aac   0x00000030   Code   RO        10524    .text               mf_w.l(dfixul.o)
    0x08000adc   0x08000adc   0x00000030   Code   RO        10526    .text               mf_w.l(cdrcmple.o)
    0x08000b0c   0x08000b0c   0x00000024   Code   RO        10528    .text               mc_w.l(init.o)
    0x08000b30   0x08000b30   0x00000008   Code   RO        10533    .text               mc_w.l(ctype_o.o)
    0x08000b38   0x08000b38   0x00000012   Code   RO        10555    .text               mc_w.l(isspace_o.o)
    0x08000b4a   0x08000b4a   0x00000002   PAD
    0x08000b4c   0x08000b4c   0x00000360   Code   RO        10561    .text               mc_w.l(scanf_fp.o)
    0x08000eac   0x08000eac   0x00000040   Code   RO        10565    .text               mc_w.l(_sgetc.o)
    0x08000eec   0x08000eec   0x0000009e   Code   RO        10567    .text               mc_w.l(_strtoul.o)
    0x08000f8a   0x08000f8a   0x000000c2   Code   RO        10569    .text               mc_w.l(_strtoull.o)
    0x0800104c   0x0800104c   0x0000001c   Code   RO        10575    .text               mc_w.l(_chval.o)
    0x08001068   0x08001068   0x00000018   Code   RO        10577    .text               mf_w.l(dfltul.o)
    0x08001080   0x08001080   0x0000005e   Code   RO        10587    .text               mc_w.l(__dclz77c.o)
    0x080010de   0x080010de   0x00000002   PAD
    0x080010e0   0x080010e0   0x0000003c   Code   RO         6813    i.AD7171_Check      ad7171.o
    0x0800111c   0x0800111c   0x00000270   Code   RO         6814    i.AD7171_CollectHandle  ad7171.o
    0x0800138c   0x0800138c   0x00000018   Code   RO         6815    i.AD7171_DelayUs    ad7171.o
    0x080013a4   0x080013a4   0x00000074   Code   RO         6816    i.AD7171_ReadWord   ad7171.o
    0x08001418   0x08001418   0x00000074   Code   RO         6817    i.AD7171_ReadWord2  ad7171.o
    0x0800148c   0x0800148c   0x000000a2   Code   RO         1151    i.ADC_Disable       stm32f3xx_hal_adc_ex.o
    0x0800152e   0x0800152e   0x00000002   PAD
    0x08001530   0x08001530   0x0000009c   Code   RO         1152    i.ADC_Enable        stm32f3xx_hal_adc_ex.o
    0x080015cc   0x080015cc   0x00000038   Code   RO         8899    i.AuthCheck         win_auth.o
    0x08001604   0x08001604   0x00000034   Code   RO         8900    i.AuthExpand        win_auth.o
    0x08001638   0x08001638   0x00000054   Code   RO         6818    i.BSP_AD7171_GetResult  ad7171.o
    0x0800168c   0x0800168c   0x00000048   Code   RO         6819    i.BSP_AD7171_GetResult2  ad7171.o
    0x080016d4   0x080016d4   0x0000002a   Code   RO         6820    i.BSP_AD7171_Init   ad7171.o
    0x080016fe   0x080016fe   0x00000004   Code   RO          852    i.BusFault_Handler  stm32f3xx_it.o
    0x08001702   0x08001702   0x00000002   PAD
    0x08001704   0x08001704   0x000000e0   Code   RO         6894    i.COLLECT_Task      collecttask.o
    0x080017e4   0x080017e4   0x00000038   Code   RO         7019    i.COMM_Task         commtask.o
    0x0800181c   0x0800181c   0x00000018   Code   RO          334    i.CONTROL_StartTask  freertos.o
    0x08001834   0x08001834   0x000003e0   Code   RO         7046    i.CheckResetSource  appconfig.o
    0x08001c14   0x08001c14   0x00000110   Code   RO         9160    i.CreateFieldEdit   win_information.o
    0x08001d24   0x08001d24   0x00000002   Code   RO          853    i.DebugMon_Handler  stm32f3xx_it.o
    0x08001d26   0x08001d26   0x00000002   PAD
    0x08001d28   0x08001d28   0x0000003c   Code   RO          854    i.EXTI15_10_IRQHandler  stm32f3xx_it.o
    0x08001d64   0x08001d64   0x00000006   Code   RO           13    i.Error_Handler     main.o
    0x08001d6a   0x08001d6a   0x00000002   PAD
    0x08001d6c   0x08001d6c   0x00000090   Code   RO         6970    i.GUI_Task          guitask.o
    0x08001dfc   0x08001dfc   0x00000034   Code   RO         6895    i.Gas_CalcTemp      collecttask.o
    0x08001e30   0x08001e30   0x00000254   Code   RO         9161    i.Gas_SNname        win_information.o
    0x08002084   0x08002084   0x00000010   Code   RO         7048    i.GetDeviceType     appconfig.o
    0x08002094   0x08002094   0x0000000c   Code   RO         7051    i.GetSoftwareVersion  appconfig.o
    0x080020a0   0x080020a0   0x000000bc   Code   RO         1155    i.HAL_ADCEx_Calibration_Start  stm32f3xx_hal_adc_ex.o
    0x0800215c   0x0800215c   0x00000188   Code   RO         1167    i.HAL_ADCEx_MultiModeConfigChannel  stm32f3xx_hal_adc_ex.o
    0x080022e4   0x080022e4   0x00000468   Code   RO         1176    i.HAL_ADC_ConfigChannel  stm32f3xx_hal_adc_ex.o
    0x0800274c   0x0800274c   0x00000008   Code   RO         1178    i.HAL_ADC_GetValue  stm32f3xx_hal_adc_ex.o
    0x08002754   0x08002754   0x000002e0   Code   RO         1180    i.HAL_ADC_Init      stm32f3xx_hal_adc_ex.o
    0x08002a34   0x08002a34   0x0000002c   Code   RO          423    i.HAL_ADC_MspInit   adc.o
    0x08002a60   0x08002a60   0x000001b4   Code   RO         1183    i.HAL_ADC_Start     stm32f3xx_hal_adc_ex.o
    0x08002c14   0x08002c14   0x0000005a   Code   RO         3113    i.HAL_DAC_ConfigChannel  stm32f3xx_hal_dac_ex.o
    0x08002c6e   0x08002c6e   0x00000028   Code   RO         2984    i.HAL_DAC_Init      stm32f3xx_hal_dac.o
    0x08002c96   0x08002c96   0x00000002   PAD
    0x08002c98   0x08002c98   0x00000070   Code   RO          465    i.HAL_DAC_MspInit   dac.o
    0x08002d08   0x08002d08   0x0000002c   Code   RO         3116    i.HAL_DAC_SetValue  stm32f3xx_hal_dac_ex.o
    0x08002d34   0x08002d34   0x0000006c   Code   RO         3117    i.HAL_DAC_Start     stm32f3xx_hal_dac_ex.o
    0x08002da0   0x08002da0   0x00000054   Code   RO         1800    i.HAL_DMA_Abort     stm32f3xx_hal_dma.o
    0x08002df4   0x08002df4   0x00000058   Code   RO         1801    i.HAL_DMA_Abort_IT  stm32f3xx_hal_dma.o
    0x08002e4c   0x08002e4c   0x00000028   Code   RO         1418    i.HAL_Delay         stm32f3xx_hal.o
    0x08002e74   0x08002e74   0x00000118   Code   RO         1732    i.HAL_GPIO_DeInit   stm32f3xx_hal_gpio.o
    0x08002f8c   0x08002f8c   0x00000002   Code   RO         1733    i.HAL_GPIO_EXTI_Callback  stm32f3xx_hal_gpio.o
    0x08002f8e   0x08002f8e   0x00000002   PAD
    0x08002f90   0x08002f90   0x0000001c   Code   RO         1734    i.HAL_GPIO_EXTI_IRQHandler  stm32f3xx_hal_gpio.o
    0x08002fac   0x08002fac   0x000001bc   Code   RO         1735    i.HAL_GPIO_Init     stm32f3xx_hal_gpio.o
    0x08003168   0x08003168   0x00000010   Code   RO         1737    i.HAL_GPIO_ReadPin  stm32f3xx_hal_gpio.o
    0x08003178   0x08003178   0x00000014   Code   RO         1738    i.HAL_GPIO_TogglePin  stm32f3xx_hal_gpio.o
    0x0800318c   0x0800318c   0x0000000a   Code   RO         1739    i.HAL_GPIO_WritePin  stm32f3xx_hal_gpio.o
    0x08003196   0x08003196   0x00000002   PAD
    0x08003198   0x08003198   0x0000000c   Code   RO         1422    i.HAL_GetTick       stm32f3xx_hal.o
    0x080031a4   0x080031a4   0x0000006a   Code   RO         2847    i.HAL_I2CEx_ConfigAnalogFilter  stm32f3xx_hal_i2c_ex.o
    0x0800320e   0x0800320e   0x00000068   Code   RO         2848    i.HAL_I2CEx_ConfigDigitalFilter  stm32f3xx_hal_i2c_ex.o
    0x08003276   0x08003276   0x0000003c   Code   RO         2387    i.HAL_I2C_DeInit    stm32f3xx_hal_i2c.o
    0x080032b2   0x080032b2   0x00000002   PAD
    0x080032b4   0x080032b4   0x000000c4   Code   RO         2396    i.HAL_I2C_Init      stm32f3xx_hal_i2c.o
    0x08003378   0x08003378   0x0000017a   Code   RO         2397    i.HAL_I2C_IsDeviceReady  stm32f3xx_hal_i2c.o
    0x080034f2   0x080034f2   0x00000002   PAD
    0x080034f4   0x080034f4   0x00000164   Code   RO         2402    i.HAL_I2C_Master_Receive  stm32f3xx_hal_i2c.o
    0x08003658   0x08003658   0x00000160   Code   RO         2409    i.HAL_I2C_Master_Transmit  stm32f3xx_hal_i2c.o
    0x080037b8   0x080037b8   0x00000068   Code   RO          518    i.HAL_I2C_MspDeInit  i2c.o
    0x08003820   0x08003820   0x000000e0   Code   RO          519    i.HAL_I2C_MspInit   i2c.o
    0x08003900   0x08003900   0x00000070   Code   RO         3231    i.HAL_IWDG_Init     stm32f3xx_hal_iwdg.o
    0x08003970   0x08003970   0x0000000e   Code   RO         3232    i.HAL_IWDG_Refresh  stm32f3xx_hal_iwdg.o
    0x0800397e   0x0800397e   0x00000002   PAD
    0x08003980   0x08003980   0x00000018   Code   RO         1428    i.HAL_IncTick       stm32f3xx_hal.o
    0x08003998   0x08003998   0x00000028   Code   RO         1429    i.HAL_Init          stm32f3xx_hal.o
    0x080039c0   0x080039c0   0x0000009c   Code   RO          958    i.HAL_InitTick      stm32f3xx_hal_timebase_tim.o
    0x08003a5c   0x08003a5c   0x00000048   Code   RO          934    i.HAL_MspInit       stm32f3xx_hal_msp.o
    0x08003aa4   0x08003aa4   0x00000044   Code   RO         1902    i.HAL_NVIC_DisableIRQ  stm32f3xx_hal_cortex.o
    0x08003ae8   0x08003ae8   0x00000020   Code   RO         1903    i.HAL_NVIC_EnableIRQ  stm32f3xx_hal_cortex.o
    0x08003b08   0x08003b08   0x0000007c   Code   RO         1909    i.HAL_NVIC_SetPriority  stm32f3xx_hal_cortex.o
    0x08003b84   0x08003b84   0x00000028   Code   RO         1910    i.HAL_NVIC_SetPriorityGrouping  stm32f3xx_hal_cortex.o
    0x08003bac   0x08003bac   0x00000044   Code   RO         1911    i.HAL_NVIC_SystemReset  stm32f3xx_hal_cortex.o
    0x08003bf0   0x08003bf0   0x00000014   Code   RO         2043    i.HAL_PWR_EnableBkUpAccess  stm32f3xx_hal_pwr.o
    0x08003c04   0x08003c04   0x000002e4   Code   RO         1692    i.HAL_RCCEx_PeriphCLKConfig  stm32f3xx_hal_rcc_ex.o
    0x08003ee8   0x08003ee8   0x000002ac   Code   RO         1586    i.HAL_RCC_ClockConfig  stm32f3xx_hal_rcc.o
    0x08004194   0x08004194   0x00000044   Code   RO         1590    i.HAL_RCC_GetClockConfig  stm32f3xx_hal_rcc.o
    0x080041d8   0x080041d8   0x0000000c   Code   RO         1591    i.HAL_RCC_GetHCLKFreq  stm32f3xx_hal_rcc.o
    0x080041e4   0x080041e4   0x0000002c   Code   RO         1593    i.HAL_RCC_GetPCLK1Freq  stm32f3xx_hal_rcc.o
    0x08004210   0x08004210   0x0000002c   Code   RO         1594    i.HAL_RCC_GetPCLK2Freq  stm32f3xx_hal_rcc.o
    0x0800423c   0x0800423c   0x000000a0   Code   RO         1595    i.HAL_RCC_GetSysClockFreq  stm32f3xx_hal_rcc.o
    0x080042dc   0x080042dc   0x00000a24   Code   RO         1598    i.HAL_RCC_OscConfig  stm32f3xx_hal_rcc.o
    0x08004d00   0x08004d00   0x00000012   Code   RO         3430    i.HAL_RTCEx_BKUPRead  stm32f3xx_hal_rtc_ex.o
    0x08004d12   0x08004d12   0x00000012   Code   RO         3431    i.HAL_RTCEx_BKUPWrite  stm32f3xx_hal_rtc_ex.o
    0x08004d24   0x08004d24   0x0000004c   Code   RO         3271    i.HAL_RTC_GetDate   stm32f3xx_hal_rtc.o
    0x08004d70   0x08004d70   0x00000060   Code   RO         3273    i.HAL_RTC_GetTime   stm32f3xx_hal_rtc.o
    0x08004dd0   0x08004dd0   0x000000d8   Code   RO         3274    i.HAL_RTC_Init      stm32f3xx_hal_rtc.o
    0x08004ea8   0x08004ea8   0x00000028   Code   RO          603    i.HAL_RTC_MspInit   rtc.o
    0x08004ed0   0x08004ed0   0x000001cc   Code   RO         3278    i.HAL_RTC_SetAlarm  stm32f3xx_hal_rtc.o
    0x0800509c   0x0800509c   0x00000104   Code   RO         3280    i.HAL_RTC_SetDate   stm32f3xx_hal_rtc.o
    0x080051a0   0x080051a0   0x0000012c   Code   RO         3281    i.HAL_RTC_SetTime   stm32f3xx_hal_rtc.o
    0x080052cc   0x080052cc   0x0000003a   Code   RO         3282    i.HAL_RTC_WaitForSynchro  stm32f3xx_hal_rtc.o
    0x08005306   0x08005306   0x00000036   Code   RO         3663    i.HAL_SPI_DeInit    stm32f3xx_hal_spi.o
    0x0800533c   0x0800533c   0x000000fc   Code   RO         3668    i.HAL_SPI_Init      stm32f3xx_hal_spi.o
    0x08005438   0x08005438   0x0000005c   Code   RO          675    i.HAL_SPI_MspDeInit  spi.o
    0x08005494   0x08005494   0x00000114   Code   RO          676    i.HAL_SPI_MspInit   spi.o
    0x080055a8   0x080055a8   0x000001ea   Code   RO         3676    i.HAL_SPI_Transmit  stm32f3xx_hal_spi.o
    0x08005792   0x08005792   0x00000002   Code   RO         4735    i.HAL_TIMEx_Break2Callback  stm32f3xx_hal_tim_ex.o
    0x08005794   0x08005794   0x00000002   Code   RO         4736    i.HAL_TIMEx_BreakCallback  stm32f3xx_hal_tim_ex.o
    0x08005796   0x08005796   0x00000002   Code   RO         4737    i.HAL_TIMEx_CommutCallback  stm32f3xx_hal_tim_ex.o
    0x08005798   0x08005798   0x000000b4   Code   RO         4756    i.HAL_TIMEx_MasterConfigSynchronization  stm32f3xx_hal_tim_ex.o
    0x0800584c   0x0800584c   0x0000006e   Code   RO         4010    i.HAL_TIM_Base_Init  stm32f3xx_hal_tim.o
    0x080058ba   0x080058ba   0x00000002   Code   RO         4012    i.HAL_TIM_Base_MspInit  stm32f3xx_hal_tim.o
    0x080058bc   0x080058bc   0x0000009c   Code   RO         4015    i.HAL_TIM_Base_Start_IT  stm32f3xx_hal_tim.o
    0x08005958   0x08005958   0x00000160   Code   RO         9736    i.HAL_TIM_IC_CaptureCallback  remote.o
    0x08005ab8   0x08005ab8   0x000000de   Code   RO         4046    i.HAL_TIM_IC_ConfigChannel  stm32f3xx_hal_tim.o
    0x08005b96   0x08005b96   0x0000006e   Code   RO         4049    i.HAL_TIM_IC_Init   stm32f3xx_hal_tim.o
    0x08005c04   0x08005c04   0x00000002   Code   RO         4051    i.HAL_TIM_IC_MspInit  stm32f3xx_hal_tim.o
    0x08005c06   0x08005c06   0x00000002   PAD
    0x08005c08   0x08005c08   0x000001b0   Code   RO         4054    i.HAL_TIM_IC_Start_IT  stm32f3xx_hal_tim.o
    0x08005db8   0x08005db8   0x000001b8   Code   RO         4058    i.HAL_TIM_IRQHandler  stm32f3xx_hal_tim.o
    0x08005f70   0x08005f70   0x00000054   Code   RO          723    i.HAL_TIM_MspPostInit  tim.o
    0x08005fc4   0x08005fc4   0x00000002   Code   RO         4061    i.HAL_TIM_OC_DelayElapsedCallback  stm32f3xx_hal_tim.o
    0x08005fc6   0x08005fc6   0x00000170   Code   RO         4082    i.HAL_TIM_PWM_ConfigChannel  stm32f3xx_hal_tim.o
    0x08006136   0x08006136   0x0000006e   Code   RO         4085    i.HAL_TIM_PWM_Init  stm32f3xx_hal_tim.o
    0x080061a4   0x080061a4   0x00000084   Code   RO          725    i.HAL_TIM_PWM_MspInit  tim.o
    0x08006228   0x08006228   0x00000002   Code   RO         4088    i.HAL_TIM_PWM_PulseFinishedCallback  stm32f3xx_hal_tim.o
    0x0800622a   0x0800622a   0x00000002   PAD
    0x0800622c   0x0800622c   0x00000054   Code   RO           14    i.HAL_TIM_PeriodElapsedCallback  main.o
    0x08006280   0x08006280   0x00000032   Code   RO         4098    i.HAL_TIM_ReadCapturedValue  stm32f3xx_hal_tim.o
    0x080062b2   0x080062b2   0x00000002   Code   RO         4101    i.HAL_TIM_TriggerCallback  stm32f3xx_hal_tim.o
    0x080062b4   0x080062b4   0x00000002   Code   RO         5023    i.HAL_UARTEx_RxEventCallback  stm32f3xx_hal_uart.o
    0x080062b6   0x080062b6   0x00000002   Code   RO         5419    i.HAL_UARTEx_WakeupCallback  stm32f3xx_hal_uart_ex.o
    0x080062b8   0x080062b8   0x00000002   Code   RO         5039    i.HAL_UART_ErrorCallback  stm32f3xx_hal_uart.o
    0x080062ba   0x080062ba   0x00000002   PAD
    0x080062bc   0x080062bc   0x00000344   Code   RO         5042    i.HAL_UART_IRQHandler  stm32f3xx_hal_uart.o
    0x08006600   0x08006600   0x00000074   Code   RO         5043    i.HAL_UART_Init     stm32f3xx_hal_uart.o
    0x08006674   0x08006674   0x00000088   Code   RO          772    i.HAL_UART_MspInit  usart.o
    0x080066fc   0x080066fc   0x0000010c   Code   RO         5046    i.HAL_UART_Receive  stm32f3xx_hal_uart.o
    0x08006808   0x08006808   0x000000d2   Code   RO         5052    i.HAL_UART_Transmit  stm32f3xx_hal_uart.o
    0x080068da   0x080068da   0x00000002   Code   RO         5055    i.HAL_UART_TxCpltCallback  stm32f3xx_hal_uart.o
    0x080068dc   0x080068dc   0x00000004   Code   RO          855    i.HardFault_Handler  stm32f3xx_it.o
    0x080068e0   0x080068e0   0x00000028   Code   RO         2443    i.I2C_Flush_TXDR    stm32f3xx_hal_i2c.o
    0x08006908   0x08006908   0x000000b4   Code   RO         2451    i.I2C_IsAcknowledgeFailed  stm32f3xx_hal_i2c.o
    0x080069bc   0x080069bc   0x00000034   Code   RO         2458    i.I2C_TransferConfig  stm32f3xx_hal_i2c.o
    0x080069f0   0x080069f0   0x0000005e   Code   RO         2460    i.I2C_WaitOnFlagUntilTimeout  stm32f3xx_hal_i2c.o
    0x08006a4e   0x08006a4e   0x00000002   PAD
    0x08006a50   0x08006a50   0x000000a0   Code   RO         2461    i.I2C_WaitOnRXNEFlagUntilTimeout  stm32f3xx_hal_i2c.o
    0x08006af0   0x08006af0   0x00000056   Code   RO         2462    i.I2C_WaitOnSTOPFlagUntilTimeout  stm32f3xx_hal_i2c.o
    0x08006b46   0x08006b46   0x0000005a   Code   RO         2463    i.I2C_WaitOnTXISFlagUntilTimeout  stm32f3xx_hal_i2c.o
    0x08006ba0   0x08006ba0   0x00000044   Code   RO         9996    i.IIC_Start         sht31.o
    0x08006be4   0x08006be4   0x00000044   Code   RO         9997    i.IIC_Stop          sht31.o
    0x08006c28   0x08006c28   0x00000024   Code   RO         7143    i.KEY_Task          keytask.o
    0x08006c4c   0x08006c4c   0x0000003a   Code   RO         7597    i.LCD_Address_Set   lcd_init.o
    0x08006c86   0x08006c86   0x0000004a   Code   RO         7567    i.LCD_Fill          lcd.o
    0x08006cd0   0x08006cd0   0x000000d4   Code   RO         7598    i.LCD_GPIO_Init     lcd_init.o
    0x08006da4   0x08006da4   0x000001a4   Code   RO         7599    i.LCD_Init          lcd_init.o
    0x08006f48   0x08006f48   0x00000012   Code   RO         7600    i.LCD_WR_DATA       lcd_init.o
    0x08006f5a   0x08006f5a   0x0000000c   Code   RO         7601    i.LCD_WR_DATA8      lcd_init.o
    0x08006f66   0x08006f66   0x00000024   Code   RO         7602    i.LCD_WR_REG        lcd_init.o
    0x08006f8a   0x08006f8a   0x00000002   PAD
    0x08006f8c   0x08006f8c   0x00000068   Code   RO         7603    i.LCD_Writ_Bus      lcd_init.o
    0x08006ff4   0x08006ff4   0x00000068   Code   RO          604    i.LocalTime_SetRTC  rtc.o
    0x0800705c   0x0800705c   0x0000004c   Code   RO          605    i.LocalTime_Update  rtc.o
    0x080070a8   0x080070a8   0x00000058   Code   RO        10000    i.MS56XX_Do_Conversion_Pres  sht31.o
    0x08007100   0x08007100   0x00000058   Code   RO        10001    i.MS56XX_Do_Conversion_Temp  sht31.o
    0x08007158   0x08007158   0x00000400   Code   RO        10002    i.MS56XX_GetPressure  sht31.o
    0x08007558   0x08007558   0x000000f0   Code   RO        10003    i.MS56XX_GetTemperature  sht31.o
    0x08007648   0x08007648   0x0000004c   Code   RO        10005    i.MS56XX_Read_Buf   sht31.o
    0x08007694   0x08007694   0x00000060   Code   RO        10007    i.MX56XX_Read_Prom_Data  sht31.o
    0x080076f4   0x080076f4   0x0000009c   Code   RO          424    i.MX_ADC1_Init      adc.o
    0x08007790   0x08007790   0x0000003c   Code   RO          466    i.MX_DAC_Init       dac.o
    0x080077cc   0x080077cc   0x000000d0   Code   RO          337    i.MX_FREERTOS_Init  freertos.o
    0x0800789c   0x0800789c   0x000001bc   Code   RO          299    i.MX_GPIO_Init      gpio.o
    0x08007a58   0x08007a58   0x00000058   Code   RO          520    i.MX_I2C1_Init      i2c.o
    0x08007ab0   0x08007ab0   0x00000058   Code   RO          521    i.MX_I2C2_Init      i2c.o
    0x08007b08   0x08007b08   0x00000010   Code   RO          566    i.MX_IWDG_Feed      iwdg.o
    0x08007b18   0x08007b18   0x0000002c   Code   RO          567    i.MX_IWDG_Init      iwdg.o
    0x08007b44   0x08007b44   0x00000104   Code   RO          606    i.MX_RTC_Init       rtc.o
    0x08007c48   0x08007c48   0x00000054   Code   RO          677    i.MX_SPI1_Init      spi.o
    0x08007c9c   0x08007c9c   0x00000050   Code   RO          678    i.MX_SPI2_Init      spi.o
    0x08007cec   0x08007cec   0x000000b4   Code   RO          726    i.MX_TIM2_Init      tim.o
    0x08007da0   0x08007da0   0x00000040   Code   RO          773    i.MX_USART1_UART_Init  usart.o
    0x08007de0   0x08007de0   0x0000037c   Code   RO         8973    i.MainMenu_Callback  win_menu.o
    0x0800815c   0x0800815c   0x00000348   Code   RO         8974    i.MainMenu_Callback_A  win_menu.o
    0x080084a4   0x080084a4   0x0000030c   Code   RO         8975    i.MainMenu_Callback_N  win_menu.o
    0x080087b0   0x080087b0   0x00000020   Code   RO         8976    i.MainMenu_Create   win_menu.o
    0x080087d0   0x080087d0   0x00000020   Code   RO         8977    i.MainMenu_Create_A  win_menu.o
    0x080087f0   0x080087f0   0x00000020   Code   RO         8978    i.MainMenu_Create_N  win_menu.o
    0x08008810   0x08008810   0x00000070   Code   RO         8979    i.MainMenu_InitWidgetsList  win_menu.o
    0x08008880   0x08008880   0x00000064   Code   RO         8980    i.MainMenu_InitWidgetsList_A  win_menu.o
    0x080088e4   0x080088e4   0x0000004c   Code   RO         8981    i.MainMenu_InitWidgetsList_N  win_menu.o
    0x08008930   0x08008930   0x00000140   Code   RO         8790    i.MainWin_Callback  win_main.o
    0x08008a70   0x08008a70   0x0000002c   Code   RO         8791    i.MainWin_Create    win_main.o
    0x08008a9c   0x08008a9c   0x00000034   Code   RO         8792    i.MainWin_Init      win_main.o
    0x08008ad0   0x08008ad0   0x00000104   Code   RO         8793    i.MainWin_Paint     win_main.o
    0x08008bd4   0x08008bd4   0x0000002c   Code   RO         8794    i.MainWin_TimerCallback  win_main.o
    0x08008c00   0x08008c00   0x00000054   Code   RO         8795    i.MainWin_Update    win_main.o
    0x08008c54   0x08008c54   0x0000012c   Code   RO         8796    i.MainWin_UpdateIconBar  win_main.o
    0x08008d80   0x08008d80   0x000000e8   Code   RO         8797    i.MainWin_UpdateStatusBar  win_main.o
    0x08008e68   0x08008e68   0x00000080   Code   RO         8798    i.MainWin_UpdateTimeBar  win_main.o
    0x08008ee8   0x08008ee8   0x0000002c   Code   RO         8799    i.MainWin_UpdateTitleBar  win_main.o
    0x08008f14   0x08008f14   0x00000174   Code   RO         8800    i.MainWin_UpdateViewData  win_main.o
    0x08009088   0x08009088   0x0000016e   Code   RO         8801    i.MainWin_UpdateViewData_LeftName  win_main.o
    0x080091f6   0x080091f6   0x00000002   PAD
    0x080091f8   0x080091f8   0x00000058   Code   RO          607    i.Main_LocalTime_Update  rtc.o
    0x08009250   0x08009250   0x00000004   Code   RO          856    i.MemManage_Handler  stm32f3xx_it.o
    0x08009254   0x08009254   0x00000004   Code   RO          857    i.NMI_Handler       stm32f3xx_it.o
    0x08009258   0x08009258   0x00000068   Code   RO         9737    i.REMOTE_TIM_PeriodElapsedCallback  remote.o
    0x080092c0   0x080092c0   0x00000016   Code   RO         3283    i.RTC_Bcd2ToByte    stm32f3xx_hal_rtc.o
    0x080092d6   0x080092d6   0x0000001a   Code   RO         3284    i.RTC_ByteToBcd2    stm32f3xx_hal_rtc.o
    0x080092f0   0x080092f0   0x0000003e   Code   RO         3285    i.RTC_EnterInitMode  stm32f3xx_hal_rtc.o
    0x0800932e   0x0800932e   0x00000002   PAD
    0x08009330   0x08009330   0x00000068   Code   RO         9738    i.Remote_GetResult  remote.o
    0x08009398   0x08009398   0x00000024   Code   RO         9739    i.Remote_TimerStart  remote.o
    0x080093bc   0x080093bc   0x0000006c   Code   RO          338    i.Reset_Task        freertos.o
    0x08009428   0x08009428   0x0000001e   Code   RO          608    i.RestoreTimeFromFRAM  rtc.o
    0x08009446   0x08009446   0x00000002   PAD
    0x08009448   0x08009448   0x00000048   Code   RO         7208    i.SEGGER_RTT_Write  segger_rtt.o
    0x08009490   0x08009490   0x00000084   Code   RO         7209    i.SEGGER_RTT_WriteNoLock  segger_rtt.o
    0x08009514   0x08009514   0x00000022   Code   RO         7379    i.SEGGER_RTT_printf  segger_rtt_printf.o
    0x08009536   0x08009536   0x00000002   PAD
    0x08009538   0x08009538   0x000002ac   Code   RO         7380    i.SEGGER_RTT_vprintf  segger_rtt_printf.o
    0x080097e4   0x080097e4   0x000000b8   Code   RO         6896    i.SHT31             collecttask.o
    0x0800989c   0x0800989c   0x000000e0   Code   RO        10008    i.SHT31_ClearBus    sht31.o
    0x0800997c   0x0800997c   0x0000003a   Code   RO        10009    i.SHT31_Crc8        sht31.o
    0x080099b6   0x080099b6   0x00000002   PAD
    0x080099b8   0x080099b8   0x00000040   Code   RO        10010    i.SHT31_Init        sht31.o
    0x080099f8   0x080099f8   0x00000190   Code   RO        10011    i.SHT31_Measure     sht31.o
    0x08009b88   0x08009b88   0x00000030   Code   RO        10012    i.SHT31_ResetBus    sht31.o
    0x08009bb8   0x08009bb8   0x00000064   Code   RO         3706    i.SPI_EndRxTxTransaction  stm32f3xx_hal_spi.o
    0x08009c1c   0x08009c1c   0x000000f8   Code   RO         3711    i.SPI_WaitFifoStateUntilTimeout  stm32f3xx_hal_spi.o
    0x08009d14   0x08009d14   0x000000d8   Code   RO         3712    i.SPI_WaitFlagStateUntilTimeout  stm32f3xx_hal_spi.o
    0x08009dec   0x08009dec   0x00000188   Code   RO         9162    i.SaveCurrentField  win_information.o
    0x08009f74   0x08009f74   0x00000060   Code   RO          609    i.SaveTimeToFRAM    rtc.o
    0x08009fd4   0x08009fd4   0x00000024   Code   RO         8901    i.SelAuth_Create    win_auth.o
    0x08009ff8   0x08009ff8   0x000000bc   Code   RO         9056    i.SelectColor       win_systemset.o
    0x0800a0b4   0x0800a0b4   0x00000068   Code   RO         9163    i.SelectColor       win_information.o
    0x0800a11c   0x0800a11c   0x00000070   Code   RO         9309    i.SelectColor       win_current.o
    0x0800a18c   0x0800a18c   0x0000006c   Code   RO         9425    i.SelectColor       win_usart.o
    0x0800a1f8   0x0800a1f8   0x0000003c   Code   RO         9531    i.SelectColor       win_life.o
    0x0800a234   0x0800a234   0x0000006c   Code   RO         9631    i.SelectColor       win_save.o
    0x0800a2a0   0x0800a2a0   0x00000034   Code   RO          774    i.Send_Modbus       usart.o
    0x0800a2d4   0x0800a2d4   0x000001c8   Code   RO         9164    i.ShowLine          win_information.o
    0x0800a49c   0x0800a49c   0x00000048   Code   RO         9426    i.ShowLine          win_usart.o
    0x0800a4e4   0x0800a4e4   0x0000004c   Code   RO         9427    i.ShowLine1         win_usart.o
    0x0800a530   0x0800a530   0x0000004c   Code   RO         9532    i.ShowLine1         win_life.o
    0x0800a57c   0x0800a57c   0x00000048   Code   RO         9310    i.ShowLine2         win_current.o
    0x0800a5c4   0x0800a5c4   0x00000048   Code   RO         9311    i.ShowLine3         win_current.o
    0x0800a60c   0x0800a60c   0x0000004c   Code   RO         9312    i.ShowLine4         win_current.o
    0x0800a658   0x0800a658   0x00000050   Code   RO         9632    i.ShowSaved         win_save.o
    0x0800a6a8   0x0800a6a8   0x00000050   Code   RO         9633    i.ShowSaved1        win_save.o
    0x0800a6f8   0x0800a6f8   0x0000000a   Code   RO          339    i.StartDefaultTask  freertos.o
    0x0800a702   0x0800a702   0x0000002c   Code   RO         6822    i.SwitchADChannel   ad7171.o
    0x0800a72e   0x0800a72e   0x00000002   PAD
    0x0800a730   0x0800a730   0x00000034   Code   RO         6734    i.SysTick_Handler   port.o
    0x0800a764   0x0800a764   0x000000b8   Code   RO           15    i.SystemClock_Config  main.o
    0x0800a81c   0x0800a81c   0x00000014   Code   RO         5489    i.SystemInit        system_stm32f3xx.o
    0x0800a830   0x0800a830   0x00000168   Code   RO         7052    i.System_CommonData_Init  appconfig.o
    0x0800a998   0x0800a998   0x0000005c   Code   RO         7053    i.System_ReadCommonData  appconfig.o
    0x0800a9f4   0x0800a9f4   0x00000084   Code   RO         7054    i.System_SaveCommonData  appconfig.o
    0x0800aa78   0x0800aa78   0x00000010   Code   RO          858    i.TIM1_UP_TIM16_IRQHandler  stm32f3xx_it.o
    0x0800aa88   0x0800aa88   0x00000010   Code   RO          859    i.TIM2_IRQHandler   stm32f3xx_it.o
    0x0800aa98   0x0800aa98   0x000000bc   Code   RO         4103    i.TIM_Base_SetConfig  stm32f3xx_hal_tim.o
    0x0800ab54   0x0800ab54   0x00000022   Code   RO         4104    i.TIM_CCxChannelCmd  stm32f3xx_hal_tim.o
    0x0800ab76   0x0800ab76   0x00000002   PAD
    0x0800ab78   0x0800ab78   0x000000ac   Code   RO         4116    i.TIM_OC1_SetConfig  stm32f3xx_hal_tim.o
    0x0800ac24   0x0800ac24   0x000000b4   Code   RO         4117    i.TIM_OC2_SetConfig  stm32f3xx_hal_tim.o
    0x0800acd8   0x0800acd8   0x000000b4   Code   RO         4118    i.TIM_OC3_SetConfig  stm32f3xx_hal_tim.o
    0x0800ad8c   0x0800ad8c   0x00000074   Code   RO         4119    i.TIM_OC4_SetConfig  stm32f3xx_hal_tim.o
    0x0800ae00   0x0800ae00   0x00000070   Code   RO         4120    i.TIM_OC5_SetConfig  stm32f3xx_hal_tim.o
    0x0800ae70   0x0800ae70   0x00000070   Code   RO         4121    i.TIM_OC6_SetConfig  stm32f3xx_hal_tim.o
    0x0800aee0   0x0800aee0   0x0000007c   Code   RO         4124    i.TIM_TI1_SetConfig  stm32f3xx_hal_tim.o
    0x0800af5c   0x0800af5c   0x0000003a   Code   RO         4126    i.TIM_TI2_SetConfig  stm32f3xx_hal_tim.o
    0x0800af96   0x0800af96   0x00000038   Code   RO         4127    i.TIM_TI3_SetConfig  stm32f3xx_hal_tim.o
    0x0800afce   0x0800afce   0x0000003c   Code   RO         4128    i.TIM_TI4_SetConfig  stm32f3xx_hal_tim.o
    0x0800b00a   0x0800b00a   0x00000002   PAD
    0x0800b00c   0x0800b00c   0x00000050   Code   RO          775    i.UART1_Init_IT     usart.o
    0x0800b05c   0x0800b05c   0x000000f8   Code   RO         5057    i.UART_AdvFeatureConfig  stm32f3xx_hal_uart.o
    0x0800b154   0x0800b154   0x00000072   Code   RO         5058    i.UART_CheckIdleState  stm32f3xx_hal_uart.o
    0x0800b1c6   0x0800b1c6   0x00000018   Code   RO         5059    i.UART_DMAAbortOnError  stm32f3xx_hal_uart.o
    0x0800b1de   0x0800b1de   0x00000064   Code   RO         5069    i.UART_EndRxTransfer  stm32f3xx_hal_uart.o
    0x0800b242   0x0800b242   0x0000002e   Code   RO         5070    i.UART_EndTransmit_IT  stm32f3xx_hal_uart.o
    0x0800b270   0x0800b270   0x0000028c   Code   RO         5074    i.UART_SetConfig    stm32f3xx_hal_uart.o
    0x0800b4fc   0x0800b4fc   0x000000f8   Code   RO         5079    i.UART_WaitOnFlagUntilTimeout  stm32f3xx_hal_uart.o
    0x0800b5f4   0x0800b5f4   0x00000094   Code   RO          860    i.USART1_IRQHandler  stm32f3xx_it.o
    0x0800b688   0x0800b688   0x00000004   Code   RO          861    i.UsageFault_Handler  stm32f3xx_it.o
    0x0800b68c   0x0800b68c   0x0000007c   Code   RO         8802    i.ViewData_1        win_main.o
    0x0800b708   0x0800b708   0x00000150   Code   RO         8803    i.ViewData_3        win_main.o
    0x0800b858   0x0800b858   0x00000140   Code   RO         8804    i.ViewData_4        win_main.o
    0x0800b998   0x0800b998   0x00000020   Code   RO         9313    i.WinCurrent_Create  win_current.o
    0x0800b9b8   0x0800b9b8   0x00000020   Code   RO         9165    i.WinInformation_Create  win_information.o
    0x0800b9d8   0x0800b9d8   0x00000020   Code   RO         9533    i.WinLife_Create    win_life.o
    0x0800b9f8   0x0800b9f8   0x00000020   Code   RO         9634    i.WinSave_Create    win_save.o
    0x0800ba18   0x0800ba18   0x00000020   Code   RO         9057    i.WinSystemSet_Create  win_systemset.o
    0x0800ba38   0x0800ba38   0x00000020   Code   RO         9428    i.WinUsart_Create   win_usart.o
    0x0800ba58   0x0800ba58   0x00000128   Code   RO         8902    i.Win_Callback      win_auth.o
    0x0800bb80   0x0800bb80   0x00000274   Code   RO         9058    i.Win_Callback      win_systemset.o
    0x0800bdf4   0x0800bdf4   0x00000324   Code   RO         9166    i.Win_Callback      win_information.o
    0x0800c118   0x0800c118   0x00000280   Code   RO         9314    i.Win_Callback      win_current.o
    0x0800c398   0x0800c398   0x00000230   Code   RO         9429    i.Win_Callback      win_usart.o
    0x0800c5c8   0x0800c5c8   0x000001c4   Code   RO         9534    i.Win_Callback      win_life.o
    0x0800c78c   0x0800c78c   0x00000310   Code   RO         9635    i.Win_Callback      win_save.o
    0x0800ca9c   0x0800ca9c   0x00000110   Code   RO         8903    i.Win_CheckPassword  win_auth.o
    0x0800cbac   0x0800cbac   0x00000044   Code   RO         8904    i.Win_Init          win_auth.o
    0x0800cbf0   0x0800cbf0   0x00000090   Code   RO         9059    i.Win_Init          win_systemset.o
    0x0800cc80   0x0800cc80   0x00000144   Code   RO         9167    i.Win_Init          win_information.o
    0x0800cdc4   0x0800cdc4   0x000000cc   Code   RO         9315    i.Win_Init          win_current.o
    0x0800ce90   0x0800ce90   0x0000009c   Code   RO         9430    i.Win_Init          win_usart.o
    0x0800cf2c   0x0800cf2c   0x0000008c   Code   RO         9535    i.Win_Init          win_life.o
    0x0800cfb8   0x0800cfb8   0x0000007c   Code   RO         9636    i.Win_Init          win_save.o
    0x0800d034   0x0800d034   0x00000094   Code   RO         9060    i.Win_ModifyPaint   win_systemset.o
    0x0800d0c8   0x0800d0c8   0x00000034   Code   RO         9168    i.Win_ModifyPaint   win_information.o
    0x0800d0fc   0x0800d0fc   0x00000010   Code   RO         9316    i.Win_ModifyPaint   win_current.o
    0x0800d10c   0x0800d10c   0x0000000c   Code   RO         9431    i.Win_ModifyPaint   win_usart.o
    0x0800d118   0x0800d118   0x00000008   Code   RO         9536    i.Win_ModifyPaint   win_life.o
    0x0800d120   0x0800d120   0x00000010   Code   RO         9637    i.Win_ModifyPaint   win_save.o
    0x0800d130   0x0800d130   0x00000078   Code   RO         8905    i.Win_Paint         win_auth.o
    0x0800d1a8   0x0800d1a8   0x0000011c   Code   RO         9061    i.Win_Paint         win_systemset.o
    0x0800d2c4   0x0800d2c4   0x000000b4   Code   RO         9169    i.Win_Paint         win_information.o
    0x0800d378   0x0800d378   0x0000012c   Code   RO         9317    i.Win_Paint         win_current.o
    0x0800d4a4   0x0800d4a4   0x00000094   Code   RO         9432    i.Win_Paint         win_usart.o
    0x0800d538   0x0800d538   0x00000064   Code   RO         9537    i.Win_Paint         win_life.o
    0x0800d59c   0x0800d59c   0x0000006c   Code   RO         9638    i.Win_Paint         win_save.o
    0x0800d608   0x0800d608   0x00000050   Code   RO         8906    i.Win_UpdatePaint   win_auth.o
    0x0800d658   0x0800d658   0x00000070   Code   RO         7213    i._DoInit           segger_rtt.o
    0x0800d6c8   0x0800d6c8   0x0000001c   Code   RO         7214    i._GetAvailWriteSpace  segger_rtt.o
    0x0800d6e4   0x0800d6e4   0x000000ec   Code   RO         7381    i._PrintInt         segger_rtt_printf.o
    0x0800d7d0   0x0800d7d0   0x000000ec   Code   RO         7382    i._PrintUnsigned    segger_rtt_printf.o
    0x0800d8bc   0x0800d8bc   0x00000044   Code   RO         7383    i._StoreChar        segger_rtt_printf.o
    0x0800d900   0x0800d900   0x00000072   Code   RO         7216    i._WriteBlocking    segger_rtt.o
    0x0800d972   0x0800d972   0x0000004c   Code   RO         7217    i._WriteNoCheck     segger_rtt.o
    0x0800d9be   0x0800d9be   0x00000002   PAD
    0x0800d9c0   0x0800d9c0   0x00000030   Code   RO        10406    i.__0snprintf       mc_w.l(printfa.o)
    0x0800d9f0   0x0800d9f0   0x00000028   Code   RO        10407    i.__0sprintf        mc_w.l(printfa.o)
    0x0800da18   0x0800da18   0x00000010   Code   RO         1916    i.__NVIC_GetPriorityGrouping  stm32f3xx_hal_cortex.o
    0x0800da28   0x0800da28   0x00000028   Code   RO         1917    i.__NVIC_SetPriority  stm32f3xx_hal_cortex.o
    0x0800da50   0x0800da50   0x00000008   Code   RO        10506    i.__aeabi_errno_addr  mc_w.l(errno.o)
    0x0800da58   0x0800da58   0x00000038   Code   RO        10144    i.__hardfp_atof     m_wm.l(atof.o)
    0x0800da90   0x0800da90   0x0000000c   Code   RO        10507    i.__read_errno      mc_w.l(errno.o)
    0x0800da9c   0x0800da9c   0x0000000e   Code   RO        10581    i.__scatterload_copy  mc_w.l(handlers.o)
    0x0800daaa   0x0800daaa   0x00000002   Code   RO        10582    i.__scatterload_null  mc_w.l(handlers.o)
    0x0800daac   0x0800daac   0x0000000e   Code   RO        10583    i.__scatterload_zeroinit  mc_w.l(handlers.o)
    0x0800daba   0x0800daba   0x00000002   PAD
    0x0800dabc   0x0800dabc   0x0000000c   Code   RO        10508    i.__set_errno       mc_w.l(errno.o)
    0x0800dac8   0x0800dac8   0x00000184   Code   RO        10412    i._fp_digits        mc_w.l(printfa.o)
    0x0800dc4c   0x0800dc4c   0x0000000e   Code   RO        10563    i._is_digit         mc_w.l(scanf_fp.o)
    0x0800dc5a   0x0800dc5a   0x00000002   PAD
    0x0800dc5c   0x0800dc5c   0x000006dc   Code   RO        10413    i._printf_core      mc_w.l(printfa.o)
    0x0800e338   0x0800e338   0x00000024   Code   RO        10414    i._printf_post_padding  mc_w.l(printfa.o)
    0x0800e35c   0x0800e35c   0x0000002e   Code   RO        10415    i._printf_pre_padding  mc_w.l(printfa.o)
    0x0800e38a   0x0800e38a   0x00000016   Code   RO        10416    i._snputc           mc_w.l(printfa.o)
    0x0800e3a0   0x0800e3a0   0x0000000a   Code   RO        10417    i._sputc            mc_w.l(printfa.o)
    0x0800e3aa   0x0800e3aa   0x00000002   PAD
    0x0800e3ac   0x0800e3ac   0x00000028   Code   RO          467    i.dac_Out           dac.o
    0x0800e3d4   0x0800e3d4   0x0000001a   Code   RO          468    i.dac_OutTest       dac.o
    0x0800e3ee   0x0800e3ee   0x0000001c   Code   RO         9891    i.fram_GPIO_SetPinMode  bsp_fram_driver.o
    0x0800e40a   0x0800e40a   0x00000002   PAD
    0x0800e40c   0x0800e40c   0x00000070   Code   RO         9892    i.fram_gpio_init    bsp_fram_driver.o
    0x0800e47c   0x0800e47c   0x00000024   Code   RO         9893    i.fram_init         bsp_fram_driver.o
    0x0800e4a0   0x0800e4a0   0x00000070   Code   RO         9894    i.fs_fram_check     bsp_fram_driver.o
    0x0800e510   0x0800e510   0x0000004e   Code   RO         9896    i.fs_fram_i2c_ack   bsp_fram_driver.o
    0x0800e55e   0x0800e55e   0x0000000e   Code   RO         9897    i.fs_fram_i2c_delay  bsp_fram_driver.o
    0x0800e56c   0x0800e56c   0x0000004c   Code   RO         9898    i.fs_fram_i2c_nack  bsp_fram_driver.o
    0x0800e5b8   0x0800e5b8   0x00000056   Code   RO         9899    i.fs_fram_i2c_read_byte  bsp_fram_driver.o
    0x0800e60e   0x0800e60e   0x0000004c   Code   RO         9900    i.fs_fram_i2c_start  bsp_fram_driver.o
    0x0800e65a   0x0800e65a   0x00000050   Code   RO         9901    i.fs_fram_i2c_stop  bsp_fram_driver.o
    0x0800e6aa   0x0800e6aa   0x00000064   Code   RO         9902    i.fs_fram_i2c_wait_ack  bsp_fram_driver.o
    0x0800e70e   0x0800e70e   0x00000076   Code   RO         9903    i.fs_fram_i2c_write_byte  bsp_fram_driver.o
    0x0800e784   0x0800e784   0x0000006a   Code   RO         9904    i.fs_fram_read_nbyte  bsp_fram_driver.o
    0x0800e7ee   0x0800e7ee   0x00000054   Code   RO         9905    i.fs_fram_write_nbyte  bsp_fram_driver.o
    0x0800e842   0x0800e842   0x0000001c   Code   RO         7055    i.gas_CheckTimeDiff  appconfig.o
    0x0800e85e   0x0800e85e   0x0000000a   Code   RO         8982    i.get_index         win_menu.o
    0x0800e868   0x0800e868   0x00000018   Code   RO         8983    i.get_row_col       win_menu.o
    0x0800e880   0x0800e880   0x0000003c   Code   RO          300    i.hard_GetKeyState  gpio.o
    0x0800e8bc   0x0800e8bc   0x00000084   Code   RO         7144    i.keyProcess        keytask.o
    0x0800e940   0x0800e940   0x00000062   Code   RO         7145    i.key_HardKeyConvertToUiKey  keytask.o
    0x0800e9a2   0x0800e9a2   0x00000002   PAD
    0x0800e9a4   0x0800e9a4   0x00000160   Code   RO         7146    i.key_RemoteKeyConvertToUiKey  keytask.o
    0x0800eb04   0x0800eb04   0x0000003a   Code   RO         7604    i.lcd_Address_Set   lcd_init.o
    0x0800eb3e   0x0800eb3e   0x00000002   PAD
    0x0800eb40   0x0800eb40   0x00000010   Code   RO         7605    i.lcd_BG_Active     lcd_init.o
    0x0800eb50   0x0800eb50   0x0000003c   Code   RO         7607    i.lcd_WR_DATA       lcd_init.o
    0x0800eb8c   0x0800eb8c   0x00000030   Code   RO         7608    i.lcd_WR_DATA8      lcd_init.o
    0x0800ebbc   0x0800ebbc   0x00000034   Code   RO         7609    i.lcd_WR_DATA_LEN   lcd_init.o
    0x0800ebf0   0x0800ebf0   0x00000024   Code   RO         7610    i.lcd_WR_REG        lcd_init.o
    0x0800ec14   0x0800ec14   0x00000084   Code   RO           16    i.main              main.o
    0x0800ec98   0x0800ec98   0x0000000e   Code   RO         6305    i.makeFreeRtosPriority  cmsis_os.o
    0x0800eca6   0x0800eca6   0x00000018   Code   RO         6307    i.osDelay           cmsis_os.o
    0x0800ecbe   0x0800ecbe   0x0000000a   Code   RO         6310    i.osKernelStart     cmsis_os.o
    0x0800ecc8   0x0800ecc8   0x0000005e   Code   RO         6344    i.osThreadCreate    cmsis_os.o
    0x0800ed26   0x0800ed26   0x00000002   PAD
    0x0800ed28   0x0800ed28   0x00000098   Code   RO         5991    i.prvAddCurrentTaskToDelayedList  tasks.o
    0x0800edc0   0x0800edc0   0x000000b4   Code   RO         5992    i.prvAddNewTaskToReadyList  tasks.o
    0x0800ee74   0x0800ee74   0x00000048   Code   RO         5993    i.prvCheckTasksWaitingTermination  tasks.o
    0x0800eebc   0x0800eebc   0x00000050   Code   RO         5994    i.prvDeleteTCB      tasks.o
    0x0800ef0c   0x0800ef0c   0x00000014   Code   RO         5668    i.prvGetDisinheritPriorityAfterTimeout  queue.o
    0x0800ef20   0x0800ef20   0x0000007c   Code   RO         6672    i.prvHeapInit       heap_4.o
    0x0800ef9c   0x0800ef9c   0x00000028   Code   RO         5995    i.prvIdleTask       tasks.o
    0x0800efc4   0x0800efc4   0x00000026   Code   RO         5670    i.prvInitialiseNewQueue  queue.o
    0x0800efea   0x0800efea   0x000000aa   Code   RO         5996    i.prvInitialiseNewTask  tasks.o
    0x0800f094   0x0800f094   0x00000068   Code   RO         5997    i.prvInitialiseTaskLists  tasks.o
    0x0800f0fc   0x0800f0fc   0x00000068   Code   RO         6673    i.prvInsertBlockIntoFreeList  heap_4.o
    0x0800f164   0x0800f164   0x0000001a   Code   RO         5671    i.prvIsQueueEmpty   queue.o
    0x0800f17e   0x0800f17e   0x00000002   PAD
    0x0800f180   0x0800f180   0x00000034   Code   RO         5998    i.prvResetNextTaskUnblockTime  tasks.o
    0x0800f1b4   0x0800f1b4   0x00000040   Code   RO         6735    i.prvTaskExitError  port.o
    0x0800f1f4   0x0800f1f4   0x0000007e   Code   RO         5673    i.prvUnlockQueue    queue.o
    0x0800f272   0x0800f272   0x00000002   PAD
    0x0800f274   0x0800f274   0x0000013c   Code   RO         6674    i.pvPortMalloc      heap_4.o
    0x0800f3b0   0x0800f3b0   0x00000020   Code   RO         6000    i.pvTaskIncrementMutexHeldCount  tasks.o
    0x0800f3d0   0x0800f3d0   0x0000002c   Code   RO         6736    i.pxPortInitialiseStack  port.o
    0x0800f3fc   0x0800f3fc   0x00000020   Code   RO         7056    i.sys_SumCheckCode  appconfig.o
    0x0800f41c   0x0800f41c   0x00000078   Code   RO         6897    i.temp_Internal     collecttask.o
    0x0800f494   0x0800f494   0x00000048   Code   RO         8089    i.ui_AddData        ui_draw.o
    0x0800f4dc   0x0800f4dc   0x00000056   Code   RO         8090    i.ui_DrawBar        ui_draw.o
    0x0800f532   0x0800f532   0x000000e0   Code   RO         8091    i.ui_DrawChar       ui_draw.o
    0x0800f612   0x0800f612   0x00000178   Code   RO         8092    i.ui_DrawChar2      ui_draw.o
    0x0800f78a   0x0800f78a   0x00000094   Code   RO         8093    i.ui_DrawChinese    ui_draw.o
    0x0800f81e   0x0800f81e   0x000000ac   Code   RO         8094    i.ui_DrawString     ui_draw.o
    0x0800f8ca   0x0800f8ca   0x0000001a   Code   RO         8095    i.ui_FillPixel      ui_draw.o
    0x0800f8e4   0x0800f8e4   0x00000032   Code   RO         8096    i.ui_Fill_Byte      ui_draw.o
    0x0800f916   0x0800f916   0x00000032   Code   RO         8097    i.ui_Fill_ReverseByte  ui_draw.o
    0x0800f948   0x0800f948   0x00000148   Code   RO         8098    i.ui_FindFontBuffer  ui_draw.o
    0x0800fa90   0x0800fa90   0x00000048   Code   RO         8099    i.ui_GetDrawWidth   ui_draw.o
    0x0800fad8   0x0800fad8   0x00000014   Code   RO         8447    i.ui_GetInputKey    ui_key.o
    0x0800faec   0x0800faec   0x0000000c   Code   RO         8100    i.ui_ResetData      ui_draw.o
    0x0800faf8   0x0800faf8   0x0000002c   Code   RO         8101    i.ui_SendData       ui_draw.o
    0x0800fb24   0x0800fb24   0x0000002c   Code   RO         8448    i.ui_SetInputKey    ui_key.o
    0x0800fb50   0x0800fb50   0x00000086   Code   RO         8192    i.ui_convert_data   ui_edit.o
    0x0800fbd6   0x0800fbd6   0x00000312   Code   RO         8193    i.ui_edit_callback  ui_edit.o
    0x0800fee8   0x0800fee8   0x000000a8   Code   RO         8194    i.ui_edit_create    ui_edit.o
    0x0800ff90   0x0800ff90   0x00000044   Code   RO         8195    i.ui_edit_create_ex  ui_edit.o
    0x0800ffd4   0x0800ffd4   0x00000016   Code   RO         8196    i.ui_edit_draw_callback  ui_edit.o
    0x0800ffea   0x0800ffea   0x00000002   PAD
    0x0800ffec   0x0800ffec   0x000000cc   Code   RO         8197    i.ui_edit_timer_callback  ui_edit.o
    0x080100b8   0x080100b8   0x000003a4   Code   RO         8198    i.ui_format_data    ui_edit.o
    0x0801045c   0x0801045c   0x00000098   Code   RO         8414    i.ui_icon_create    ui_icon.o
    0x080104f4   0x080104f4   0x00000040   Code   RO         8415    i.ui_icon_draw      ui_icon.o
    0x08010534   0x08010534   0x00000018   Code   RO         8486    i.ui_lable_create   ui_lable.o
    0x0801054c   0x0801054c   0x00000016   Code   RO         8488    i.ui_lable_draw     ui_lable.o
    0x08010562   0x08010562   0x0000002c   Code   RO         7702    i.ui_show_lable     ui_base.o
    0x0801058e   0x0801058e   0x00000106   Code   RO         7703    i.ui_show_text      ui_base.o
    0x08010694   0x08010694   0x00000082   Code   RO         7704    i.ui_show_text_ex   ui_base.o
    0x08010716   0x08010716   0x0000001a   Code   RO         8250    i.ui_widget_go_prev_win  ui_event.o
    0x08010730   0x08010730   0x00000038   Code   RO         8251    i.ui_widget_update  ui_event.o
    0x08010768   0x08010768   0x0000000c   Code   RO         8252    i.ui_widgets_get_top_win  ui_event.o
    0x08010774   0x08010774   0x00000034   Code   RO         8253    i.ui_widgets_run_top_win  ui_event.o
    0x080107a8   0x080107a8   0x0000000c   Code   RO         8255    i.ui_widgets_set_top_win  ui_event.o
    0x080107b4   0x080107b4   0x00000044   Code   RO         8755    i.ui_window_create  ui_win.o
    0x080107f8   0x080107f8   0x00000042   Code   RO         8756    i.ui_window_draw    ui_win.o
    0x0801083a   0x0801083a   0x00000028   Code   RO         5626    i.uxListRemove      list.o
    0x08010862   0x08010862   0x00000002   PAD
    0x08010864   0x08010864   0x00000018   Code   RO          340    i.vApplicationGetIdleTaskMemory  freertos.o
    0x0801087c   0x0801087c   0x0000001a   Code   RO         5627    i.vListInitialise   list.o
    0x08010896   0x08010896   0x00000006   Code   RO         5628    i.vListInitialiseItem  list.o
    0x0801089c   0x0801089c   0x00000034   Code   RO         5629    i.vListInsert       list.o
    0x080108d0   0x080108d0   0x00000018   Code   RO         5630    i.vListInsertEnd    list.o
    0x080108e8   0x080108e8   0x00000054   Code   RO         6738    i.vPortEnterCritical  port.o
    0x0801093c   0x0801093c   0x0000003c   Code   RO         6739    i.vPortExitCritical  port.o
    0x08010978   0x08010978   0x00000094   Code   RO         6675    i.vPortFree         heap_4.o
    0x08010a0c   0x08010a0c   0x00000028   Code   RO         6740    i.vPortSetupTimerInterrupt  port.o
    0x08010a34   0x08010a34   0x00000078   Code   RO         6741    i.vPortValidateInterruptPriority  port.o
    0x08010aac   0x08010aac   0x0000005c   Code   RO         6006    i.vTaskDelay        tasks.o
    0x08010b08   0x08010b08   0x00000018   Code   RO         6009    i.vTaskInternalSetTimeOutState  tasks.o
    0x08010b20   0x08010b20   0x0000000c   Code   RO         6010    i.vTaskMissedYield  tasks.o
    0x08010b2c   0x08010b2c   0x00000038   Code   RO         6012    i.vTaskPlaceOnEventList  tasks.o
    0x08010b64   0x08010b64   0x000000f4   Code   RO         6014    i.vTaskPriorityDisinheritAfterTimeout  tasks.o
    0x08010c58   0x08010c58   0x000000b0   Code   RO         6019    i.vTaskStartScheduler  tasks.o
    0x08010d08   0x08010d08   0x00000010   Code   RO         6021    i.vTaskSuspendAll   tasks.o
    0x08010d18   0x08010d18   0x0000008c   Code   RO         6022    i.vTaskSwitchContext  tasks.o
    0x08010da4   0x08010da4   0x00000168   Code   RO         6742    i.xPortStartScheduler  port.o
    0x08010f0c   0x08010f0c   0x000000de   Code   RO         5683    i.xQueueGenericCreateStatic  queue.o
    0x08010fea   0x08010fea   0x00000002   PAD
    0x08010fec   0x08010fec   0x00000098   Code   RO         5684    i.xQueueGenericReset  queue.o
    0x08011084   0x08011084   0x000000e0   Code   RO         5687    i.xQueueGiveFromISR  queue.o
    0x08011164   0x08011164   0x000001b8   Code   RO         5694    i.xQueueSemaphoreTake  queue.o
    0x0801131c   0x0801131c   0x0000008c   Code   RO         6023    i.xTaskCheckForTimeOut  tasks.o
    0x080113a8   0x080113a8   0x00000064   Code   RO         6024    i.xTaskCreate       tasks.o
    0x0801140c   0x0801140c   0x000000b8   Code   RO         6025    i.xTaskCreateStatic  tasks.o
    0x080114c4   0x080114c4   0x00000020   Code   RO         6029    i.xTaskGetSchedulerState  tasks.o
    0x080114e4   0x080114e4   0x0000000c   Code   RO         6030    i.xTaskGetTickCount  tasks.o
    0x080114f0   0x080114f0   0x00000148   Code   RO         6032    i.xTaskIncrementTick  tasks.o
    0x08011638   0x08011638   0x000000c8   Code   RO         6036    i.xTaskPriorityInherit  tasks.o
    0x08011700   0x08011700   0x00000098   Code   RO         6037    i.xTaskRemoveFromEventList  tasks.o
    0x08011798   0x08011798   0x00000104   Code   RO         6038    i.xTaskResumeAll    tasks.o
    0x0801189c   0x0801189c   0x000000c4   Data   RO          342    .constdata          freertos.o
    0x08011960   0x08011960   0x00000020   Data   RO         1599    .constdata          stm32f3xx_hal_rcc.o
    0x08011980   0x08011980   0x00000018   Data   RO         5490    .constdata          system_stm32f3xx.o
    0x08011998   0x08011998   0x00000010   Data   RO         7384    .constdata          segger_rtt_printf.o
    0x080119a8   0x080119a8   0x00002f98   Data   RO         8313    .constdata          ui_font_ascii.o
    0x08014940   0x08014940   0x0000417c   Data   RO         8342    .constdata          ui_font24.o
    0x08018abc   0x08018abc   0x00000708   Data   RO         8369    .constdata          ui_font48.o
    0x080191c4   0x080191c4   0x00000018   Data   RO         8385    .constdata          ui_font64.o
    0x080191dc   0x080191dc   0x00000990   Data   RO         8398    .constdata          ui_fontc64.o
    0x08019b6c   0x08019b6c   0x00000081   Data   RO        10534    .constdata          mc_w.l(ctype_o.o)
    0x08019bed   0x08019bed   0x00000003   PAD
    0x08019bf0   0x08019bf0   0x00000004   Data   RO        10535    .constdata          mc_w.l(ctype_o.o)
    0x08019bf4   0x08019bf4   0x0000004c   Data   RO          343    .conststring        freertos.o
    0x08019c40   0x08019c40   0x00000267   Data   RO         7058    .conststring        appconfig.o
    0x08019ea7   0x08019ea7   0x00000001   PAD
    0x08019ea8   0x08019ea8   0x0000005f   Data   RO         8984    .conststring        win_menu.o
    0x08019f07   0x08019f07   0x00000001   PAD
    0x08019f08   0x08019f08   0x00000045   Data   RO         9062    .conststring        win_systemset.o
    0x08019f4d   0x08019f4d   0x00000003   PAD
    0x08019f50   0x08019f50   0x00000030   Data   RO        10579    Region$$Table       anon$$obj.o


    Execution Region RW_IRAM2 (Exec base: 0x10000000, Load base: 0x0801a45c, Size: 0x00002000, Max: 0x00002000, ABSOLUTE)

    Exec Addr    Load Addr    Size         Type   Attr      Idx    E Section Name        Object

    0x10000000        -       0x00001000   Zero   RW         8102    .ARM.__AT_0x10000000  ui_draw.o
    0x10001000        -       0x00001000   Zero   RW         9798    .ARM.__AT_0x10001000  bsp_w25qxx_driver.o


    Execution Region RW_IRAM1 (Exec base: 0x20000000, Load base: 0x08019f80, Size: 0x000060c0, Max: 0x00008000, ABSOLUTE, COMPRESSED[0x000004dc])

    Exec Addr    Load Addr    Size         Type   Attr      Idx    E Section Name        Object

    0x20000000   COMPRESSED   0x00000002   Data   RW           18    .data               main.o
    0x20000002   COMPRESSED   0x00000002   PAD
    0x20000004   COMPRESSED   0x0000001c   Data   RW          344    .data               freertos.o
    0x20000020   COMPRESSED   0x00000006   Data   RW          611    .data               rtc.o
    0x20000026   COMPRESSED   0x00000002   PAD
    0x20000028   COMPRESSED   0x00000009   Data   RW         1436    .data               stm32f3xx_hal.o
    0x20000031   COMPRESSED   0x00000003   PAD
    0x20000034   COMPRESSED   0x00000004   Data   RW         5491    .data               system_stm32f3xx.o
    0x20000038   COMPRESSED   0x0000003c   Data   RW         6041    .data               tasks.o
    0x20000074   COMPRESSED   0x00000018   Data   RW         6680    .data               heap_4.o
    0x2000008c   COMPRESSED   0x0000000c   Data   RW         6743    .data               port.o
    0x20000098   COMPRESSED   0x00000021   Data   RW         6824    .data               ad7171.o
    0x200000b9   COMPRESSED   0x00000001   PAD
    0x200000ba   COMPRESSED   0x0000000c   Data   RW         6899    .data               collecttask.o
    0x200000c6   COMPRESSED   0x00000002   PAD
    0x200000c8   COMPRESSED   0x00000198   Data   RW         7059    .data               appconfig.o
    0x20000260   COMPRESSED   0x00000004   Data   RW         7611    .data               lcd_init.o
    0x20000264   COMPRESSED   0x00000008   Data   RW         7706    .data               ui_base.o
    0x2000026c   COMPRESSED   0x00000002   Data   RW         8103    .data               ui_draw.o
    0x2000026e   COMPRESSED   0x00000002   PAD
    0x20000270   COMPRESSED   0x00000004   Data   RW         8256    .data               ui_event.o
    0x20000274   COMPRESSED   0x00000438   Data   RW         8343    .data               ui_font24.o
    0x200006ac   COMPRESSED   0x00000001   Data   RW         8449    .data               ui_key.o
    0x200006ad   COMPRESSED   0x00000003   PAD
    0x200006b0   COMPRESSED   0x0000004e   Data   RW         8805    .data               win_main.o
    0x200006fe   COMPRESSED   0x00000002   PAD
    0x20000700   COMPRESSED   0x00000048   Data   RW         8907    .data               win_auth.o
    0x20000748   COMPRESSED   0x000006f0   Data   RW         8985    .data               win_menu.o
    0x20000e38   COMPRESSED   0x0000008c   Data   RW         9063    .data               win_systemset.o
    0x20000ec4   COMPRESSED   0x00000056   Data   RW         9170    .data               win_information.o
    0x20000f1a   COMPRESSED   0x00000002   PAD
    0x20000f1c   COMPRESSED   0x0000004b   Data   RW         9318    .data               win_current.o
    0x20000f67   COMPRESSED   0x00000001   PAD
    0x20000f68   COMPRESSED   0x00000048   Data   RW         9433    .data               win_usart.o
    0x20000fb0   COMPRESSED   0x00000046   Data   RW         9538    .data               win_life.o
    0x20000ff6   COMPRESSED   0x00000002   PAD
    0x20000ff8   COMPRESSED   0x00000044   Data   RW         9639    .data               win_save.o
    0x2000103c   COMPRESSED   0x00000009   Data   RW         9740    .data               remote.o
    0x20001045   COMPRESSED   0x00000001   Data   RW         9906    .data               bsp_fram_driver.o
    0x20001046   COMPRESSED   0x00000002   PAD
    0x20001048   COMPRESSED   0x00000045   Data   RW        10014    .data               sht31.o
    0x2000108d   COMPRESSED   0x00000003   PAD
    0x20001090   COMPRESSED   0x00000004   Data   RW        10509    .data               mc_w.l(errno.o)
    0x20001094        -       0x00000048   Zero   RW           17    .bss                main.o
    0x200010dc        -       0x000030a0   Zero   RW          341    .bss                freertos.o
    0x2000417c        -       0x00000050   Zero   RW          425    .bss                adc.o
    0x200041cc        -       0x00000014   Zero   RW          469    .bss                dac.o
    0x200041e0        -       0x00000098   Zero   RW          522    .bss                i2c.o
    0x20004278        -       0x00000010   Zero   RW          568    .bss                iwdg.o
    0x20004288        -       0x00000020   Zero   RW          610    .bss                rtc.o
    0x200042a8        -       0x000000c8   Zero   RW          679    .bss                spi.o
    0x20004370        -       0x0000004c   Zero   RW          727    .bss                tim.o
    0x200043bc        -       0x000002a4   Zero   RW          778    .bss                usart.o
    0x20004660        -       0x0000004c   Zero   RW          961    .bss                stm32f3xx_hal_timebase_tim.o
    0x200046ac        -       0x000000f0   Zero   RW         6040    .bss                tasks.o
    0x2000479c        -       0x00000c00   Zero   RW         6679    .bss                heap_4.o
    0x2000539c        -       0x00000018   Zero   RW         6823    .bss                ad7171.o
    0x200053b4        -       0x00000141   Zero   RW         7057    .bss                appconfig.o
    0x200054f5   COMPRESSED   0x00000003   PAD
    0x200054f8        -       0x00000018   Zero   RW         7147    .bss                keytask.o
    0x20005510        -       0x000004b8   Zero   RW         7218    .bss                segger_rtt.o
    0x200059c8        -       0x000001d0   Zero   RW         7463    .bss                ad_config.o
    0x20005b98        -       0x000000cc   Zero   RW         7705    .bss                ui_base.o
    0x20005c64        -       0x00000029   Zero   RW         8757    .bss                ui_win.o
    0x20005c8d   COMPRESSED   0x00000003   PAD
    0x20005c90        -       0x0000002e   Zero   RW        10013    .bss                sht31.o
    0x20005cbe   COMPRESSED   0x00000002   PAD
    0x20005cc0        -       0x00000400   Zero   RW            1    STACK               startup_stm32f303xc.o


==============================================================================

Image component sizes


      Code (inc. data)   RO Data    RW Data    ZI Data      Debug   Object Name

      1182         94          0         33         24       8565   ad7171.o
         0          0          0          0        464       5217   ad_config.o
       200          8          0          0         80       1921   adc.o
      1664        262        615        408        321      12576   appconfig.o
      1106         26          0          1          0      10903   bsp_fram_driver.o
         0          0          0          0       4096       1807   bsp_w25qxx_driver.o
       142          0          0          0          0      22735   cmsis_os.o
       580         60          0         12          0       4703   collecttask.o
        56          6          0          0          0        560   commtask.o
       238         22          0          0         20       3119   dac.o
         0          0          0          0          0      18408   event_groups.o
       374         60        272         28      12448       5402   freertos.o
       504         20          0          0          0       1886   gpio.o
       144          6          0          0          0        627   guitask.o
       692         62          0         24       3072       7771   heap_4.o
       504         60          0          0        152       3298   i2c.o
        60         16          0          0         16       1350   iwdg.o
       618        130          0          0         24       3607   keytask.o
        74          0          0          0          0        811   lcd.o
      1130         54          0          4          0       8882   lcd_init.o
       148          0          0          0          0       3950   list.o
       406         28          0          2         72     708772   main.o
      1014         92          0         12          0      12801   port.o
      1248         12          0          0          0      10523   queue.o
       596         48          0          9          0       3591   remote.o
       694         52          0          6         32       6074   rtc.o
       534         48          0          0       1208       8342   segger_rtt.o
      1258         12         16          0          0       6725   segger_rtt_printf.o
      2542        268          0         69         46      11771   sht31.o
       532         52          0          0        200       3358   spi.o
        36          8        392          0       1024        900   startup_stm32f303xc.o
       116         24          0          9          0      13182   stm32f3xx_hal.o
      3206        110          0          0          0       9183   stm32f3xx_hal_adc_ex.o
       388         36          0          0          0      35583   stm32f3xx_hal_cortex.o
        40          0          0          0          0       1175   stm32f3xx_hal_dac.o
       242          0          0          0          0       3035   stm32f3xx_hal_dac_ex.o
       172          0          0          0          0       1915   stm32f3xx_hal_dma.o
       800         56          0          0          0       5918   stm32f3xx_hal_gpio.o
      2044         30          0          0          0      12899   stm32f3xx_hal_i2c.o
       210          0          0          0          0       2139   stm32f3xx_hal_i2c_ex.o
       126          0          0          0          0       2095   stm32f3xx_hal_iwdg.o
        72          4          0          0          0        978   stm32f3xx_hal_msp.o
        20          6          0          0          0        611   stm32f3xx_hal_pwr.o
      3608        106         32          0          0       7641   stm32f3xx_hal_rcc.o
       740         14          0          0          0       1720   stm32f3xx_hal_rcc_ex.o
      1576         22          0          0          0       9141   stm32f3xx_hal_rtc.o
        36          0          0          0          0       1955   stm32f3xx_hal_rtc_ex.o
      1360         12          0          0          0       6659   stm32f3xx_hal_spi.o
      3400        252          0          0          0      21672   stm32f3xx_hal_tim.o
       186         22          0          0          0       3408   stm32f3xx_hal_tim_ex.o
       156         20          0          0         76       1615   stm32f3xx_hal_timebase_tim.o
      2868         58          0          0          0      13806   stm32f3xx_hal_uart.o
         2          0          0          0          0       1096   stm32f3xx_hal_uart_ex.o
       262         30          0          0          0       5601   stm32f3xx_it.o
         0          0          0          0          0        400   stream_buffer.o
        20          6         24          4          0       1319   system_stm32f3xx.o
      3050        368          0         60        240      26903   tasks.o
       396         20          0          0         76       2843   tim.o
       436          0          0          8        204       9198   ui_base.o
         0          0          0          0          0       4994   ui_button.o
         0          0          0          0          0       6214   ui_confirm.o
      1660         46          0          2       4096      12247   ui_draw.o
      2314        258          0          0          0       6261   ui_edit.o
       158         16          0          4          0       7576   ui_event.o
         0          0      16764       1080          0      15344   ui_font24.o
         0          0       1800          0          0       6251   ui_font48.o
         0          0         24          0          0       5707   ui_font64.o
         0          0      12184          0          0       6235   ui_font_ascii.o
         0          0       2448          0          0       6467   ui_fontc64.o
       216          4          0          0          0       1804   ui_icon.o
        64         10          0          1          0       5380   ui_key.o
        46          6          0          0          0       1610   ui_lable.o
       134         10          0          0         41       2120   ui_win.o
       332         42          0          0        676       9664   usart.o
       980        174          0         72          0       5931   win_auth.o
      1524        238          0         75          0      11046   win_current.o
      3212        510          0         86          0       8653   win_information.o
       868        156          0         70          0       5312   win_life.o
      3026        370          0         78          0      11807   win_main.o
      2930        334         95       1776          0       9296   win_menu.o
      1332        216          0         68          0      10319   win_save.o
      1424        214         69        140          0       9088   win_systemset.o
      1164        180          0         72          0      10150   win_usart.o

    ----------------------------------------------------------------------
     65260       5486      34788       4240      28716    1284121   Object Totals
         0          0         48          0          0          0   (incl. Generated)
        68          0          5         27          8          0   (incl. Padding)

    ----------------------------------------------------------------------

      Code (inc. data)   RO Data    RW Data    ZI Data      Debug   Library Member Name

        56         12          0          0          0        132   atof.o
        94          0          0          0          0          0   __dclz77c.o
       144          0          0          0          0         88   __strtoll.o
        28          0          0          0          0         68   _chval.o
        64          0          0          0          0         84   _sgetc.o
       158          0          0          0          0         92   _strtoul.o
       194          0          0          0          0         96   _strtoull.o
        26          0          0          0          0         80   atoi.o
        26          0          0          0          0         80   atoll.o
         8          4        133          0          0         68   ctype_o.o
         0          0          0          0          0          0   entry.o
         0          0          0          0          0          0   entry10a.o
         0          0          0          0          0          0   entry11a.o
         8          4          0          0          0          0   entry2.o
         4          0          0          0          0          0   entry5.o
         0          0          0          0          0          0   entry7b.o
         0          0          0          0          0          0   entry8b.o
         8          4          0          0          0          0   entry9a.o
        32         16          0          4          0        204   errno.o
        30          0          0          0          0          0   handlers.o
        36          8          0          0          0         68   init.o
        18          0          0          0          0         76   isspace_o.o
         0          0          0          0          0          0   iusefp.o
        30          0          0          0          0         68   llshl.o
        36          0          0          0          0         68   llsshr.o
        32          0          0          0          0         68   llushr.o
        36          0          0          0          0         68   memcpya.o
        36          0          0          0          0        108   memseta.o
      2346         90          0          0          0        672   printfa.o
       878         12          0          0          0        216   scanf_fp.o
        18          0          0          0          0         68   strcpy.o
        14          0          0          0          0         68   strlen.o
       156         12          0          0          0        120   strtod.o
       112          0          0          0          0         88   strtol.o
        44          0          0          0          0         80   uidiv.o
        98          0          0          0          0         92   uldiv.o
        48          0          0          0          0         68   cdrcmple.o
        56          0          0          0          0         88   d2f.o
       334          0          0          0          0        148   dadd.o
       222          0          0          0          0        100   ddiv.o
       186          0          0          0          0        176   depilogue.o
        48          0          0          0          0         68   dfixul.o
        40          0          0          0          0         80   dfltl.o
        26          0          0          0          0         76   dfltui.o
        24          0          0          0          0         76   dfltul.o
       228          0          0          0          0         96   dmul.o
        38          0          0          0          0         68   f2d.o
       110          0          0          0          0        168   fepilogue.o
        44          0          0          0          0         92   ffltl.o

    ----------------------------------------------------------------------
      6184        162        136          4          0       4224   Library Totals
        10          0          3          0          0          0   (incl. Padding)

    ----------------------------------------------------------------------

      Code (inc. data)   RO Data    RW Data    ZI Data      Debug   Library Name

        56         12          0          0          0        132   m_wm.l
      4714        150        133          4          0       2788   mc_w.l
      1404          0          0          0          0       1304   mf_w.l

    ----------------------------------------------------------------------
      6184        162        136          4          0       4224   Library Totals

    ----------------------------------------------------------------------

==============================================================================


      Code (inc. data)   RO Data    RW Data    ZI Data      Debug   

     71444       5648      34924       4244      28716    1243793   Grand Totals
     71444       5648      34924       1244      28716    1243793   ELF Image Totals (compressed)
     71444       5648      34924       1244          0          0   ROM Totals

==============================================================================

    Total RO  Size (Code + RO Data)               106368 ( 103.88kB)
    Total RW  Size (RW Data + ZI Data)             32960 (  32.19kB)
    Total ROM Size (Code + RO Data + RW Data)     107612 ( 105.09kB)

==============================================================================

